Component: ARM Compiler 5.06 update 6 (build 750) Tool: armlink [4d35ed]

==============================================================================

Section Cross References

    startup_stm32f405xx.o(RESET) refers to startup_stm32f405xx.o(STACK) for __initial_sp
    startup_stm32f405xx.o(RESET) refers to startup_stm32f405xx.o(.text) for Reset_Handler
    startup_stm32f405xx.o(RESET) refers to stm32f4xx_it.o(i.NMI_Handler) for NMI_Handler
    startup_stm32f405xx.o(RESET) refers to stm32f4xx_it.o(i.HardFault_Handler) for HardFault_Handler
    startup_stm32f405xx.o(RESET) refers to stm32f4xx_it.o(i.MemManage_Handler) for MemManage_Handler
    startup_stm32f405xx.o(RESET) refers to stm32f4xx_it.o(i.BusFault_Handler) for BusFault_Handler
    startup_stm32f405xx.o(RESET) refers to stm32f4xx_it.o(i.UsageFault_Handler) for UsageFault_Handler
    startup_stm32f405xx.o(RESET) refers to stm32f4xx_it.o(i.SVC_Handler) for SVC_Handler
    startup_stm32f405xx.o(RESET) refers to stm32f4xx_it.o(i.DebugMon_Handler) for DebugMon_Handler
    startup_stm32f405xx.o(RESET) refers to stm32f4xx_it.o(i.PendSV_Handler) for PendSV_Handler
    startup_stm32f405xx.o(RESET) refers to stm32f4xx_it.o(i.SysTick_Handler) for SysTick_Handler
    startup_stm32f405xx.o(RESET) refers to stm32f4xx_it.o(i.DMA1_Stream0_IRQHandler) for DMA1_Stream0_IRQHandler
    startup_stm32f405xx.o(RESET) refers to stm32f4xx_it.o(i.DMA1_Stream1_IRQHandler) for DMA1_Stream1_IRQHandler
    startup_stm32f405xx.o(RESET) refers to stm32f4xx_it.o(i.DMA1_Stream2_IRQHandler) for DMA1_Stream2_IRQHandler
    startup_stm32f405xx.o(RESET) refers to stm32f4xx_it.o(i.DMA1_Stream3_IRQHandler) for DMA1_Stream3_IRQHandler
    startup_stm32f405xx.o(RESET) refers to stm32f4xx_it.o(i.DMA1_Stream4_IRQHandler) for DMA1_Stream4_IRQHandler
    startup_stm32f405xx.o(RESET) refers to stm32f4xx_it.o(i.DMA1_Stream6_IRQHandler) for DMA1_Stream6_IRQHandler
    startup_stm32f405xx.o(RESET) refers to stm32f4xx_it.o(i.CAN1_TX_IRQHandler) for CAN1_TX_IRQHandler
    startup_stm32f405xx.o(RESET) refers to stm32f4xx_it.o(i.CAN1_RX0_IRQHandler) for CAN1_RX0_IRQHandler
    startup_stm32f405xx.o(RESET) refers to stm32f4xx_it.o(i.USART1_IRQHandler) for USART1_IRQHandler
    startup_stm32f405xx.o(RESET) refers to stm32f4xx_it.o(i.USART3_IRQHandler) for USART3_IRQHandler
    startup_stm32f405xx.o(RESET) refers to stm32f4xx_it.o(i.DMA1_Stream7_IRQHandler) for DMA1_Stream7_IRQHandler
    startup_stm32f405xx.o(RESET) refers to stm32f4xx_it.o(i.TIM5_IRQHandler) for TIM5_IRQHandler
    startup_stm32f405xx.o(RESET) refers to stm32f4xx_it.o(i.UART4_IRQHandler) for UART4_IRQHandler
    startup_stm32f405xx.o(RESET) refers to stm32f4xx_it.o(i.UART5_IRQHandler) for UART5_IRQHandler
    startup_stm32f405xx.o(RESET) refers to stm32f4xx_it.o(i.DMA2_Stream2_IRQHandler) for DMA2_Stream2_IRQHandler
    startup_stm32f405xx.o(RESET) refers to stm32f4xx_it.o(i.DMA2_Stream6_IRQHandler) for DMA2_Stream6_IRQHandler
    startup_stm32f405xx.o(RESET) refers to stm32f4xx_it.o(i.DMA2_Stream7_IRQHandler) for DMA2_Stream7_IRQHandler
    startup_stm32f405xx.o(RESET) refers to stm32f4xx_it.o(i.USART6_IRQHandler) for USART6_IRQHandler
    startup_stm32f405xx.o(.text) refers to system_stm32f4xx.o(i.SystemInit) for SystemInit
    startup_stm32f405xx.o(.text) refers to entry.o(.ARM.Collect$$$$00000000) for __main
    main.o(i.MX_CAN1_Init) refers to stm32f4xx_hal_can.o(i.HAL_CAN_Init) for HAL_CAN_Init
    main.o(i.MX_CAN1_Init) refers to main.o(i.Error_Handler) for Error_Handler
    main.o(i.MX_CAN1_Init) refers to main.o(.bss) for hcan1
    main.o(i.MX_DMA_Init) refers to stm32f4xx_hal_cortex.o(i.HAL_NVIC_SetPriority) for HAL_NVIC_SetPriority
    main.o(i.MX_DMA_Init) refers to stm32f4xx_hal_cortex.o(i.HAL_NVIC_EnableIRQ) for HAL_NVIC_EnableIRQ
    main.o(i.MX_GPIO_Init) refers to memseta.o(.text) for __aeabi_memclr4
    main.o(i.MX_GPIO_Init) refers to stm32f4xx_hal_gpio.o(i.HAL_GPIO_WritePin) for HAL_GPIO_WritePin
    main.o(i.MX_GPIO_Init) refers to stm32f4xx_hal_gpio.o(i.HAL_GPIO_Init) for HAL_GPIO_Init
    main.o(i.MX_I2C1_Init) refers to stm32f4xx_hal_i2c.o(i.HAL_I2C_Init) for HAL_I2C_Init
    main.o(i.MX_I2C1_Init) refers to main.o(i.Error_Handler) for Error_Handler
    main.o(i.MX_I2C1_Init) refers to main.o(.bss) for hi2c1
    main.o(i.MX_RTC_Init) refers to stm32f4xx_ll_rtc.o(i.LL_RTC_Init) for LL_RTC_Init
    main.o(i.MX_RTC_Init) refers to stm32f4xx_ll_rtc.o(i.LL_RTC_TIME_Init) for LL_RTC_TIME_Init
    main.o(i.MX_RTC_Init) refers to stm32f4xx_ll_rtc.o(i.LL_RTC_DATE_Init) for LL_RTC_DATE_Init
    main.o(i.MX_TIM4_Init) refers to memseta.o(.text) for __aeabi_memclr4
    main.o(i.MX_TIM4_Init) refers to stm32f4xx_hal_tim.o(i.HAL_TIM_Base_Init) for HAL_TIM_Base_Init
    main.o(i.MX_TIM4_Init) refers to main.o(i.Error_Handler) for Error_Handler
    main.o(i.MX_TIM4_Init) refers to stm32f4xx_hal_tim.o(i.HAL_TIM_ConfigClockSource) for HAL_TIM_ConfigClockSource
[...]
    HAL_UART_IRQHandler                      0x08003699   Thumb Code   586  stm32f4xx_hal_uart.o(i.HAL_UART_IRQHandler)
    HAL_UART_Init                            0x080038e9   Thumb Code   114  stm32f4xx_hal_uart.o(i.HAL_UART_Init)
    HAL_UART_MspDeInit                       0x0800395d   Thumb Code   260  stm32f4xx_hal_msp.o(i.HAL_UART_MspDeInit)
    HAL_UART_MspInit                         0x08003a89   Thumb Code  1376  stm32f4xx_hal_msp.o(i.HAL_UART_MspInit)
    HAL_UART_Receive_DMA                     0x08004001   Thumb Code    66  stm32f4xx_hal_uart.o(i.HAL_UART_Receive_DMA)
    HAL_UART_RxCpltCallback                  0x08004043   Thumb Code     2  stm32f4xx_hal_uart.o(i.HAL_UART_RxCpltCallback)
    HAL_UART_RxHalfCpltCallback              0x08004045   Thumb Code     2  stm32f4xx_hal_uart.o(i.HAL_UART_RxHalfCpltCallback)
    HAL_UART_Transmit_DMA                    0x08004049   Thumb Code   142  stm32f4xx_hal_uart.o(i.HAL_UART_Transmit_DMA)
    HAL_UART_TxCpltCallback                  0x080040e5   Thumb Code    78  mavlinkprotocol.o(i.HAL_UART_TxCpltCallback)
    HAL_UART_TxHalfCpltCallback              0x08004155   Thumb Code     2  stm32f4xx_hal_uart.o(i.HAL_UART_TxHalfCpltCallback)
    HardFault_Handler                        0x08004157   Thumb Code     4  stm32f4xx_it.o(i.HardFault_Handler)
    JIG_TEST_button_configuration            0x080044f5   Thumb Code     2  jig_test_button.o(i.JIG_TEST_button_configuration)
    JIG_TEST_button_process                  0x080045c5   Thumb Code     8  jig_test_button.o(i.JIG_TEST_button_process)
    JIG_TEST_button_state_back_to_scan_new_barCode 0x08004615   Thumb Code    22  jig_test_button.o(i.JIG_TEST_button_state_back_to_scan_new_barCode)
    JIG_TEST_button_state_feed_back_imu      0x08004631   Thumb Code    22  jig_test_button.o(i.JIG_TEST_button_state_feed_back_imu)
    JIG_TEST_can_dji_configuration           0x0800472d   Thumb Code    34  jig_test_can_dji_.o(i.JIG_TEST_can_dji_configuration)
    JIG_TEST_can_dji_process                 0x08004785   Thumb Code    12  jig_test_can_dji_.o(i.JIG_TEST_can_dji_process)
    JIG_TEST_can_dji_set_move                0x08004879   Thumb Code    26  jig_test_can_dji_.o(i.JIG_TEST_can_dji_set_move)
    JIG_TEST_comm_raspberry_v2_cloudData_configuration 0x08004c11   Thumb Code     2  jig_test_comm_raspberry_v2.o(i.JIG_TEST_comm_raspberry_v2_cloudData_configuration)
    JIG_TEST_comm_raspberry_v2_cloudData_process 0x08004e01   Thumb Code    16  jig_test_comm_raspberry_v2.o(i.JIG_TEST_comm_raspberry_v2_cloudData_process)
    JIG_TEST_console_configuration           0x080051b9   Thumb Code    24  jig_test_console.o(i.JIG_TEST_console_configuration)
    JIG_TEST_console_write                   0x080051dd   Thumb Code    52  jig_test_console.o(i.JIG_TEST_console_write)
    JIG_TEST_display_v2_configuration        0x080053b9   Thumb Code    46  jig_test_display_v2.o(i.JIG_TEST_display_v2_configuration)
    JIG_TEST_display_v2_process              0x08005741   Thumb Code    12  jig_test_display_v2.o(i.JIG_TEST_display_v2_process)
    JIG_TEST_gimbal_FSTD_v2_configuration    0x080071a9   Thumb Code   124  jig_test_gimbal_fstd_v2.o(i.JIG_TEST_gimbal_FSTD_v2_configuration)
    JIG_TEST_gimbal_FSTD_v2_main_process     0x080081d5   Thumb Code    30  jig_test_gimbal_fstd_v2.o(i.JIG_TEST_gimbal_FSTD_v2_main_process)
    JIG_TEST_mavlink_gimbal_com4_set_move    0x08009235   Thumb Code    26  jig_test_mavlink_gimbal.o(i.JIG_TEST_mavlink_gimbal_com4_set_move)
    JIG_TEST_mavlink_gimbal_configuration    0x0800924f   Thumb Code     8  jig_test_mavlink_gimbal.o(i.JIG_TEST_mavlink_gimbal_configuration)
    JIG_TEST_mavlink_gimbal_get_sensor_name  0x080092d5   Thumb Code    30  jig_test_mavlink_gimbal.o(i.JIG_TEST_mavlink_gimbal_get_sensor_name)
    JIG_TEST_mavlink_gimbal_get_state_calib_imu 0x080092f9   Thumb Code     8  jig_test_mavlink_gimbal.o(i.JIG_TEST_mavlink_gimbal_get_state_calib_imu)
    JIG_TEST_mavlink_gimbal_get_state_calib_motor 0x08009305   Thumb Code     8  jig_test_mavlink_gimbal.o(i.JIG_TEST_mavlink_gimbal_get_state_calib_motor)
    JIG_TEST_mavlink_gimbal_process          0x08009b6d   Thumb Code    16  jig_test_mavlink_gimbal.o(i.JIG_TEST_mavlink_gimbal_process)
    JIG_TEST_mavlink_gimbal_send_param_request_read 0x08009e35   Thumb Code    18  jig_test_mavlink_gimbal.o(i.JIG_TEST_mavlink_gimbal_send_param_request_read)
    JIG_TEST_mavlink_gimbal_set_control_motor 0x08009e47   Thumb Code    14  jig_test_mavlink_gimbal.o(i.JIG_TEST_mavlink_gimbal_set_control_motor)
    JIG_TEST_mavlink_gimbal_set_home         0x08009e55   Thumb Code    10  jig_test_mavlink_gimbal.o(i.JIG_TEST_mavlink_gimbal_set_home)
    JIG_TEST_mavlink_gimbal_set_mode         0x08009e5f   Thumb Code    14  jig_test_mavlink_gimbal.o(i.JIG_TEST_mavlink_gimbal_set_mode)
    JIG_TEST_mavlink_gimbal_set_move         0x08009e6d   Thumb Code    26  jig_test_mavlink_gimbal.o(i.JIG_TEST_mavlink_gimbal_set_move)
    JIG_TEST_mavlink_gimbal_set_param        0x08009e87   Thumb Code    18  jig_test_mavlink_gimbal.o(i.JIG_TEST_mavlink_gimbal_set_param)
    JIG_TEST_mavlink_gimbal_set_rc_input     0x08009e99   Thumb Code    14  jig_test_mavlink_gimbal.o(i.JIG_TEST_mavlink_gimbal_set_rc_input)
    JIG_TEST_mavlink_serialPort3_Reinit      0x08009ea7   Thumb Code    18  jig_test_mavlink_gimbal.o(i.JIG_TEST_mavlink_serialPort3_Reinit)
    JIG_TEST_mavlink_serialPort5_Reinit      0x08009eb9   Thumb Code    18  jig_test_mavlink_gimbal.o(i.JIG_TEST_mavlink_serialPort5_Reinit)
    JIG_TEST_ppm_gimbal_configuration        0x0800a079   Thumb Code     8  jig_test_ppm_gimbal.o(i.JIG_TEST_ppm_gimbal_configuration)
    JIG_TEST_ppm_gimbal_enable               0x0800a081   Thumb Code    20  jig_test_ppm_gimbal.o(i.JIG_TEST_ppm_gimbal_enable)
    JIG_TEST_ppm_gimbal_process              0x0800a095   Thumb Code    36  jig_test_ppm_gimbal.o(i.JIG_TEST_ppm_gimbal_process)
    JIG_TEST_rtc_get_value_from_backup_register 0x0800a109   Thumb Code    18  jig_test_rtc.o(i.JIG_TEST_rtc_get_value_from_backup_register)
    JIG_TEST_rtc_storage_register_value      0x0800a121   Thumb Code    40  jig_test_rtc.o(i.JIG_TEST_rtc_storage_register_value)
    JIG_TEST_sbus_gimbal_configuration       0x0800a2f1   Thumb Code     8  jig_test_sbus_gimbal.o(i.JIG_TEST_sbus_gimbal_configuration)
    JIG_TEST_sbus_gimbal_enable              0x0800a2f9   Thumb Code    38  jig_test_sbus_gimbal.o(i.JIG_TEST_sbus_gimbal_enable)
    JIG_TEST_sbus_gimbal_process             0x0800a329   Thumb Code    40  jig_test_sbus_gimbal.o(i.JIG_TEST_sbus_gimbal_process)
    LL_RTC_DATE_Init                         0x0800a6c1   Thumb Code   214  stm32f4xx_ll_rtc.o(i.LL_RTC_DATE_Init)
    LL_RTC_EnterInitMode                     0x0800a7b5   Thumb Code    80  stm32f4xx_ll_rtc.o(i.LL_RTC_EnterInitMode)
    LL_RTC_Init                              0x0800a80f   Thumb Code    86  stm32f4xx_ll_rtc.o(i.LL_RTC_Init)
    LL_RTC_TIME_Init                         0x0800a8cd   Thumb Code   224  stm32f4xx_ll_rtc.o(i.LL_RTC_TIME_Init)
    LL_RTC_WaitForSynchro                    0x0800a9b1   Thumb Code   136  stm32f4xx_ll_rtc.o(i.LL_RTC_WaitForSynchro)
    MemManage_Handler                        0x0800b021   Thumb Code     4  stm32f4xx_it.o(i.MemManage_Handler)
    NMI_Handler                              0x0800b025   Thumb Code     4  stm32f4xx_it.o(i.NMI_Handler)
    PendSV_Handler                           0x0800b029   Thumb Code     2  stm32f4xx_it.o(i.PendSV_Handler)
    SVC_Handler                              0x0800b02b   Thumb Code     2  stm32f4xx_it.o(i.SVC_Handler)
    SysTick_Handler                          0x0800b02d   Thumb Code     8  stm32f4xx_it.o(i.SysTick_Handler)
    SystemClock_Config                       0x0800b035   Thumb Code   204  main.o(i.SystemClock_Config)
    SystemInit                               0x0800b109   Thumb Code    14  system_stm32f4xx.o(i.SystemInit)
    TIM5_IRQHandler                          0x0800b11d   Thumb Code    10  stm32f4xx_it.o(i.TIM5_IRQHandler)
    TIM_Base_SetConfig                       0x0800b12d   Thumb Code   170  stm32f4xx_hal_tim.o(i.TIM_Base_SetConfig)
    TIM_CCxChannelCmd                        0x0800b205   Thumb Code    34  stm32f4xx_hal_tim.o(i.TIM_CCxChannelCmd)
    TIM_ETR_SetConfig                        0x0800b227   Thumb Code    22  stm32f4xx_hal_tim.o(i.TIM_ETR_SetConfig)
    TIM_OC2_SetConfig                        0x0800b2c1   Thumb Code   114  stm32f4xx_hal_tim.o(i.TIM_OC2_SetConfig)
    UART4_IRQHandler                         0x0800b459   Thumb Code    10  stm32f4xx_it.o(i.UART4_IRQHandler)
    UART5_IRQHandler                         0x0800b469   Thumb Code    10  stm32f4xx_it.o(i.UART5_IRQHandler)
    UART_Start_Receive_DMA                   0x0800b8fd   Thumb Code   138  stm32f4xx_hal_uart.o(i.UART_Start_Receive_DMA)
    USART1_IRQHandler                        0x0800b9f5   Thumb Code    10  stm32f4xx_it.o(i.USART1_IRQHandler)
    USART3_IRQHandler                        0x0800ba05   Thumb Code    10  stm32f4xx_it.o(i.USART3_IRQHandler)
    USART6_IRQHandler                        0x0800ba15   Thumb Code    10  stm32f4xx_it.o(i.USART6_IRQHandler)
    UsageFault_Handler                       0x0800ba25   Thumb Code     4  stm32f4xx_it.o(i.UsageFault_Handler)
    __0printf                                0x0800ba29   Thumb Code    22  printfa.o(i.__0printf)
    __1printf                                0x0800ba29   Thumb Code     0  printfa.o(i.__0printf)
    __2printf                                0x0800ba29   Thumb Code     0  printfa.o(i.__0printf)
    __c89printf                              0x0800ba29   Thumb Code     0  printfa.o(i.__0printf)
    printf                                   0x0800ba29   Thumb Code     0  printfa.o(i.__0printf)
    __0sprintf                               0x0800ba49   Thumb Code    34  printfa.o(i.__0sprintf)
    __1sprintf                               0x0800ba49   Thumb Code     0  printfa.o(i.__0sprintf)
    __2sprintf                               0x0800ba49   Thumb Code     0  printfa.o(i.__0sprintf)
    __c89sprintf                             0x0800ba49   Thumb Code     0  printfa.o(i.__0sprintf)
    sprintf                                  0x0800ba49   Thumb Code     0  printfa.o(i.__0sprintf)
    __hardfp_sqrt                            0x0800baa9   Thumb Code   122  sqrt.o(i.__hardfp_sqrt)
    __scatterload_copy                       0x0800bb23   Thumb Code    14  handlers.o(i.__scatterload_copy)
    __scatterload_null                       0x0800bb31   Thumb Code     2  handlers.o(i.__scatterload_null)
    __scatterload_zeroinit                   0x0800bb33   Thumb Code    14  handlers.o(i.__scatterload_zeroinit)
    __set_errno                              0x0800bb41   Thumb Code     6  errno.o(i.__set_errno)
    _mav_trim_payload                        0x0800bcd9   Thumb Code    24  mavlinkprotocol.o(i._mav_trim_payload)
    _mavlink_send_uart                       0x0800bcf1   Thumb Code    20  mavlinkprotocol.o(i._mavlink_send_uart)
    can_dji_cmd_gimbal_control_msg_pack      0x0800c43d   Thumb Code    62  can_dji_gimbal.o(i.can_dji_cmd_gimbal_control_msg_pack)
    can_dji_cmd_remote_control_gimbal_msg_pack 0x0800c585   Thumb Code    62  can_dji_remote.o(i.can_dji_cmd_remote_control_gimbal_msg_pack)
    can_dji_handle                           0x0800c5c3   Thumb Code    56  can_dji.o(i.can_dji_handle)
    can_gimbal_handle                        0x0800c5fd   Thumb Code   120  can_dji_gimbal.o(i.can_gimbal_handle)
    can_handle_remote_button                 0x0800c67d   Thumb Code    62  can_dji_remote.o(i.can_handle_remote_button)
    comm_send_buffer                         0x0800c6c1   Thumb Code    68  mavlinkprotocol.o(i.comm_send_buffer)
    fputc                                    0x0800c785   Thumb Code    18  fputc.o(i.fputc)
    free                                     0x0800c799   Thumb Code    76  malloc.o(i.free)
    get_timeOut                              0x0800c7e9   Thumb Code    44  timeout.o(i.get_timeOut)
    gs_can_coppy                             0x0800c819   Thumb Code    26  can_dji_protocol.o(i.gs_can_coppy)
    gs_can_crc8                              0x0800c835   Thumb Code    42  can_dji_protocol.o(i.gs_can_crc8)
    gs_can_msg_pack                          0x0800c8bd   Thumb Code   130  can_dji_protocol.o(i.gs_can_msg_pack)
    gs_can_parse                             0x0800c93f   Thumb Code   406  can_dji_protocol.o(i.gs_can_parse)
    main                                     0x0800cad5   Thumb Code    74  main.o(i.main)
    malloc                                   0x0800cb21   Thumb Code    92  malloc.o(i.malloc)
    mavlinkProtocol_init                     0x0800cbad   Thumb Code    22  mavlinkprotocol.o(i.mavlinkProtocol_init)
    mavlinkProtocol_serialPort3_Deinit       0x0800cbc5   Thumb Code    14  mavlinkprotocol.o(i.mavlinkProtocol_serialPort3_Deinit)
    mavlinkProtocol_serialPort3_init         0x0800cbd9   Thumb Code    38  mavlinkprotocol.o(i.mavlinkProtocol_serialPort3_init)
    mavlinkProtocol_serialPort3_readData     0x0800cc11   Thumb Code    74  mavlinkprotocol.o(i.mavlinkProtocol_serialPort3_readData)
    mavlinkProtocol_serialPort4_init         0x0800cc61   Thumb Code    38  mavlinkprotocol.o(i.mavlinkProtocol_serialPort4_init)
    mavlinkProtocol_serialPort4_readData     0x0800cc99   Thumb Code    74  mavlinkprotocol.o(i.mavlinkProtocol_serialPort4_readData)
    mavlinkProtocol_serialPort5_Deinit       0x0800cce9   Thumb Code    14  mavlinkprotocol.o(i.mavlinkProtocol_serialPort5_Deinit)
    mavlinkProtocol_serialPort5_init         0x0800ccfd   Thumb Code    38  mavlinkprotocol.o(i.mavlinkProtocol_serialPort5_init)
    mavlinkProtocol_serialPort5_readData     0x0800cd35   Thumb Code    74  mavlinkprotocol.o(i.mavlinkProtocol_serialPort5_readData)
    mavlink_finalize_message                 0x0800cd85   Thumb Code    36  mavlinkprotocol.o(i.mavlink_finalize_message)
    mavlink_finalize_message_buffer          0x0800cda9   Thumb Code   344  mavlinkprotocol.o(i.mavlink_finalize_message_buffer)
    mavlink_finalize_message_chan            0x0800cf01   Thumb Code    48  mavlinkprotocol.o(i.mavlink_finalize_message_chan)
    mavlink_frame_char                       0x0800cf31   Thumb Code    44  mavlinkprotocol.o(i.mavlink_frame_char)
    mavlink_frame_char_buffer                0x0800cf5d   Thumb Code   852  mavlinkprotocol.o(i.mavlink_frame_char_buffer)
    mavlink_get_channel_buffer               0x0800d2b1   Thumb Code    18  mavlinkprotocol.o(i.mavlink_get_channel_buffer)
    mavlink_get_channel_status               0x0800d2c9   Thumb Code    14  mavlinkprotocol.o(i.mavlink_get_channel_status)
    mavlink_get_msg_entry                    0x0800d2dd   Thumb Code    92  mavlinkprotocol.o(i.mavlink_get_msg_entry)
    mavlink_msg_to_send_buffer               0x0800d597   Thumb Code   210  mavlinkprotocol.o(i.mavlink_msg_to_send_buffer)
    mavlink_parse_char                       0x0800d669   Thumb Code    92  mavlinkprotocol.o(i.mavlink_parse_char)
    mavlink_sha256_final_48                  0x0800d8a5   Thumb Code   170  mavlinkprotocol.o(i.mavlink_sha256_final_48)
    mavlink_sha256_init                      0x0800d951   Thumb Code    40  mavlinkprotocol.o(i.mavlink_sha256_init)
    mavlink_sha256_update                    0x0800d999   Thumb Code   152  mavlinkprotocol.o(i.mavlink_sha256_update)
    mavlink_sign_packet                      0x0800da31   Thumb Code   150  mavlinkprotocol.o(i.mavlink_sign_packet)
    mavlink_signature_check                  0x0800dac9   Thumb Code   382  mavlinkprotocol.o(i.mavlink_signature_check)
    mavlink_start_checksum                   0x0800dc4d   Thumb Code    12  mavlinkprotocol.o(i.mavlink_start_checksum)
    mavlink_update_checksum                  0x0800dc59   Thumb Code    16  mavlinkprotocol.o(i.mavlink_update_checksum)
    ppm_configuration                        0x0800dc69   Thumb Code    90  ppm.o(i.ppm_configuration)
    ppm_disable                              0x0800dcd5   Thumb Code    18  ppm.o(i.ppm_disable)
    ppm_enable                               0x0800dced   Thumb Code    18  ppm.o(i.ppm_enable)
    ppm_set_channel                          0x0800dd05   Thumb Code   104  ppm.o(i.ppm_set_channel)
    serialPort_read                          0x0800dd71   Thumb Code   104  serialport.o(i.serialPort_read)
    serialPort_read_byte_count               0x0800ddd9   Thumb Code    48  serialport.o(i.serialPort_read_byte_count)
    serialPort_send                          0x0800de09   Thumb Code   108  serialport.o(i.serialPort_send)
    serialPort_tx_finish                     0x0800de95   Thumb Code    62  serialport.o(i.serialPort_tx_finish)
    serialPort_write                         0x0800ded3   Thumb Code   132  serialport.o(i.serialPort_write)
    serialPort_write_list                    0x0800df57   Thumb Code    64  serialport.o(i.serialPort_write_list)
    ssd1306_DrawPixel                        0x0800df99   Thumb Code   164  ssd1306.o(i.ssd1306_DrawPixel)
    ssd1306_Fill                             0x0800e045   Thumb Code    28  ssd1306.o(i.ssd1306_Fill)
    ssd1306_Init                             0x0800e065   Thumb Code   218  ssd1306.o(i.ssd1306_Init)
    ssd1306_Reset                            0x0800e149   Thumb Code     2  ssd1306.o(i.ssd1306_Reset)
    ssd1306_SetContrast                      0x0800e14b   Thumb Code    20  ssd1306.o(i.ssd1306_SetContrast)
    ssd1306_SetCursor                        0x0800e161   Thumb Code     8  ssd1306.o(i.ssd1306_SetCursor)
    ssd1306_SetDisplayOn                     0x0800e16d   Thumb Code    32  ssd1306.o(i.ssd1306_SetDisplayOn)
    ssd1306_UpdateScreen                     0x0800e191   Thumb Code    52  ssd1306.o(i.ssd1306_UpdateScreen)
    ssd1306_WriteChar                        0x0800e1c9   Thumb Code   184  ssd1306.o(i.ssd1306_WriteChar)
    ssd1306_WriteCommand                     0x0800e285   Thumb Code    34  ssd1306.o(i.ssd1306_WriteCommand)
    ssd1306_WriteData                        0x0800e2ad   Thumb Code    32  ssd1306.o(i.ssd1306_WriteData)
    ssd1306_WriteString                      0x0800e2d1   Thumb Code    44  ssd1306.o(i.ssd1306_WriteString)
    timeOut_configuration                    0x0800e2fd   Thumb Code    10  timeout.o(i.timeOut_configuration)
    AHBPrescTable                            0x0800e328   Data          16  system_stm32f4xx.o(.constdata)
    APBPrescTable                            0x0800e338   Data           8  system_stm32f4xx.o(.constdata)
    Region$$Table$$Base                      0x08012d28   Number         0  anon$$obj.o(Region$$Table)
    Region$$Table$$Limit                     0x08012d48   Number         0  anon$$obj.o(Region$$Table)
    uwTick                                   0x20000000   Data           4  stm32f4xx_hal.o(.data)
    uwTickPrio                               0x20000004   Data           4  stm32f4xx_hal.o(.data)
    uwTickFreq                               0x20000008   Data           1  stm32f4xx_hal.o(.data)
    SystemCoreClock                          0x2000000c   Data           4  system_stm32f4xx.o(.data)
    aSRC_Buffer                              0x20000010   Data          36  ppm.o(.data)
    button_private                           0x2000004c   Data           3  jig_test_button.o(.data)
    str                                      0x20000050   Data           4  jig_test_button.o(.data)
    comm_raspberry_private                   0x20000058   Data           2  jig_test_comm_raspberry_v2.o(.data)
    gimbal_param_setting                     0x20000070   Data         464  jig_test_gimbal_fstd_v2.o(.data)
    JIG_TEST_setting_param_test_for_t3v3     0x20000240   Data         116  jig_test_gimbal_fstd_v2.o(.data)
    JIG_TEST_setting_param_test_for_s1v3     0x200002b4   Data         116  jig_test_gimbal_fstd_v2.o(.data)
    JIG_TEST_setting_param_test_for_t7       0x20000328   Data         116  jig_test_gimbal_fstd_v2.o(.data)
    gimbal_user_profile_ship                 0x2000039c   Data         704  jig_test_gimbal_fstd_v2.o(.data)
    JIG_TEST_gimbal_user_profile_ship_T3     0x2000065c   Data         132  jig_test_gimbal_fstd_v2.o(.data)
    JIG_TEST_gimbal_user_profile_ship_S1v3   0x200006e0   Data         132  jig_test_gimbal_fstd_v2.o(.data)
    JIG_TEST_gimbal_user_profile_ship_T7     0x20000764   Data         132  jig_test_gimbal_fstd_v2.o(.data)
    JGI_TEST_DISPLAY_LINE_ONE_Y              0x20000858   Data           1  jig_test_display_v2.o(.data)
    JGI_TEST_DISPLAY_LINE_TWO_Y              0x20000859   Data           1  jig_test_display_v2.o(.data)
    JGI_TEST_DISPLAY_LINE_THREE_Y            0x2000085a   Data           1  jig_test_display_v2.o(.data)
    JGI_TEST_DISPLAY_LINE_FOUR_Y             0x2000085b   Data           1  jig_test_display_v2.o(.data)
    JGI_TEST_DISPLAY_LINE_FIVE_Y             0x2000085c   Data           1  jig_test_display_v2.o(.data)
    gremsy_device                            0x20000860   Data          88  jig_test_display_v2.o(.data)
    Font_6x8                                 0x200008c8   Data           8  ssd1306_fonts.o(.data)
    Font_7x10                                0x200008d0   Data           8  ssd1306_fonts.o(.data)
    Font_11x18                               0x200008d8   Data           8  ssd1306_fonts.o(.data)
    Font_16x26                               0x200008e0   Data           8  ssd1306_fonts.o(.data)
    __stdout                                 0x200008e8   Data           4  stdout.o(.data)
    __microlib_freelist                      0x200008ec   Data           4  mvars.o(.data)
    __microlib_freelist_initialised          0x200008f0   Data           4  mvars.o(.data)
    hcan1                                    0x200008f8   Data          40  main.o(.bss)
    hi2c1                                    0x20000920   Data          84  main.o(.bss)
    htim4                                    0x20000974   Data          72  main.o(.bss)
    htim5                                    0x200009bc   Data          72  main.o(.bss)
    hdma_tim4_up                             0x20000a04   Data          96  main.o(.bss)
    huart4                                   0x20000a64   Data          68  main.o(.bss)
    huart5                                   0x20000aa8   Data          68  main.o(.bss)
    huart1                                   0x20000aec   Data          68  main.o(.bss)
    huart3                                   0x20000b30   Data          68  main.o(.bss)
    huart6                                   0x20000b74   Data          68  main.o(.bss)
    hdma_uart4_tx                            0x20000bb8   Data          96  main.o(.bss)
    hdma_uart4_rx                            0x20000c18   Data          96  main.o(.bss)
    hdma_uart5_tx                            0x20000c78   Data          96  main.o(.bss)
    hdma_uart5_rx                            0x20000cd8   Data          96  main.o(.bss)
    hdma_usart1_tx                           0x20000d38   Data          96  main.o(.bss)
    hdma_usart1_rx                           0x20000d98   Data          96  main.o(.bss)
    hdma_usart3_tx                           0x20000df8   Data          96  main.o(.bss)
    hdma_usart3_rx                           0x20000e58   Data          96  main.o(.bss)
    hdma_usart6_tx                           0x20000eb8   Data          96  main.o(.bss)
    ppm_gimbal                               0x20001318   Data          10  jig_test_ppm_gimbal.o(.bss)
    can_dji_private                          0x20001324   Data         356  jig_test_can_dji_.o(.bss)
    gsCanRxMsg                               0x20001488   Data         270  jig_test_can_dji_.o(.bss)
    gsCanRxState                             0x20001598   Data          24  jig_test_can_dji_.o(.bss)
    gsCanTxMsg                               0x200015b0   Data         270  jig_test_can_dji_.o(.bss)
    gsCanTxState                             0x200016c0   Data          24  jig_test_can_dji_.o(.bss)
    dji_system                               0x200016d8   Data         164  jig_test_can_dji_.o(.bss)
    channels_w                               0x2000177c   Data          32  jig_test_sbus_gimbal.o(.bss)
    sbus_gimbal                              0x2000179c   Data          10  jig_test_sbus_gimbal.o(.bss)
    serial_port3                             0x200017c0   Data        2784  mavlinkprotocol.o(.bss)
    serial_port4                             0x200022a0   Data        2784  mavlinkprotocol.o(.bss)
    serial_port5                             0x20002d80   Data        2784  mavlinkprotocol.o(.bss)
    mavlink_gimbal_COM2                      0x20003ea0   Data         224  jig_test_mavlink_gimbal.o(.bss)
    mavlink_gimbal_COM4                      0x20003f80   Data         224  jig_test_mavlink_gimbal.o(.bss)
    mavlink_comm_rapberry                    0x20004060   Data         224  jig_test_mavlink_gimbal.o(.bss)
    raspberry_msg                            0x20004140   Data          36  jig_test_mavlink_gimbal.o(.bss)
    mav_state_COM2                           0x20004168   Data         320  jig_test_mavlink_gimbal.o(.bss)
    mav_state_COM4                           0x200042a8   Data         320  jig_test_mavlink_gimbal.o(.bss)
    mav_state_comm_raspberry                 0x200043e8   Data         320  jig_test_mavlink_gimbal.o(.bss)
    Console                                  0x20004528   Data        2784  jig_test_console.o(.bss)
    gimbal_FSTD_private                      0x20005008   Data         136  jig_test_gimbal_fstd_v2.o(.bss)
    gimbal_FSTD_global                       0x20005090   Data          60  jig_test_gimbal_fstd_v2.o(.bss)
    display_private                          0x200050cc   Data          12  jig_test_display_v2.o(.bss)
    __heap_base                              0x20005600   Data           0  startup_stm32f405xx.o(HEAP)
    __heap_limit                             0x20005800   Data           0  startup_stm32f405xx.o(HEAP)
    __initial_sp                             0x20005c00   Data           0  startup_stm32f405xx.o(STACK)



==============================================================================

Memory Map of the image

  Image Entry point : 0x08000189

  Load Region LR_IROM1 (Base: 0x08000000, Size: 0x00013640, Max: 0x00100000, ABSOLUTE, COMPRESSED[0x00012fec])

    Execution Region ER_IROM1 (Exec base: 0x08000000, Load base: 0x08000000, Size: 0x00012d48, Max: 0x00100000, ABSOLUTE)

    Exec Addr    Load Addr    Size         Type   Attr      Idx    E Section Name        Object

    0x08000000   0x08000000   0x00000188   Data   RO            3    RESET               startup_stm32f405xx.o
    0x08000188   0x08000188   0x00000000   Code   RO         7140  * .ARM.Collect$$$$00000000  mc_w.l(entry.o)
    0x08000188   0x08000188   0x00000004   Code   RO         7523    .ARM.Collect$$$$00000001  mc_w.l(entry2.o)
    0x0800018c   0x0800018c   0x00000004   Code   RO         7526    .ARM.Collect$$$$00000004  mc_w.l(entry5.o)
    0x08000190   0x08000190   0x00000000   Code   RO         7528    .ARM.Collect$$$$00000008  mc_w.l(entry7b.o)
    0x08000190   0x08000190   0x00000000   Code   RO         7530    .ARM.Collect$$$$0000000A  mc_w.l(entry8b.o)
    0x08000190   0x08000190   0x00000008   Code   RO         7531    .ARM.Collect$$$$0000000B  mc_w.l(entry9a.o)
    0x08000198   0x08000198   0x00000000   Code   RO         7533    .ARM.Collect$$$$0000000D  mc_w.l(entry10a.o)
    0x08000198   0x08000198   0x00000000   Code   RO         7535    .ARM.Collect$$$$0000000F  mc_w.l(entry11a.o)
    0x08000198   0x08000198   0x00000004   Code   RO         7524    .ARM.Collect$$$$00002712  mc_w.l(entry2.o)
    0x0800019c   0x0800019c   0x00000024   Code   RO            4    .text               startup_stm32f405xx.o
    0x080001c0   0x080001c0   0x00000062   Code   RO         7143    .text               mc_w.l(uldiv.o)
    0x08000222   0x08000222   0x00000024   Code   RO         7145    .text               mc_w.l(memcpya.o)
    0x08000246   0x08000246   0x00000024   Code   RO         7147    .text               mc_w.l(memseta.o)
    0x0800026a   0x0800026a   0x0000000e   Code   RO         7151    .text               mc_w.l(strlen.o)
    0x08000278   0x08000278   0x0000001a   Code   RO         7153    .text               mc_w.l(memcmp.o)
    0x08000292   0x08000292   0x00000012   Code   RO         7155    .text               mc_w.l(strcpy.o)
    0x080002a4   0x080002a4   0x0000014e   Code   RO         7448    .text               mf_w.l(dadd.o)
    0x080003f2   0x080003f2   0x000000e4   Code   RO         7450    .text               mf_w.l(dmul.o)
    0x080004d6   0x080004d6   0x000000de   Code   RO         7452    .text               mf_w.l(ddiv.o)
    0x080005b4   0x080005b4   0x00000022   Code   RO         7454    .text               mf_w.l(dflti.o)
    0x080005d6   0x080005d6   0x00000026   Code   RO         7460    .text               mf_w.l(f2d.o)
    0x080005fc   0x080005fc   0x00000030   Code   RO         7462    .text               mf_w.l(cdcmple.o)
    0x0800062c   0x0800062c   0x00000038   Code   RO         7464    .text               mf_w.l(d2f.o)
    0x08000664   0x08000664   0x0000002c   Code   RO         7540    .text               mc_w.l(uidiv.o)
    0x08000690   0x08000690   0x0000001e   Code   RO         7542    .text               mc_w.l(llshl.o)
    0x080006ae   0x080006ae   0x00000020   Code   RO         7544    .text               mc_w.l(llushr.o)
    0x080006ce   0x080006ce   0x00000024   Code   RO         7546    .text               mc_w.l(llsshr.o)
    0x080006f2   0x080006f2   0x00000000   Code   RO         7557    .text               mc_w.l(iusefp.o)
    0x080006f2   0x080006f2   0x0000006e   Code   RO         7558    .text               mf_w.l(fepilogue.o)
    0x08000760   0x08000760   0x000000ba   Code   RO         7560    .text               mf_w.l(depilogue.o)
    0x0800081a   0x0800081a   0x000000a2   Code   RO         7564    .text               mf_w.l(dsqrt.o)
    0x080008bc   0x080008bc   0x00000030   Code   RO         7566    .text               mf_w.l(dfixul.o)
    0x080008ec   0x080008ec   0x00000030   Code   RO         7568    .text               mf_w.l(cdrcmple.o)
    0x0800091c   0x0800091c   0x00000024   Code   RO         7570    .text               mc_w.l(init.o)
    0x08000940   0x08000940   0x00000000   Code   RO         7572    .text               mc_w.l(semi.o)
    0x08000940   0x08000940   0x00000000   Code   RO         7573    .text               mc_w.l(iusesemip.o)
    0x08000940   0x08000940   0x00000056   Code   RO         7582    .text               mc_w.l(__dczerorl2.o)
    0x08000996   0x08000996   0x00000004   Code   RO          265    i.BusFault_Handler  stm32f4xx_it.o
    0x0800099a   0x0800099a   0x00000002   PAD
    0x0800099c   0x0800099c   0x00000010   Code   RO          266    i.CAN1_RX0_IRQHandler  stm32f4xx_it.o
    0x080009ac   0x080009ac   0x00000010   Code   RO          267    i.CAN1_TX_IRQHandler  stm32f4xx_it.o
    0x080009bc   0x080009bc   0x00000010   Code   RO          268    i.DMA1_Stream0_IRQHandler  stm32f4xx_it.o
    0x080009cc   0x080009cc   0x00000010   Code   RO          269    i.DMA1_Stream1_IRQHandler  stm32f4xx_it.o
    0x080009dc   0x080009dc   0x00000010   Code   RO          270    i.DMA1_Stream2_IRQHandler  stm32f4xx_it.o
    0x080009ec   0x080009ec   0x00000010   Code   RO          271    i.DMA1_Stream3_IRQHandler  stm32f4xx_it.o
    0x080009fc   0x080009fc   0x00000010   Code   RO          272    i.DMA1_Stream4_IRQHandler  stm32f4xx_it.o
    0x08000a0c   0x08000a0c   0x00000010   Code   RO          273    i.DMA1_Stream6_IRQHandler  stm32f4xx_it.o
    0x08000a1c   0x08000a1c   0x00000010   Code   RO          274    i.DMA1_Stream7_IRQHandler  stm32f4xx_it.o
    0x08000a2c   0x08000a2c   0x00000010   Code   RO          275    i.DMA2_Stream2_IRQHandler  stm32f4xx_it.o
    0x08000a3c   0x08000a3c   0x00000010   Code   RO          276    i.DMA2_Stream6_IRQHandler  stm32f4xx_it.o
    0x08000a4c   0x08000a4c   0x00000010   Code   RO          277    i.DMA2_Stream7_IRQHandler  stm32f4xx_it.o
    0x08000a5c   0x08000a5c   0x00000034   Code   RO         1276    i.DMA_CalcBaseAndBitshift  stm32f4xx_hal_dma.o
    0x08000a90   0x08000a90   0x000000aa   Code   RO         1277    i.DMA_CheckFifoParam  stm32f4xx_hal_dma.o
    0x08000b3a   0x08000b3a   0x0000002c   Code   RO         1278    i.DMA_SetConfig     stm32f4xx_hal_dma.o
    0x08000b66   0x08000b66   0x00000002   Code   RO          278    i.DebugMon_Handler  stm32f4xx_it.o
    0x08000b68   0x08000b68   0x00000006   Code   RO           13    i.Error_Handler     main.o
    0x08000b6e   0x08000b6e   0x0000002a   Code   RO          539    i.HAL_CAN_ActivateNotification  stm32f4xx_hal_can.o
    0x08000b98   0x08000b98   0x00000156   Code   RO          540    i.HAL_CAN_AddTxMessage  stm32f4xx_hal_can.o
    0x08000cee   0x08000cee   0x00000002   PAD
    0x08000cf0   0x08000cf0   0x00000124   Code   RO          541    i.HAL_CAN_ConfigFilter  stm32f4xx_hal_can.o
    0x08000e14   0x08000e14   0x00000002   Code   RO          544    i.HAL_CAN_ErrorCallback  stm32f4xx_hal_can.o
    0x08000e16   0x08000e16   0x0000017a   Code   RO          547    i.HAL_CAN_GetRxMessage  stm32f4xx_hal_can.o
    0x08000f90   0x08000f90   0x0000024e   Code   RO          551    i.HAL_CAN_IRQHandler  stm32f4xx_hal_can.o
    0x080011de   0x080011de   0x00000174   Code   RO          552    i.HAL_CAN_Init      stm32f4xx_hal_can.o
    0x08001352   0x08001352   0x00000002   PAD
    0x08001354   0x08001354   0x000000a8   Code   RO          458    i.HAL_CAN_MspInit   stm32f4xx_hal_msp.o
    0x080013fc   0x080013fc   0x00000002   Code   RO          559    i.HAL_CAN_RxFifo0FullCallback  stm32f4xx_hal_can.o
    0x080013fe   0x080013fe   0x00000002   PAD
    0x08001400   0x08001400   0x00000068   Code   RO         4533    i.HAL_CAN_RxFifo0MsgPendingCallback  jig_test_can_dji_.o
    0x08001468   0x08001468   0x00000002   Code   RO          561    i.HAL_CAN_RxFifo1FullCallback  stm32f4xx_hal_can.o
    0x0800146a   0x0800146a   0x00000002   Code   RO          562    i.HAL_CAN_RxFifo1MsgPendingCallback  stm32f4xx_hal_can.o
    0x0800146c   0x0800146c   0x00000002   Code   RO          563    i.HAL_CAN_SleepCallback  stm32f4xx_hal_can.o
    0x0800146e   0x0800146e   0x0000005e   Code   RO          564    i.HAL_CAN_Start     stm32f4xx_hal_can.o
    0x080014cc   0x080014cc   0x00000002   Code   RO          566    i.HAL_CAN_TxMailbox0AbortCallback  stm32f4xx_hal_can.o
    0x080014ce   0x080014ce   0x00000002   PAD
    0x080014d0   0x080014d0   0x00000060   Code   RO         4534    i.HAL_CAN_TxMailbox0CompleteCallback  jig_test_can_dji_.o
    0x08001530   0x08001530   0x00000002   Code   RO          568    i.HAL_CAN_TxMailbox1AbortCallback  stm32f4xx_hal_can.o
    0x08001532   0x08001532   0x00000002   Code   RO          569    i.HAL_CAN_TxMailbox1CompleteCallback  stm32f4xx_hal_can.o
    0x08001534   0x08001534   0x00000002   Code   RO          570    i.HAL_CAN_TxMailbox2AbortCallback  stm32f4xx_hal_can.o
    0x08001536   0x08001536   0x00000002   Code   RO          571    i.HAL_CAN_TxMailbox2CompleteCallback  stm32f4xx_hal_can.o
    0x08001538   0x08001538   0x00000002   Code   RO          573    i.HAL_CAN_WakeUpFromRxMsgCallback  stm32f4xx_hal_can.o
    0x0800153a   0x0800153a   0x000000aa   Code   RO         1279    i.HAL_DMA_Abort     stm32f4xx_hal_dma.o
    0x080015e4   0x080015e4   0x00000028   Code   RO         1280    i.HAL_DMA_Abort_IT  stm32f4xx_hal_dma.o
    0x0800160c   0x0800160c   0x00000070   Code   RO         1281    i.HAL_DMA_DeInit    stm32f4xx_hal_dma.o
    0x0800167c   0x0800167c   0x00000240   Code   RO         1284    i.HAL_DMA_IRQHandler  stm32f4xx_hal_dma.o
    0x080018bc   0x080018bc   0x000000ec   Code   RO         1285    i.HAL_DMA_Init      stm32f4xx_hal_dma.o
    0x080019a8   0x080019a8   0x00000092   Code   RO         1289    i.HAL_DMA_Start_IT  stm32f4xx_hal_dma.o
    0x08001a3a   0x08001a3a   0x00000002   PAD
    0x08001a3c   0x08001a3c   0x00000028   Code   RO         1703    i.HAL_Delay         stm32f4xx_hal.o
    0x08001a64   0x08001a64   0x00000164   Code   RO         1169    i.HAL_GPIO_DeInit   stm32f4xx_hal_gpio.o
    0x08001bc8   0x08001bc8   0x00000204   Code   RO         1172    i.HAL_GPIO_Init     stm32f4xx_hal_gpio.o
    0x08001dcc   0x08001dcc   0x00000010   Code   RO         1174    i.HAL_GPIO_ReadPin  stm32f4xx_hal_gpio.o
    0x08001ddc   0x08001ddc   0x00000014   Code   RO         1175    i.HAL_GPIO_TogglePin  stm32f4xx_hal_gpio.o
    0x08001df0   0x08001df0   0x0000000c   Code   RO         1176    i.HAL_GPIO_WritePin  stm32f4xx_hal_gpio.o
    0x08001dfc   0x08001dfc   0x0000000c   Code   RO         1709    i.HAL_GetTick       stm32f4xx_hal.o
    0x08001e08   0x08001e08   0x000001d0   Code   RO         2244    i.HAL_I2C_Init      stm32f4xx_hal_i2c.o
    0x08001fd8   0x08001fd8   0x000001b8   Code   RO         2245    i.HAL_I2C_IsDeviceReady  stm32f4xx_hal_i2c.o
    0x08002190   0x08002190   0x00000164   Code   RO         2265    i.HAL_I2C_Mem_Write  stm32f4xx_hal_i2c.o
    0x080022f4   0x080022f4   0x00000088   Code   RO          460    i.HAL_I2C_MspInit   stm32f4xx_hal_msp.o
    0x0800237c   0x0800237c   0x00000018   Code   RO         1715    i.HAL_IncTick       stm32f4xx_hal.o
    0x08002394   0x08002394   0x0000003c   Code   RO         1716    i.HAL_Init          stm32f4xx_hal.o
    0x080023d0   0x080023d0   0x0000004c   Code   RO         1717    i.HAL_InitTick      stm32f4xx_hal.o
    0x0800241c   0x0800241c   0x00000048   Code   RO          461    i.HAL_MspInit       stm32f4xx_hal_msp.o
    0x08002464   0x08002464   0x00000044   Code   RO         1560    i.HAL_NVIC_DisableIRQ  stm32f4xx_hal_cortex.o
    0x080024a8   0x080024a8   0x00000020   Code   RO         1561    i.HAL_NVIC_EnableIRQ  stm32f4xx_hal_cortex.o
    0x080024c8   0x080024c8   0x0000007c   Code   RO         1567    i.HAL_NVIC_SetPriority  stm32f4xx_hal_cortex.o
    0x08002544   0x08002544   0x00000028   Code   RO         1568    i.HAL_NVIC_SetPriorityGrouping  stm32f4xx_hal_cortex.o
    0x0800256c   0x0800256c   0x000001a0   Code   RO          878    i.HAL_RCCEx_PeriphCLKConfig  stm32f4xx_hal_rcc_ex.o
    0x0800270c   0x0800270c   0x00000184   Code   RO          773    i.HAL_RCC_ClockConfig  stm32f4xx_hal_rcc.o
    0x08002890   0x08002890   0x0000000c   Code   RO          778    i.HAL_RCC_GetHCLKFreq  stm32f4xx_hal_rcc.o
    0x0800289c   0x0800289c   0x00000020   Code   RO          780    i.HAL_RCC_GetPCLK1Freq  stm32f4xx_hal_rcc.o
    0x080028bc   0x080028bc   0x00000020   Code   RO          781    i.HAL_RCC_GetPCLK2Freq  stm32f4xx_hal_rcc.o
    0x080028dc   0x080028dc   0x000000b0   Code   RO          782    i.HAL_RCC_GetSysClockFreq  stm32f4xx_hal_rcc.o
    0x0800298c   0x0800298c   0x0000049c   Code   RO          785    i.HAL_RCC_OscConfig  stm32f4xx_hal_rcc.o
    0x08002e28   0x08002e28   0x00000034   Code   RO         1572    i.HAL_SYSTICK_Config  stm32f4xx_hal_cortex.o
    0x08002e5c   0x08002e5c   0x00000002   Code   RO         3670    i.HAL_TIMEx_BreakCallback  stm32f4xx_hal_tim_ex.o
    0x08002e5e   0x08002e5e   0x00000002   Code   RO         3671    i.HAL_TIMEx_CommutCallback  stm32f4xx_hal_tim_ex.o
    0x08002e60   0x08002e60   0x000000b4   Code   RO         3689    i.HAL_TIMEx_MasterConfigSynchronization  stm32f4xx_hal_tim_ex.o
    0x08002f14   0x08002f14   0x00000066   Code   RO         2955    i.HAL_TIM_Base_Init  stm32f4xx_hal_tim.o
    0x08002f7a   0x08002f7a   0x00000002   PAD
    0x08002f7c   0x08002f7c   0x000000c8   Code   RO          463    i.HAL_TIM_Base_MspInit  stm32f4xx_hal_msp.o
    0x08003044   0x08003044   0x0000009c   Code   RO         2958    i.HAL_TIM_Base_Start  stm32f4xx_hal_tim.o
    0x080030e0   0x080030e0   0x00000108   Code   RO         2964    i.HAL_TIM_ConfigClockSource  stm32f4xx_hal_tim.o
    0x080031e8   0x080031e8   0x00000002   Code   RO         2989    i.HAL_TIM_IC_CaptureCallback  stm32f4xx_hal_tim.o
    0x080031ea   0x080031ea   0x00000196   Code   RO         3003    i.HAL_TIM_IRQHandler  stm32f4xx_hal_tim.o
    0x08003380   0x08003380   0x00000060   Code   RO          464    i.HAL_TIM_MspPostInit  stm32f4xx_hal_msp.o
    0x080033e0   0x080033e0   0x00000002   Code   RO         3006    i.HAL_TIM_OC_DelayElapsedCallback  stm32f4xx_hal_tim.o
    0x080033e2   0x080033e2   0x000000fc   Code   RO         3027    i.HAL_TIM_PWM_ConfigChannel  stm32f4xx_hal_tim.o
    0x080034de   0x080034de   0x00000066   Code   RO         3030    i.HAL_TIM_PWM_Init  stm32f4xx_hal_tim.o
    0x08003544   0x08003544   0x00000002   Code   RO         3032    i.HAL_TIM_PWM_MspInit  stm32f4xx_hal_tim.o
    0x08003546   0x08003546   0x00000002   Code   RO         3033    i.HAL_TIM_PWM_PulseFinishedCallback  stm32f4xx_hal_tim.o
    0x08003548   0x08003548   0x0000010c   Code   RO         3035    i.HAL_TIM_PWM_Start  stm32f4xx_hal_tim.o
    0x08003654   0x08003654   0x00000002   Code   RO         3041    i.HAL_TIM_PeriodElapsedCallback  stm32f4xx_hal_tim.o
    0x08003656   0x08003656   0x00000002   Code   RO         3046    i.HAL_TIM_TriggerCallback  stm32f4xx_hal_tim.o
    0x08003658   0x08003658   0x00000002   Code   RO         3948    i.HAL_UARTEx_RxEventCallback  stm32f4xx_hal_uart.o
    0x0800365a   0x0800365a   0x0000003c   Code   RO         3961    i.HAL_UART_DeInit   stm32f4xx_hal_uart.o
    0x08003696   0x08003696   0x00000002   Code   RO         3962    i.HAL_UART_ErrorCallback  stm32f4xx_hal_uart.o
    0x08003698   0x08003698   0x00000250   Code   RO         3965    i.HAL_UART_IRQHandler  stm32f4xx_hal_uart.o
    0x080038e8   0x080038e8   0x00000072   Code   RO         3966    i.HAL_UART_Init     stm32f4xx_hal_uart.o
    0x0800395a   0x0800395a   0x00000002   PAD
    0x0800395c   0x0800395c   0x0000012c   Code   RO          465    i.HAL_UART_MspDeInit  stm32f4xx_hal_msp.o
    0x08003a88   0x08003a88   0x00000578   Code   RO          466    i.HAL_UART_MspInit  stm32f4xx_hal_msp.o
    0x08004000   0x08004000   0x00000042   Code   RO         3970    i.HAL_UART_Receive_DMA  stm32f4xx_hal_uart.o
    0x08004042   0x08004042   0x00000002   Code   RO         3972    i.HAL_UART_RxCpltCallback  stm32f4xx_hal_uart.o
    0x08004044   0x08004044   0x00000002   Code   RO         3973    i.HAL_UART_RxHalfCpltCallback  stm32f4xx_hal_uart.o
    0x08004046   0x08004046   0x00000002   PAD
    0x08004048   0x08004048   0x0000009c   Code   RO         3975    i.HAL_UART_Transmit_DMA  stm32f4xx_hal_uart.o
    0x080040e4   0x080040e4   0x00000070   Code   RO         4803    i.HAL_UART_TxCpltCallback  mavlinkprotocol.o
    0x08004154   0x08004154   0x00000002   Code   RO         3978    i.HAL_UART_TxHalfCpltCallback  stm32f4xx_hal_uart.o
    0x08004156   0x08004156   0x00000004   Code   RO          279    i.HardFault_Handler  stm32f4xx_it.o
    0x0800415a   0x0800415a   0x0000003e   Code   RO         2287    i.I2C_IsAcknowledgeFailed  stm32f4xx_hal_i2c.o
    0x08004198   0x08004198   0x000000e0   Code   RO         2299    i.I2C_RequestMemoryWrite  stm32f4xx_hal_i2c.o
    0x08004278   0x08004278   0x0000005c   Code   RO         2307    i.I2C_WaitOnBTFFlagUntilTimeout  stm32f4xx_hal_i2c.o
    0x080042d4   0x080042d4   0x00000086   Code   RO         2308    i.I2C_WaitOnFlagUntilTimeout  stm32f4xx_hal_i2c.o
    0x0800435a   0x0800435a   0x000000c4   Code   RO         2309    i.I2C_WaitOnMasterAddressFlagUntilTimeout  stm32f4xx_hal_i2c.o
    0x0800441e   0x0800441e   0x0000005c   Code   RO         2313    i.I2C_WaitOnTXEFlagUntilTimeout  stm32f4xx_hal_i2c.o
    0x0800447a   0x0800447a   0x00000008   Code   RO         6524    i.JGI_TEST_display_UpdateScreen  jig_test_display_v2.o
    0x08004482   0x08004482   0x00000002   PAD
    0x08004484   0x08004484   0x00000070   Code   RO         6525    i.JGI_TEST_display_v2_clear  jig_test_display_v2.o
    0x080044f4   0x080044f4   0x00000002   Code   RO         6070    i.JIG_TEST_button_configuration  jig_test_button.o
    0x080044f6   0x080044f6   0x00000002   PAD
    0x080044f8   0x080044f8   0x00000018   Code   RO         6071    i.JIG_TEST_button_get_event  jig_test_button.o
    0x08004510   0x08004510   0x000000b4   Code   RO         6072    i.JIG_TEST_button_press  jig_test_button.o
    0x080045c4   0x080045c4   0x00000008   Code   RO         6073    i.JIG_TEST_button_process  jig_test_button.o
    0x080045cc   0x080045cc   0x00000048   Code   RO         6074    i.JIG_TEST_button_select_2_mode  jig_test_button.o
    0x08004614   0x08004614   0x0000001c   Code   RO         6075    i.JIG_TEST_button_state_back_to_scan_new_barCode  jig_test_button.o
    0x08004630   0x08004630   0x0000001c   Code   RO         6076    i.JIG_TEST_button_state_feed_back_imu  jig_test_button.o
    0x0800464c   0x0800464c   0x000000e0   Code   RO         4535    i.JIG_TEST_can_dji_Error_Handler  jig_test_can_dji_.o
    0x0800472c   0x0800472c   0x0000002c   Code   RO         4536    i.JIG_TEST_can_dji_configuration  jig_test_can_dji_.o
    0x08004758   0x08004758   0x0000002c   Code   RO         4537    i.JIG_TEST_can_dji_first_send  jig_test_can_dji_.o
    0x08004784   0x08004784   0x0000000c   Code   RO         4538    i.JIG_TEST_can_dji_process  jig_test_can_dji_.o
    0x08004790   0x08004790   0x00000044   Code   RO         4539    i.JIG_TEST_can_dji_sFilterConfig  jig_test_can_dji_.o
    0x080047d4   0x080047d4   0x00000084   Code   RO         4540    i.JIG_TEST_can_dji_send  jig_test_can_dji_.o
    0x08004858   0x08004858   0x00000020   Code   RO         4541    i.JIG_TEST_can_dji_set_default_param  jig_test_can_dji_.o
    0x08004878   0x08004878   0x00000020   Code   RO         4542    i.JIG_TEST_can_dji_set_move  jig_test_can_dji_.o
    0x08004898   0x08004898   0x0000003c   Code   RO         4543    i.JIG_TEST_can_dji_set_rc_channel  jig_test_can_dji_.o
    0x080048d4   0x080048d4   0x00000078   Code   RO         4544    i.JIG_TEST_can_dji_set_remote_button  jig_test_can_dji_.o
    0x0800494c   0x0800494c   0x00000050   Code   RO         4545    i.JIG_TEST_can_dji_start_peripheral  jig_test_can_dji_.o
    0x0800499c   0x0800499c   0x0000009c   Code   RO         4546    i.JIG_TEST_can_dji_test_protocol  jig_test_can_dji_.o
    0x08004a38   0x08004a38   0x00000050   Code   RO         4547    i.JIG_TEST_can_dji_write  jig_test_can_dji_.o
    0x08004a88   0x08004a88   0x00000020   Code   RO         6252    i.JIG_TEST_cloud_Data_get_command_login  jig_test_comm_raspberry_v2.o
    0x08004aa8   0x08004aa8   0x0000002c   Code   RO         6253    i.JIG_TEST_cloud_Data_get_command_result  jig_test_comm_raspberry_v2.o
    0x08004ad4   0x08004ad4   0x0000002c   Code   RO         6254    i.JIG_TEST_cloud_Data_get_command_status  jig_test_comm_raspberry_v2.o
    0x08004b00   0x08004b00   0x00000110   Code   RO         6255    i.JIG_TEST_comm_raspberry_get_heartbeat_ready  jig_test_comm_raspberry_v2.o
    0x08004c10   0x08004c10   0x00000002   Code   RO         6256    i.JIG_TEST_comm_raspberry_v2_cloudData_configuration  jig_test_comm_raspberry_v2.o
    0x08004c12   0x08004c12   0x00000002   PAD
    0x08004c14   0x08004c14   0x000001ec   Code   RO         6257    i.JIG_TEST_comm_raspberry_v2_cloudData_get_command  jig_test_comm_raspberry_v2.o
    0x08004e00   0x08004e00   0x00000010   Code   RO         6258    i.JIG_TEST_comm_raspberry_v2_cloudData_process  jig_test_comm_raspberry_v2.o
    0x08004e10   0x08004e10   0x000000f4   Code   RO         6259    i.JIG_TEST_comm_raspberry_v2_cloud_data_send_value_jig_test  jig_test_comm_raspberry_v2.o
    0x08004f04   0x08004f04   0x0000002c   Code   RO         6260    i.JIG_TEST_comm_raspberry_v2_send_command_result_to_cloudData  jig_test_comm_raspberry_v2.o
    0x08004f30   0x08004f30   0x00000288   Code   RO         6261    i.JIG_TEST_comm_raspberry_v2_send_command_status_to_cloudData  jig_test_comm_raspberry_v2.o
    0x080051b8   0x080051b8   0x00000024   Code   RO         6032    i.JIG_TEST_console_configuration  jig_test_console.o
    0x080051dc   0x080051dc   0x00000048   Code   RO         6033    i.JIG_TEST_console_write  jig_test_console.o
    0x08005224   0x08005224   0x0000002c   Code   RO         6527    i.JIG_TEST_display_get_center_screen  jig_test_display_v2.o
    0x08005250   0x08005250   0x0000003c   Code   RO         6528    i.JIG_TEST_display_get_device_name  jig_test_display_v2.o
    0x0800528c   0x0800528c   0x0000012c   Code   RO         6529    i.JIG_TEST_display_v2_after_reset  jig_test_display_v2.o
    0x080053b8   0x080053b8   0x000000ac   Code   RO         6530    i.JIG_TEST_display_v2_configuration  jig_test_display_v2.o
    0x08005464   0x08005464   0x0000000c   Code   RO         6531    i.JIG_TEST_display_v2_get_scanBarcode_done  jig_test_display_v2.o
    0x08005470   0x08005470   0x00000026   Code   RO         6532    i.JIG_TEST_display_v2_get_string_result  jig_test_display_v2.o
    0x08005496   0x08005496   0x00000002   PAD
    0x08005498   0x08005498   0x0000005c   Code   RO         6533    i.JIG_TEST_display_v2_gimbal_name  jig_test_display_v2.o
    0x080054f4   0x080054f4   0x00000070   Code   RO         6534    i.JIG_TEST_display_v2_gimbal_startup_calib_imu  jig_test_display_v2.o
    0x08005564   0x08005564   0x00000074   Code   RO         6535    i.JIG_TEST_display_v2_gimbal_startup_calib_motor  jig_test_display_v2.o
    0x080055d8   0x080055d8   0x00000120   Code   RO         6536    i.JIG_TEST_display_v2_main_control_process  jig_test_display_v2.o
    0x080056f8   0x080056f8   0x00000048   Code   RO         6537    i.JIG_TEST_display_v2_mode_test  jig_test_display_v2.o
    0x08005740   0x08005740   0x0000000c   Code   RO         6538    i.JIG_TEST_display_v2_process  jig_test_display_v2.o
    0x0800574c   0x0800574c   0x00000050   Code   RO         6539    i.JIG_TEST_display_v2_setting_param_gimbal  jig_test_display_v2.o
    0x0800579c   0x0800579c   0x000001bc   Code   RO         6540    i.JIG_TEST_display_v2_state_done  jig_test_display_v2.o
    0x08005958   0x08005958   0x0000004c   Code   RO         6541    i.JIG_TEST_display_v2_time_test  jig_test_display_v2.o
    0x080059a4   0x080059a4   0x00000050   Code   RO         6542    i.JIG_TEST_display_v2_waitting_for_login  jig_test_display_v2.o
    0x080059f4   0x080059f4   0x00000068   Code   RO         6543    i.JIG_TEST_display_v2_waitting_scan_barCode  jig_test_display_v2.o
    0x08005a5c   0x08005a5c   0x00000034   Code   RO         6544    i.JIG_TEST_display_writeData  jig_test_display_v2.o
    0x08005a90   0x08005a90   0x000000c0   Code   RO         6331    i.JIG_TEST_gimbal_FSTD_all_mode_control_process  jig_test_gimbal_fstd_v2.o
    0x08005b50   0x08005b50   0x00000090   Code   RO         6332    i.JIG_TEST_gimbal_FSTD_apply_mode_test  jig_test_gimbal_fstd_v2.o
    0x08005be0   0x08005be0   0x000000ac   Code   RO         6333    i.JIG_TEST_gimbal_FSTD_back_to_scan_new_barCode  jig_test_gimbal_fstd_v2.o
    0x08005c8c   0x08005c8c   0x0000014c   Code   RO         6334    i.JIG_TEST_gimbal_FSTD_check_mode_test_rc_result  jig_test_gimbal_fstd_v2.o
    0x08005dd8   0x08005dd8   0x000004d4   Code   RO         6335    i.JIG_TEST_gimbal_FSTD_control_angle  jig_test_gimbal_fstd_v2.o
    0x080062ac   0x080062ac   0x0000003c   Code   RO         6336    i.JIG_TEST_gimbal_FSTD_get_gimbal_startup_calib_imu  jig_test_gimbal_fstd_v2.o
    0x080062e8   0x080062e8   0x0000003c   Code   RO         6337    i.JIG_TEST_gimbal_FSTD_get_gimbal_startup_calib_motor  jig_test_gimbal_fstd_v2.o
    0x08006324   0x08006324   0x00000260   Code   RO         6338    i.JIG_TEST_gimbal_FSTD_get_mode_control  jig_test_gimbal_fstd_v2.o
    0x08006584   0x08006584   0x0000016c   Code   RO         6339    i.JIG_TEST_gimbal_FSTD_get_return_home  jig_test_gimbal_fstd_v2.o
    0x080066f0   0x080066f0   0x0000018c   Code   RO         6340    i.JIG_TEST_gimbal_FSTD_mode_test_process  jig_test_gimbal_fstd_v2.o
    0x0800687c   0x0800687c   0x0000031c   Code   RO         6341    i.JIG_TEST_gimbal_FSTD_request_param_gimbal  jig_test_gimbal_fstd_v2.o
    0x08006b98   0x08006b98   0x00000094   Code   RO         6342    i.JIG_TEST_gimbal_FSTD_run_feed_back_imu  jig_test_gimbal_fstd_v2.o
    0x08006c2c   0x08006c2c   0x00000190   Code   RO         6343    i.JIG_TEST_gimbal_FSTD_setting_param_test  jig_test_gimbal_fstd_v2.o
    0x08006dbc   0x08006dbc   0x000001c4   Code   RO         6344    i.JIG_TEST_gimbal_FSTD_timeOut_connection_gimbal_COM2  jig_test_gimbal_fstd_v2.o
    0x08006f80   0x08006f80   0x000001f0   Code   RO         6345    i.JIG_TEST_gimbal_FSTD_v2_aux_test  jig_test_gimbal_fstd_v2.o
    0x08007170   0x08007170   0x00000038   Code   RO         6346    i.JIG_TEST_gimbal_FSTD_v2_check_result  jig_test_gimbal_fstd_v2.o
    0x080071a8   0x080071a8   0x000000bc   Code   RO         6347    i.JIG_TEST_gimbal_FSTD_v2_configuration  jig_test_gimbal_fstd_v2.o
    0x08007264   0x08007264   0x00000c80   Code   RO         6348    i.JIG_TEST_gimbal_FSTD_v2_control_process  jig_test_gimbal_fstd_v2.o
    0x08007ee4   0x08007ee4   0x000002a8   Code   RO         6349    i.JIG_TEST_gimbal_FSTD_v2_copy_profile_ship_follow_gimbal_id  jig_test_gimbal_fstd_v2.o
    0x0800818c   0x0800818c   0x0000000c   Code   RO         6350    i.JIG_TEST_gimbal_FSTD_v2_get_cloudData_heartbeatReady  jig_test_gimbal_fstd_v2.o
    0x08008198   0x08008198   0x0000000c   Code   RO         6351    i.JIG_TEST_gimbal_FSTD_v2_get_cloudData_login  jig_test_gimbal_fstd_v2.o
    0x080081a4   0x080081a4   0x0000000c   Code   RO         6352    i.JIG_TEST_gimbal_FSTD_v2_get_cloudData_scan_barCode  jig_test_gimbal_fstd_v2.o
    0x080081b0   0x080081b0   0x0000000c   Code   RO         6353    i.JIG_TEST_gimbal_FSTD_v2_get_cloudData_start  jig_test_gimbal_fstd_v2.o
    0x080081bc   0x080081bc   0x0000000c   Code   RO         6354    i.JIG_TEST_gimbal_FSTD_v2_get_cmd_reset_system  jig_test_gimbal_fstd_v2.o
    0x080081c8   0x080081c8   0x0000000c   Code   RO         6355    i.JIG_TEST_gimbal_FSTD_v2_get_reset_system  jig_test_gimbal_fstd_v2.o
    0x080081d4   0x080081d4   0x0000001e   Code   RO         6356    i.JIG_TEST_gimbal_FSTD_v2_main_process  jig_test_gimbal_fstd_v2.o
    0x080081f2   0x080081f2   0x00000002   PAD
    0x080081f4   0x080081f4   0x00000494   Code   RO         6357    i.JIG_TEST_gimbal_FSTD_v2_request_param_profile_ship  jig_test_gimbal_fstd_v2.o
    0x08008688   0x08008688   0x000002d0   Code   RO         6358    i.JIG_TEST_gimbal_FSTD_v2_sensor_axis  jig_test_gimbal_fstd_v2.o
    0x08008958   0x08008958   0x0000050c   Code   RO         6359    i.JIG_TEST_gimbal_FSTD_v2_setting_stiffness  jig_test_gimbal_fstd_v2.o
    0x08008e64   0x08008e64   0x000002a0   Code   RO         6360    i.JIG_TEST_gimbal_FSTD_v2_vibrate  jig_test_gimbal_fstd_v2.o
    0x08009104   0x08009104   0x00000050   Code   RO         6361    i.JIG_TEST_gimbal_FSTD_write_to_console_result_mode_test  jig_test_gimbal_fstd_v2.o
    0x08009154   0x08009154   0x000000b4   Code   RO         5472    i.JIG_TEST_mavlink_comm_raspberry_sendData  jig_test_mavlink_gimbal.o
    0x08009208   0x08009208   0x0000001c   Code   RO         5474    i.JIG_TEST_mavlink_comm_raspberry_send_param_value  jig_test_mavlink_gimbal.o
    0x08009224   0x08009224   0x00000010   Code   RO         5475    i.JIG_TEST_mavlink_comm_raspberry_send_request_param_read_msg  jig_test_mavlink_gimbal.o
    0x08009234   0x08009234   0x0000001a   Code   RO         5476    i.JIG_TEST_mavlink_gimbal_com4_set_move  jig_test_mavlink_gimbal.o
    0x0800924e   0x0800924e   0x00000008   Code   RO         5478    i.JIG_TEST_mavlink_gimbal_configuration  jig_test_mavlink_gimbal.o
    0x08009256   0x08009256   0x0000007c   Code   RO         5479    i.JIG_TEST_mavlink_gimbal_control_motor  jig_test_mavlink_gimbal.o
    0x080092d2   0x080092d2   0x00000002   PAD
    0x080092d4   0x080092d4   0x00000024   Code   RO         5480    i.JIG_TEST_mavlink_gimbal_get_sensor_name  jig_test_mavlink_gimbal.o
    0x080092f8   0x080092f8   0x0000000c   Code   RO         5481    i.JIG_TEST_mavlink_gimbal_get_state_calib_imu  jig_test_mavlink_gimbal.o
    0x08009304   0x08009304   0x0000000c   Code   RO         5482    i.JIG_TEST_mavlink_gimbal_get_state_calib_motor  jig_test_mavlink_gimbal.o
    0x08009310   0x08009310   0x00000084   Code   RO         5483    i.JIG_TEST_mavlink_gimbal_home  jig_test_mavlink_gimbal.o
    0x08009394   0x08009394   0x00000590   Code   RO         5484    i.JIG_TEST_mavlink_gimbal_message_reciver_handle  jig_test_mavlink_gimbal.o
    0x08009924   0x08009924   0x0000007c   Code   RO         5485    i.JIG_TEST_mavlink_gimbal_mode  jig_test_mavlink_gimbal.o
    0x080099a0   0x080099a0   0x000000c8   Code   RO         5486    i.JIG_TEST_mavlink_gimbal_move  jig_test_mavlink_gimbal.o
    0x08009a68   0x08009a68   0x0000007c   Code   RO         5487    i.JIG_TEST_mavlink_gimbal_param_request_read  jig_test_mavlink_gimbal.o
    0x08009ae4   0x08009ae4   0x00000088   Code   RO         5488    i.JIG_TEST_mavlink_gimbal_param_value  jig_test_mavlink_gimbal.o
    0x08009b6c   0x08009b6c   0x00000010   Code   RO         5489    i.JIG_TEST_mavlink_gimbal_process  jig_test_mavlink_gimbal.o
    0x08009b7c   0x08009b7c   0x00000054   Code   RO         5490    i.JIG_TEST_mavlink_gimbal_readData  jig_test_mavlink_gimbal.o
    0x08009bd0   0x08009bd0   0x0000007a   Code   RO         5492    i.JIG_TEST_mavlink_gimbal_remoteControl  jig_test_mavlink_gimbal.o
    0x08009c4a   0x08009c4a   0x00000002   PAD
    0x08009c4c   0x08009c4c   0x00000080   Code   RO         5493    i.JIG_TEST_mavlink_gimbal_sendData  jig_test_mavlink_gimbal.o
    0x08009ccc   0x08009ccc   0x000000bc   Code   RO         5494    i.JIG_TEST_mavlink_gimbal_send_heartbeat  jig_test_mavlink_gimbal.o
    0x08009d88   0x08009d88   0x000000ac   Code   RO         5495    i.JIG_TEST_mavlink_gimbal_send_param  jig_test_mavlink_gimbal.o
    0x08009e34   0x08009e34   0x00000012   Code   RO         5496    i.JIG_TEST_mavlink_gimbal_send_param_request_read  jig_test_mavlink_gimbal.o
    0x08009e46   0x08009e46   0x0000000e   Code   RO         5497    i.JIG_TEST_mavlink_gimbal_set_control_motor  jig_test_mavlink_gimbal.o
    0x08009e54   0x08009e54   0x0000000a   Code   RO         5498    i.JIG_TEST_mavlink_gimbal_set_home  jig_test_mavlink_gimbal.o
    0x08009e5e   0x08009e5e   0x0000000e   Code   RO         5499    i.JIG_TEST_mavlink_gimbal_set_mode  jig_test_mavlink_gimbal.o
    0x08009e6c   0x08009e6c   0x0000001a   Code   RO         5500    i.JIG_TEST_mavlink_gimbal_set_move  jig_test_mavlink_gimbal.o
    0x08009e86   0x08009e86   0x00000012   Code   RO         5501    i.JIG_TEST_mavlink_gimbal_set_param  jig_test_mavlink_gimbal.o
    0x08009e98   0x08009e98   0x0000000e   Code   RO         5502    i.JIG_TEST_mavlink_gimbal_set_rc_input  jig_test_mavlink_gimbal.o
    0x08009ea6   0x08009ea6   0x00000012   Code   RO         5504    i.JIG_TEST_mavlink_serialPort3_Reinit  jig_test_mavlink_gimbal.o
    0x08009eb8   0x08009eb8   0x00000012   Code   RO         5505    i.JIG_TEST_mavlink_serialPort5_Reinit  jig_test_mavlink_gimbal.o
    0x08009eca   0x08009eca   0x00000002   PAD
    0x08009ecc   0x08009ecc   0x000000dc   Code   RO         4456    i.JIG_TEST_ppm_gimbal_Control  jig_test_ppm_gimbal.o
    0x08009fa8   0x08009fa8   0x00000068   Code   RO         4457    i.JIG_TEST_ppm_gimbal_Control_CCW  jig_test_ppm_gimbal.o
    0x0800a010   0x0800a010   0x00000068   Code   RO         4458    i.JIG_TEST_ppm_gimbal_Control_CW  jig_test_ppm_gimbal.o
    0x0800a078   0x0800a078   0x00000008   Code   RO         4459    i.JIG_TEST_ppm_gimbal_configuration  jig_test_ppm_gimbal.o
    0x0800a080   0x0800a080   0x00000014   Code   RO         4460    i.JIG_TEST_ppm_gimbal_enable  jig_test_ppm_gimbal.o
    0x0800a094   0x0800a094   0x00000028   Code   RO         4461    i.JIG_TEST_ppm_gimbal_process  jig_test_ppm_gimbal.o
    0x0800a0bc   0x0800a0bc   0x0000004a   Code   RO         4462    i.JIG_TEST_ppm_gimbal_setttingFirstControl  jig_test_ppm_gimbal.o
    0x0800a106   0x0800a106   0x00000002   PAD
    0x0800a108   0x0800a108   0x00000018   Code   RO         6198    i.JIG_TEST_rtc_get_value_from_backup_register  jig_test_rtc.o
    0x0800a120   0x0800a120   0x0000002c   Code   RO         6200    i.JIG_TEST_rtc_storage_register_value  jig_test_rtc.o
    0x0800a14c   0x0800a14c   0x000000dc   Code   RO         4659    i.JIG_TEST_sbus_gimbal_Control  jig_test_sbus_gimbal.o
    0x0800a228   0x0800a228   0x00000064   Code   RO         4660    i.JIG_TEST_sbus_gimbal_Control_CCW  jig_test_sbus_gimbal.o
    0x0800a28c   0x0800a28c   0x00000064   Code   RO         4661    i.JIG_TEST_sbus_gimbal_Control_CW  jig_test_sbus_gimbal.o
    0x0800a2f0   0x0800a2f0   0x00000008   Code   RO         4662    i.JIG_TEST_sbus_gimbal_configuration  jig_test_sbus_gimbal.o
    0x0800a2f8   0x0800a2f8   0x00000030   Code   RO         4663    i.JIG_TEST_sbus_gimbal_enable  jig_test_sbus_gimbal.o
    0x0800a328   0x0800a328   0x0000002c   Code   RO         4664    i.JIG_TEST_sbus_gimbal_process  jig_test_sbus_gimbal.o
    0x0800a354   0x0800a354   0x000000a4   Code   RO         4665    i.JIG_TEST_sbus_gimbal_set_channel_value  jig_test_sbus_gimbal.o
    0x0800a3f8   0x0800a3f8   0x00000020   Code   RO         4666    i.JIG_TEST_sbus_gimbal_set_default_channel  jig_test_sbus_gimbal.o
    0x0800a418   0x0800a418   0x00000048   Code   RO         4667    i.JIG_TEST_sbus_gimbal_setttingFirstControl  jig_test_sbus_gimbal.o
    0x0800a460   0x0800a460   0x00000208   Code   RO         4668    i.JIG_TEST_sbus_write_packet  jig_test_sbus_gimbal.o
    0x0800a668   0x0800a668   0x00000010   Code   RO         6201    i.LL_RTC_BAK_GetRegister  jig_test_rtc.o
    0x0800a678   0x0800a678   0x00000048   Code   RO         2731    i.LL_RTC_DATE_Config  stm32f4xx_ll_rtc.o
    0x0800a6c0   0x0800a6c0   0x000000dc   Code   RO         2732    i.LL_RTC_DATE_Init  stm32f4xx_ll_rtc.o
    0x0800a79c   0x0800a79c   0x00000008   Code   RO         2735    i.LL_RTC_DisableInitMode  stm32f4xx_ll_rtc.o
    0x0800a7a4   0x0800a7a4   0x0000000a   Code   RO         2736    i.LL_RTC_DisableWriteProtection  stm32f4xx_ll_rtc.o
    0x0800a7ae   0x0800a7ae   0x00000006   Code   RO         2737    i.LL_RTC_EnableWriteProtection  stm32f4xx_ll_rtc.o
    0x0800a7b4   0x0800a7b4   0x00000050   Code   RO         2738    i.LL_RTC_EnterInitMode  stm32f4xx_ll_rtc.o
    0x0800a804   0x0800a804   0x0000000a   Code   RO         2740    i.LL_RTC_GetHourFormat  stm32f4xx_ll_rtc.o
    0x0800a80e   0x0800a80e   0x00000056   Code   RO         2741    i.LL_RTC_Init       stm32f4xx_ll_rtc.o
    0x0800a864   0x0800a864   0x0000000a   Code   RO         2742    i.LL_RTC_IsActiveFlag_INIT  stm32f4xx_ll_rtc.o
    0x0800a86e   0x0800a86e   0x0000000a   Code   RO         2743    i.LL_RTC_IsActiveFlag_RS  stm32f4xx_ll_rtc.o
    0x0800a878   0x0800a878   0x0000000a   Code   RO         2744    i.LL_RTC_IsShadowRegBypassEnabled  stm32f4xx_ll_rtc.o
    0x0800a882   0x0800a882   0x00000002   PAD
    0x0800a884   0x0800a884   0x00000048   Code   RO         2746    i.LL_RTC_TIME_Config  stm32f4xx_ll_rtc.o
    0x0800a8cc   0x0800a8cc   0x000000e4   Code   RO         2747    i.LL_RTC_TIME_Init  stm32f4xx_ll_rtc.o
    0x0800a9b0   0x0800a9b0   0x00000088   Code   RO         2749    i.LL_RTC_WaitForSynchro  stm32f4xx_ll_rtc.o
    0x0800aa38   0x0800aa38   0x0000000c   Code   RO         2750    i.LL_SYSTICK_IsActiveCounterFlag  stm32f4xx_ll_rtc.o
    0x0800aa44   0x0800aa44   0x00000048   Code   RO           14    i.MX_CAN1_Init      main.o
    0x0800aa8c   0x0800aa8c   0x000000e8   Code   RO           15    i.MX_DMA_Init       main.o
    0x0800ab74   0x0800ab74   0x00000164   Code   RO           16    i.MX_GPIO_Init      main.o
    0x0800acd8   0x0800acd8   0x0000003c   Code   RO           17    i.MX_I2C1_Init      main.o
    0x0800ad14   0x0800ad14   0x000000c8   Code   RO           18    i.MX_RTC_Init       main.o
    0x0800addc   0x0800addc   0x000000b8   Code   RO           19    i.MX_TIM4_Init      main.o
    0x0800ae94   0x0800ae94   0x0000006c   Code   RO           20    i.MX_TIM5_Init      main.o
    0x0800af00   0x0800af00   0x00000038   Code   RO           21    i.MX_UART4_Init     main.o
    0x0800af38   0x0800af38   0x00000038   Code   RO           22    i.MX_UART5_Init     main.o
    0x0800af70   0x0800af70   0x00000038   Code   RO           23    i.MX_USART1_UART_Init  main.o
    0x0800afa8   0x0800afa8   0x00000038   Code   RO           24    i.MX_USART3_UART_Init  main.o
    0x0800afe0   0x0800afe0   0x00000040   Code   RO           25    i.MX_USART6_UART_Init  main.o
    0x0800b020   0x0800b020   0x00000004   Code   RO          280    i.MemManage_Handler  stm32f4xx_it.o
    0x0800b024   0x0800b024   0x00000004   Code   RO          281    i.NMI_Handler       stm32f4xx_it.o
    0x0800b028   0x0800b028   0x00000002   Code   RO          282    i.PendSV_Handler    stm32f4xx_it.o
    0x0800b02a   0x0800b02a   0x00000002   Code   RO          283    i.SVC_Handler       stm32f4xx_it.o
    0x0800b02c   0x0800b02c   0x00000008   Code   RO          284    i.SysTick_Handler   stm32f4xx_it.o
    0x0800b034   0x0800b034   0x000000d4   Code   RO           26    i.SystemClock_Config  main.o
    0x0800b108   0x0800b108   0x00000014   Code   RO         4305    i.SystemInit        system_stm32f4xx.o
    0x0800b11c   0x0800b11c   0x00000010   Code   RO          285    i.TIM5_IRQHandler   stm32f4xx_it.o
    0x0800b12c   0x0800b12c   0x000000d8   Code   RO         3048    i.TIM_Base_SetConfig  stm32f4xx_hal_tim.o
    0x0800b204   0x0800b204   0x00000022   Code   RO         3049    i.TIM_CCxChannelCmd  stm32f4xx_hal_tim.o
    0x0800b226   0x0800b226   0x00000016   Code   RO         3059    i.TIM_ETR_SetConfig  stm32f4xx_hal_tim.o
    0x0800b23c   0x0800b23c   0x00000012   Code   RO         3060    i.TIM_ITRx_SetConfig  stm32f4xx_hal_tim.o
    0x0800b24e   0x0800b24e   0x00000002   PAD
    0x0800b250   0x0800b250   0x00000070   Code   RO         3061    i.TIM_OC1_SetConfig  stm32f4xx_hal_tim.o
    0x0800b2c0   0x0800b2c0   0x0000007c   Code   RO         3062    i.TIM_OC2_SetConfig  stm32f4xx_hal_tim.o
    0x0800b33c   0x0800b33c   0x00000078   Code   RO         3063    i.TIM_OC3_SetConfig  stm32f4xx_hal_tim.o
    0x0800b3b4   0x0800b3b4   0x00000054   Code   RO         3064    i.TIM_OC4_SetConfig  stm32f4xx_hal_tim.o
    0x0800b408   0x0800b408   0x00000026   Code   RO         3066    i.TIM_TI1_ConfigInputStage  stm32f4xx_hal_tim.o
    0x0800b42e   0x0800b42e   0x00000028   Code   RO         3068    i.TIM_TI2_ConfigInputStage  stm32f4xx_hal_tim.o
    0x0800b456   0x0800b456   0x00000002   PAD
    0x0800b458   0x0800b458   0x00000010   Code   RO          286    i.UART4_IRQHandler  stm32f4xx_it.o
    0x0800b468   0x0800b468   0x00000010   Code   RO          287    i.UART5_IRQHandler  stm32f4xx_it.o
    0x0800b478   0x0800b478   0x00000014   Code   RO         3979    i.UART_DMAAbortOnError  stm32f4xx_hal_uart.o
    0x0800b48c   0x0800b48c   0x00000050   Code   RO         3980    i.UART_DMAError     stm32f4xx_hal_uart.o
    0x0800b4dc   0x0800b4dc   0x00000068   Code   RO         3981    i.UART_DMAReceiveCplt  stm32f4xx_hal_uart.o
    0x0800b544   0x0800b544   0x00000020   Code   RO         3983    i.UART_DMARxHalfCplt  stm32f4xx_hal_uart.o
    0x0800b564   0x0800b564   0x00000036   Code   RO         3985    i.UART_DMATransmitCplt  stm32f4xx_hal_uart.o
    0x0800b59a   0x0800b59a   0x0000000e   Code   RO         3987    i.UART_DMATxHalfCplt  stm32f4xx_hal_uart.o
    0x0800b5a8   0x0800b5a8   0x00000036   Code   RO         3989    i.UART_EndRxTransfer  stm32f4xx_hal_uart.o
    0x0800b5de   0x0800b5de   0x00000020   Code   RO         3990    i.UART_EndTransmit_IT  stm32f4xx_hal_uart.o
    0x0800b5fe   0x0800b5fe   0x00000014   Code   RO         3991    i.UART_EndTxTransfer  stm32f4xx_hal_uart.o
    0x0800b612   0x0800b612   0x000000be   Code   RO         3992    i.UART_Receive_IT   stm32f4xx_hal_uart.o
    0x0800b6d0   0x0800b6d0   0x0000022c   Code   RO         3993    i.UART_SetConfig    stm32f4xx_hal_uart.o
    0x0800b8fc   0x0800b8fc   0x00000098   Code   RO         3994    i.UART_Start_Receive_DMA  stm32f4xx_hal_uart.o
    0x0800b994   0x0800b994   0x00000060   Code   RO         3996    i.UART_Transmit_IT  stm32f4xx_hal_uart.o
    0x0800b9f4   0x0800b9f4   0x00000010   Code   RO          288    i.USART1_IRQHandler  stm32f4xx_it.o
    0x0800ba04   0x0800ba04   0x00000010   Code   RO          289    i.USART3_IRQHandler  stm32f4xx_it.o
    0x0800ba14   0x0800ba14   0x00000010   Code   RO          290    i.USART6_IRQHandler  stm32f4xx_it.o
    0x0800ba24   0x0800ba24   0x00000004   Code   RO          291    i.UsageFault_Handler  stm32f4xx_it.o
    0x0800ba28   0x0800ba28   0x00000020   Code   RO         7392    i.__0printf         mc_w.l(printfa.o)
    0x0800ba48   0x0800ba48   0x00000028   Code   RO         7394    i.__0sprintf        mc_w.l(printfa.o)
    0x0800ba70   0x0800ba70   0x00000010   Code   RO         1574    i.__NVIC_GetPriorityGrouping  stm32f4xx_hal_cortex.o
    0x0800ba80   0x0800ba80   0x00000028   Code   RO         1575    i.__NVIC_SetPriority  stm32f4xx_hal_cortex.o
    0x0800baa8   0x0800baa8   0x0000007a   Code   RO         7116    i.__hardfp_sqrt     m_wm.l(sqrt.o)
    0x0800bb22   0x0800bb22   0x0000000e   Code   RO         7576    i.__scatterload_copy  mc_w.l(handlers.o)
    0x0800bb30   0x0800bb30   0x00000002   Code   RO         7577    i.__scatterload_null  mc_w.l(handlers.o)
    0x0800bb32   0x0800bb32   0x0000000e   Code   RO         7578    i.__scatterload_zeroinit  mc_w.l(handlers.o)
    0x0800bb40   0x0800bb40   0x0000000c   Code   RO         7552    i.__set_errno       mc_w.l(errno.o)
    0x0800bb4c   0x0800bb4c   0x00000184   Code   RO         7399    i._fp_digits        mc_w.l(printfa.o)
    0x0800bcd0   0x0800bcd0   0x00000008   Code   RO         4805    i._mav_parse_error  mavlinkprotocol.o
    0x0800bcd8   0x0800bcd8   0x00000018   Code   RO         4806    i._mav_trim_payload  mavlinkprotocol.o
    0x0800bcf0   0x0800bcf0   0x00000014   Code   RO         4808    i._mavlink_send_uart  mavlinkprotocol.o
    0x0800bd04   0x0800bd04   0x000006dc   Code   RO         7400    i._printf_core      mc_w.l(printfa.o)
    0x0800c3e0   0x0800c3e0   0x00000024   Code   RO         7401    i._printf_post_padding  mc_w.l(printfa.o)
    0x0800c404   0x0800c404   0x0000002e   Code   RO         7402    i._printf_pre_padding  mc_w.l(printfa.o)
    0x0800c432   0x0800c432   0x0000000a   Code   RO         7404    i._sputc            mc_w.l(printfa.o)
    0x0800c43c   0x0800c43c   0x0000003e   Code   RO         6702    i.can_dji_cmd_gimbal_control_msg_pack  can_dji_gimbal.o
    0x0800c47a   0x0800c47a   0x00000002   PAD
    0x0800c47c   0x0800c47c   0x000000a8   Code   RO         6703    i.can_dji_cmd_gimbal_rc  can_dji_gimbal.o
    0x0800c524   0x0800c524   0x00000060   Code   RO         6753    i.can_dji_cmd_remote_button  can_dji_remote.o
    0x0800c584   0x0800c584   0x0000003e   Code   RO         6754    i.can_dji_cmd_remote_control_gimbal_msg_pack  can_dji_remote.o
    0x0800c5c2   0x0800c5c2   0x00000038   Code   RO         6785    i.can_dji_handle    can_dji.o
    0x0800c5fa   0x0800c5fa   0x00000002   PAD
    0x0800c5fc   0x0800c5fc   0x00000080   Code   RO         6706    i.can_gimbal_handle  can_dji_gimbal.o
    0x0800c67c   0x0800c67c   0x00000044   Code   RO         6755    i.can_handle_remote_button  can_dji_remote.o
    0x0800c6c0   0x0800c6c0   0x00000050   Code   RO         4809    i.comm_send_buffer  mavlinkprotocol.o
    0x0800c710   0x0800c710   0x00000022   Code   RO         4810    i.crc_accumulate    mavlinkprotocol.o
    0x0800c732   0x0800c732   0x00000026   Code   RO         4811    i.crc_accumulate_buffer  mavlinkprotocol.o
    0x0800c758   0x0800c758   0x0000002c   Code   RO         4812    i.crc_calculate     mavlinkprotocol.o
    0x0800c784   0x0800c784   0x00000012   Code   RO         7537    i.fputc             mc_w.l(fputc.o)
    0x0800c796   0x0800c796   0x00000002   PAD
    0x0800c798   0x0800c798   0x00000050   Code   RO         7420    i.free              mc_w.l(malloc.o)
    0x0800c7e8   0x0800c7e8   0x00000030   Code   RO         4344    i.get_timeOut       timeout.o
    0x0800c818   0x0800c818   0x0000001a   Code   RO         6798    i.gs_can_coppy      can_dji_protocol.o
    0x0800c832   0x0800c832   0x00000002   PAD
    0x0800c834   0x0800c834   0x00000030   Code   RO         6799    i.gs_can_crc8       can_dji_protocol.o
    0x0800c864   0x0800c864   0x0000002c   Code   RO         6800    i.gs_can_crc_16_update  can_dji_protocol.o
    0x0800c890   0x0800c890   0x0000002c   Code   RO         6801    i.gs_can_crc_8_update  can_dji_protocol.o
    0x0800c8bc   0x0800c8bc   0x00000082   Code   RO         6802    i.gs_can_msg_pack   can_dji_protocol.o
    0x0800c93e   0x0800c93e   0x00000196   Code   RO         6803    i.gs_can_parse      can_dji_protocol.o
    0x0800cad4   0x0800cad4   0x0000004a   Code   RO           27    i.main              main.o
    0x0800cb1e   0x0800cb1e   0x00000002   PAD
    0x0800cb20   0x0800cb20   0x0000006c   Code   RO         7421    i.malloc            mc_w.l(malloc.o)
    0x0800cb8c   0x0800cb8c   0x00000020   Code   RO         5506    i.mav_array_memcpy  jig_test_mavlink_gimbal.o
    0x0800cbac   0x0800cbac   0x00000016   Code   RO         4813    i.mavlinkProtocol_init  mavlinkprotocol.o
    0x0800cbc2   0x0800cbc2   0x00000002   PAD
    0x0800cbc4   0x0800cbc4   0x00000014   Code   RO         4814    i.mavlinkProtocol_serialPort3_Deinit  mavlinkprotocol.o
    0x0800cbd8   0x0800cbd8   0x00000038   Code   RO         4815    i.mavlinkProtocol_serialPort3_init  mavlinkprotocol.o
    0x0800cc10   0x0800cc10   0x00000050   Code   RO         4816    i.mavlinkProtocol_serialPort3_readData  mavlinkprotocol.o
    0x0800cc60   0x0800cc60   0x00000038   Code   RO         4818    i.mavlinkProtocol_serialPort4_init  mavlinkprotocol.o
    0x0800cc98   0x0800cc98   0x00000050   Code   RO         4819    i.mavlinkProtocol_serialPort4_readData  mavlinkprotocol.o
    0x0800cce8   0x0800cce8   0x00000014   Code   RO         4820    i.mavlinkProtocol_serialPort5_Deinit  mavlinkprotocol.o
    0x0800ccfc   0x0800ccfc   0x00000038   Code   RO         4821    i.mavlinkProtocol_serialPort5_init  mavlinkprotocol.o
    0x0800cd34   0x0800cd34   0x00000050   Code   RO         4822    i.mavlinkProtocol_serialPort5_readData  mavlinkprotocol.o
    0x0800cd84   0x0800cd84   0x00000024   Code   RO         4828    i.mavlink_finalize_message  mavlinkprotocol.o
    0x0800cda8   0x0800cda8   0x00000158   Code   RO         4829    i.mavlink_finalize_message_buffer  mavlinkprotocol.o
    0x0800cf00   0x0800cf00   0x00000030   Code   RO         4830    i.mavlink_finalize_message_chan  mavlinkprotocol.o
    0x0800cf30   0x0800cf30   0x0000002c   Code   RO         4831    i.mavlink_frame_char  mavlinkprotocol.o
    0x0800cf5c   0x0800cf5c   0x00000354   Code   RO         4832    i.mavlink_frame_char_buffer  mavlinkprotocol.o
    0x0800d2b0   0x0800d2b0   0x00000018   Code   RO         4833    i.mavlink_get_channel_buffer  mavlinkprotocol.o
    0x0800d2c8   0x0800d2c8   0x00000014   Code   RO         4834    i.mavlink_get_channel_status  mavlinkprotocol.o
    0x0800d2dc   0x0800d2dc   0x00000060   Code   RO         4836    i.mavlink_get_msg_entry  mavlinkprotocol.o
    0x0800d33c   0x0800d33c   0x0000007a   Code   RO         5507    i.mavlink_msg_command_long_encode_chan  jig_test_mavlink_gimbal.o
    0x0800d3b6   0x0800d3b6   0x00000096   Code   RO         5508    i.mavlink_msg_command_long_pack_chan  jig_test_mavlink_gimbal.o
    0x0800d44c   0x0800d44c   0x0000006c   Code   RO         5509    i.mavlink_msg_heartbeat_encode_chan  jig_test_mavlink_gimbal.o
    0x0800d4b8   0x0800d4b8   0x00000066   Code   RO         5510    i.mavlink_msg_param_request_read_encode_chan  jig_test_mavlink_gimbal.o
    0x0800d51e   0x0800d51e   0x00000078   Code   RO         5511    i.mavlink_msg_param_value_encode_chan  jig_test_mavlink_gimbal.o
    0x0800d596   0x0800d596   0x000000d2   Code   RO         4838    i.mavlink_msg_to_send_buffer  mavlinkprotocol.o
    0x0800d668   0x0800d668   0x0000005c   Code   RO         4839    i.mavlink_parse_char  mavlinkprotocol.o
    0x0800d6c4   0x0800d6c4   0x000001e0   Code   RO         4844    i.mavlink_sha256_calc  mavlinkprotocol.o
    0x0800d8a4   0x0800d8a4   0x000000aa   Code   RO         4845    i.mavlink_sha256_final_48  mavlinkprotocol.o
    0x0800d94e   0x0800d94e   0x00000002   PAD
    0x0800d950   0x0800d950   0x00000048   Code   RO         4846    i.mavlink_sha256_init  mavlinkprotocol.o
    0x0800d998   0x0800d998   0x00000098   Code   RO         4847    i.mavlink_sha256_update  mavlinkprotocol.o
    0x0800da30   0x0800da30   0x00000096   Code   RO         4848    i.mavlink_sign_packet  mavlinkprotocol.o
    0x0800dac6   0x0800dac6   0x00000002   PAD
    0x0800dac8   0x0800dac8   0x00000184   Code   RO         4849    i.mavlink_signature_check  mavlinkprotocol.o
    0x0800dc4c   0x0800dc4c   0x0000000c   Code   RO         4850    i.mavlink_start_checksum  mavlinkprotocol.o
    0x0800dc58   0x0800dc58   0x00000010   Code   RO         4851    i.mavlink_update_checksum  mavlinkprotocol.o
    0x0800dc68   0x0800dc68   0x0000006c   Code   RO         4407    i.ppm_configuration  ppm.o
    0x0800dcd4   0x0800dcd4   0x00000018   Code   RO         4408    i.ppm_disable       ppm.o
    0x0800dcec   0x0800dcec   0x00000018   Code   RO         4409    i.ppm_enable        ppm.o
    0x0800dd04   0x0800dd04   0x0000006c   Code   RO         4410    i.ppm_set_channel   ppm.o
    0x0800dd70   0x0800dd70   0x00000068   Code   RO         4739    i.serialPort_read   serialport.o
    0x0800ddd8   0x0800ddd8   0x00000030   Code   RO         4740    i.serialPort_read_byte_count  serialport.o
    0x0800de08   0x0800de08   0x0000008c   Code   RO         4741    i.serialPort_send   serialport.o
    0x0800de94   0x0800de94   0x0000003e   Code   RO         4742    i.serialPort_tx_finish  serialport.o
    0x0800ded2   0x0800ded2   0x00000084   Code   RO         4743    i.serialPort_write  serialport.o
    0x0800df56   0x0800df56   0x00000040   Code   RO         4744    i.serialPort_write_list  serialport.o
    0x0800df96   0x0800df96   0x00000002   PAD
    0x0800df98   0x0800df98   0x000000ac   Code   RO         6867    i.ssd1306_DrawPixel  ssd1306.o
    0x0800e044   0x0800e044   0x00000020   Code   RO         6869    i.ssd1306_Fill      ssd1306.o
    0x0800e064   0x0800e064   0x000000e4   Code   RO         6872    i.ssd1306_Init      ssd1306.o
    0x0800e148   0x0800e148   0x00000002   Code   RO         6876    i.ssd1306_Reset     ssd1306.o
    0x0800e14a   0x0800e14a   0x00000014   Code   RO         6877    i.ssd1306_SetContrast  ssd1306.o
    0x0800e15e   0x0800e15e   0x00000002   PAD
    0x0800e160   0x0800e160   0x0000000c   Code   RO         6878    i.ssd1306_SetCursor  ssd1306.o
    0x0800e16c   0x0800e16c   0x00000024   Code   RO         6879    i.ssd1306_SetDisplayOn  ssd1306.o
    0x0800e190   0x0800e190   0x00000038   Code   RO         6880    i.ssd1306_UpdateScreen  ssd1306.o
    0x0800e1c8   0x0800e1c8   0x000000bc   Code   RO         6881    i.ssd1306_WriteChar  ssd1306.o
    0x0800e284   0x0800e284   0x00000028   Code   RO         6882    i.ssd1306_WriteCommand  ssd1306.o
    0x0800e2ac   0x0800e2ac   0x00000024   Code   RO         6883    i.ssd1306_WriteData  ssd1306.o
    0x0800e2d0   0x0800e2d0   0x0000002c   Code   RO         6884    i.ssd1306_WriteString  ssd1306.o
    0x0800e2fc   0x0800e2fc   0x00000010   Code   RO         4346    i.timeOut_configuration  timeout.o
    0x0800e30c   0x0800e30c   0x00000014   Code   RO         4347    i.timeOut_get_ms    timeout.o
    0x0800e320   0x0800e320   0x00000008   Data   RO         1291    .constdata          stm32f4xx_hal_dma.o
    0x0800e328   0x0800e328   0x00000018   Data   RO         4306    .constdata          system_stm32f4xx.o
    0x0800e340   0x0800e340   0x00000bd0   Data   RO         4854    .constdata          mavlinkprotocol.o
    0x0800ef10   0x0800ef10   0x00000170   Data   RO         6546    .constdata          jig_test_display_v2.o
    0x0800f080   0x0800f080   0x0000000c   Data   RO         6709    .constdata          can_dji_gimbal.o
    0x0800f08c   0x0800f08c   0x0000000c   Data   RO         6757    .constdata          can_dji_remote.o
    0x0800f098   0x0800f098   0x00000800   Data   RO         6804    .constdata          can_dji_protocol.o
    0x0800f898   0x0800f898   0x00002e04   Data   RO         7017    .constdata          ssd1306_fonts.o
    0x0801269c   0x0801269c   0x0000000a   Data   RO         4550    .conststring        jig_test_can_dji_.o
    0x080126a6   0x080126a6   0x00000002   PAD
    0x080126a8   0x080126a8   0x0000000d   Data   RO         6078    .conststring        jig_test_button.o
    0x080126b5   0x080126b5   0x00000003   PAD
    0x080126b8   0x080126b8   0x00000042   Data   RO         6263    .conststring        jig_test_comm_raspberry_v2.o
    0x080126fa   0x080126fa   0x00000002   PAD
    0x080126fc   0x080126fc   0x00000562   Data   RO         6364    .conststring        jig_test_gimbal_fstd_v2.o
    0x08012c5e   0x08012c5e   0x00000002   PAD
    0x08012c60   0x08012c60   0x00000054   Data   RO         6547    .conststring        jig_test_display_v2.o
    0x08012cb4   0x08012cb4   0x00000062   Data   RO         6710    .conststring        can_dji_gimbal.o
    0x08012d16   0x08012d16   0x00000002   PAD
    0x08012d18   0x08012d18   0x0000000e   Data   RO         6758    .conststring        can_dji_remote.o
    0x08012d26   0x08012d26   0x00000002   PAD
    0x08012d28   0x08012d28   0x00000020   Data   RO         7574    Region$$Table       anon$$obj.o


    Execution Region RW_IRAM2 (Exec base: 0x10000000, Load base: 0x08012fec, Size: 0x00000000, Max: 0x00010000, ABSOLUTE)

    **** No section assigned to this execution region ****


    Execution Region RW_IRAM1 (Exec base: 0x20000000, Load base: 0x08012d48, Size: 0x00005c00, Max: 0x00020000, ABSOLUTE, COMPRESSED[0x000002a4])

    Exec Addr    Load Addr    Size         Type   Attr      Idx    E Section Name        Object

    0x20000000   COMPRESSED   0x00000009   Data   RW         1723    .data               stm32f4xx_hal.o
    0x20000009   COMPRESSED   0x00000003   PAD
    0x2000000c   COMPRESSED   0x00000004   Data   RW         4307    .data               system_stm32f4xx.o
    0x20000010   COMPRESSED   0x00000024   Data   RW         4411    .data               ppm.o
    0x20000034   COMPRESSED   0x00000004   Data   RW         4465    .data               jig_test_ppm_gimbal.o
    0x20000038   COMPRESSED   0x0000000c   Data   RW         4551    .data               jig_test_can_dji_.o
    0x20000044   COMPRESSED   0x00000004   Data   RW         4671    .data               jig_test_sbus_gimbal.o
    0x20000048   COMPRESSED   0x00000002   Data   RW         5514    .data               jig_test_mavlink_gimbal.o
    0x2000004a   COMPRESSED   0x00000002   PAD
    0x2000004c   COMPRESSED   0x0000000c   Data   RW         6079    .data               jig_test_button.o
    0x20000058   COMPRESSED   0x00000014   Data   RW         6264    .data               jig_test_comm_raspberry_v2.o
    0x2000006c   COMPRESSED   0x00000004   PAD
    0x20000070   COMPRESSED   0x000007e5   Data   RW         6365    .data               jig_test_gimbal_fstd_v2.o
    0x20000855   COMPRESSED   0x00000003   PAD
    0x20000858   COMPRESSED   0x00000065   Data   RW         6548    .data               jig_test_display_v2.o
    0x200008bd   COMPRESSED   0x00000001   PAD
    0x200008be   COMPRESSED   0x00000008   Data   RW         6886    .data               ssd1306.o
    0x200008c6   COMPRESSED   0x00000002   PAD
    0x200008c8   COMPRESSED   0x00000020   Data   RW         7018    .data               ssd1306_fonts.o
    0x200008e8   COMPRESSED   0x00000004   Data   RW         7539    .data               mc_w.l(stdout.o)
    0x200008ec   COMPRESSED   0x00000004   Data   RW         7548    .data               mc_w.l(mvars.o)
    0x200008f0   COMPRESSED   0x00000004   Data   RW         7549    .data               mc_w.l(mvars.o)
    0x200008f4   COMPRESSED   0x00000004   Data   RW         7553    .data               mc_w.l(errno.o)
    0x200008f8        -       0x00000620   Zero   RW           28    .bss                main.o
    0x20000f18        -       0x00000400   Zero   RW         4348    .bss                timeout.o
    0x20001318        -       0x0000000a   Zero   RW         4463    .bss                jig_test_ppm_gimbal.o
    0x20001322   COMPRESSED   0x00000002   PAD
    0x20001324        -       0x00000458   Zero   RW         4548    .bss                jig_test_can_dji_.o
    0x2000177c        -       0x00000043   Zero   RW         4669    .bss                jig_test_sbus_gimbal.o
    0x200017bf   COMPRESSED   0x00000001   PAD
    0x200017c0        -       0x000026e0   Zero   RW         4853    .bss                mavlinkprotocol.o
    0x20003ea0        -       0x00000688   Zero   RW         5512    .bss                jig_test_mavlink_gimbal.o
    0x20004528        -       0x00000ae0   Zero   RW         6034    .bss                jig_test_console.o
    0x20005008        -       0x000000c4   Zero   RW         6362    .bss                jig_test_gimbal_fstd_v2.o
    0x200050cc        -       0x000000fc   Zero   RW         6545    .bss                jig_test_display_v2.o
    0x200051c8        -       0x00000438   Zero   RW         6885    .bss                ssd1306.o
    0x20005600        -       0x00000200   Zero   RW            2    HEAP                startup_stm32f405xx.o
    0x20005800        -       0x00000400   Zero   RW            1    STACK               startup_stm32f405xx.o


==============================================================================

Image component sizes


      Code (inc. data)   RO Data    RW Data    ZI Data      Debug   Object Name

        56          0          0          0          0        945   can_dji.o
       358         80        110          0          0       4783   can_dji_gimbal.o
       698         14       2048          0          0       7630   can_dji_protocol.o
       226          6         26          0          0       3272   can_dji_remote.o
       342         78         13         12          0       5034   jig_test_button.o
      1284        176         10         12       1112      28590   jig_test_can_dji_.o
      1838        624         66         20          0       9702   jig_test_comm_raspberry_v2.o
       108         32          0          0       2784       1388   jig_test_console.o
      2274        722        452        101        252      16570   jig_test_display_v2.o
     14018       3888       1378       2021        196      70061   jig_test_gimbal_fstd_v2.o
      4076         88          0          2       1672      75610   jig_test_mavlink_gimbal.o
       570         94          0          4         10       7700   jig_test_ppm_gimbal.o
        84         10          0          0          0      21496   jig_test_rtc.o
      1308        134          0          4         67       9255   jig_test_sbus_gimbal.o
      1792        136          0          0       1568     728933   main.o
      4036        206       3024          0       9952      37410   mavlinkprotocol.o
       264         34          0         36          0       3556   ppm.o
       550         32          0          0          0       6293   serialport.o
       866         48          0          8       1080       8243   ssd1306.o
         0          0      11780         32          0       1235   ssd1306_fonts.o
        36          8        392          0       1536        852   startup_stm32f405xx.o
       212         36          0          9          0       9533   stm32f4xx_hal.o
      2132          6          0          0          0      14050   stm32f4xx_hal_can.o
       372         28          0          0          0      35341   stm32f4xx_hal_cortex.o
      1546         16          8          0          0       7959   stm32f4xx_hal_dma.o
       920         86          0          0          0       4422   stm32f4xx_hal_gpio.o
      2060         40          0          0          0       9675   stm32f4xx_hal_i2c.o
      2372        202          0          0          0       6841   stm32f4xx_hal_msp.o
      1820         84          0          0          0       5740   stm32f4xx_hal_rcc.o
       416         20          0          0          0       1440   stm32f4xx_hal_rcc_ex.o
      2370        142          0          0          0      17325   stm32f4xx_hal_tim.o
       184         30          0          0          0       2565   stm32f4xx_hal_tim_ex.o
      2402         44          0          0          0      16712   stm32f4xx_hal_uart.o
       322        108          0          0          0      13745   stm32f4xx_it.o
       970         20          0          0          0      36967   stm32f4xx_ll_rtc.o
        20          6         24          4          0       1183   system_stm32f4xx.o
        84         14          0          0       1024       3538   timeout.o

    ----------------------------------------------------------------------
     53046       7292      19376       2280      21256    1235594   Object Totals
         0          0         32          0          0          0   (incl. Generated)
        60          0         13         15          3          0   (incl. Padding)

    ----------------------------------------------------------------------

      Code (inc. data)   RO Data    RW Data    ZI Data      Debug   Library Member Name

       122          0          0          0          0        148   sqrt.o
        86          0          0          0          0          0   __dczerorl2.o
         0          0          0          0          0          0   entry.o
         0          0          0          0          0          0   entry10a.o
         0          0          0          0          0          0   entry11a.o
         8          4          0          0          0          0   entry2.o
         4          0          0          0          0          0   entry5.o
         0          0          0          0          0          0   entry7b.o
         0          0          0          0          0          0   entry8b.o
         8          4          0          0          0          0   entry9a.o
        12          6          0          4          0         68   errno.o
        18          0          0          0          0         80   fputc.o
        30          0          0          0          0          0   handlers.o
        36          8          0          0          0         68   init.o
         0          0          0          0          0          0   iusefp.o
         0          0          0          0          0          0   iusesemip.o
        30          0          0          0          0         68   llshl.o
        36          0          0          0          0         68   llsshr.o
        32          0          0          0          0         68   llushr.o
       188         20          0          0          0        160   malloc.o
        26          0          0          0          0         80   memcmp.o
        36          0          0          0          0         68   memcpya.o
        36          0          0          0          0        108   memseta.o
         0          0          0          8          0          0   mvars.o
      2308         96          0          0          0        604   printfa.o
         0          0          0          0          0          0   semi.o
         0          0          0          4          0          0   stdout.o
        18          0          0          0          0         68   strcpy.o
        14          0          0          0          0         68   strlen.o
        44          0          0          0          0         80   uidiv.o
        98          0          0          0          0         92   uldiv.o
        48          0          0          0          0         68   cdcmple.o
        48          0          0          0          0         68   cdrcmple.o
        56          0          0          0          0         88   d2f.o
       334          0          0          0          0        148   dadd.o
       222          0          0          0          0        100   ddiv.o
       186          0          0          0          0        176   depilogue.o
        48          0          0          0          0         68   dfixul.o
        34          0          0          0          0         76   dflti.o
       228          0          0          0          0         96   dmul.o
       162          0          0          0          0        100   dsqrt.o
        38          0          0          0          0         68   f2d.o
       110          0          0          0          0        168   fepilogue.o

    ----------------------------------------------------------------------
      4706        138          0         16          0       3120   Library Totals
         2          0          0          0          0          0   (incl. Padding)

    ----------------------------------------------------------------------

      Code (inc. data)   RO Data    RW Data    ZI Data      Debug   Library Name

       122          0          0          0          0        148   m_wm.l
      3068        138          0         16          0       1748   mc_w.l
      1514          0          0          0          0       1224   mf_w.l

    ----------------------------------------------------------------------
      4706        138          0         16          0       3120   Library Totals

    ----------------------------------------------------------------------

==============================================================================


      Code (inc. data)   RO Data    RW Data    ZI Data      Debug   

     57752       7430      19376       2296      21256    1199186   Grand Totals
     57752       7430      19376        676      21256    1199186   ELF Image Totals (compressed)
     57752       7430      19376        676          0          0   ROM Totals

==============================================================================

    Total RO  Size (Code + RO Data)                77128 (  75.32kB)
    Total RW  Size (RW Data + ZI Data)             23552 (  23.00kB)
    Total ROM Size (Code + RO Data + RW Data)      77804 (  75.98kB)

==============================================================================

