Component: ARM Compiler 5.06 update 6 (build 750) Tool: armlink [4d35ed]

==============================================================================

Section Cross References

    startup_stm32f405xx.o(RESET) refers to startup_stm32f405xx.o(STACK) for __initial_sp
    startup_stm32f405xx.o(RESET) refers to startup_stm32f405xx.o(.text) for Reset_Handler
    startup_stm32f405xx.o(RESET) refers to stm32f4xx_it.o(i.NMI_Handler) for NMI_Handler
    startup_stm32f405xx.o(RESET) refers to stm32f4xx_it.o(i.HardFault_Handler) for HardFault_Handler
    startup_stm32f405xx.o(RESET) refers to stm32f4xx_it.o(i.MemManage_Handler) for MemManage_Handler
    startup_stm32f405xx.o(RESET) refers to stm32f4xx_it.o(i.BusFault_Handler) for BusFault_Handler
    startup_stm32f405xx.o(RESET) refers to stm32f4xx_it.o(i.UsageFault_Handler) for UsageFault_Handler
    startup_stm32f405xx.o(RESET) refers to stm32f4xx_it.o(i.SVC_Handler) for SVC_Handler
    startup_stm32f405xx.o(RESET) refers to stm32f4xx_it.o(i.DebugMon_Handler) for DebugMon_Handler
    startup_stm32f405xx.o(RESET) refers to stm32f4xx_it.o(i.PendSV_Handler) for PendSV_Handler
    startup_stm32f405xx.o(RESET) refers to stm32f4xx_it.o(i.SysTick_Handler) for SysTick_Handler
    startup_stm32f405xx.o(RESET) refers to stm32f4xx_it.o(i.DMA1_Stream0_IRQHandler) for DMA1_Stream0_IRQHandler
    startup_stm32f405xx.o(RESET) refers to stm32f4xx_it.o(i.DMA1_Stream1_IRQHandler) for DMA1_Stream1_IRQHandler
    startup_stm32f405xx.o(RESET) refers to stm32f4xx_it.o(i.DMA1_Stream2_IRQHandler) for DMA1_Stream2_IRQHandler
    startup_stm32f405xx.o(RESET) refers to stm32f4xx_it.o(i.DMA1_Stream3_IRQHandler) for DMA1_Stream3_IRQHandler
    startup_stm32f405xx.o(RESET) refers to stm32f4xx_it.o(i.DMA1_Stream4_IRQHandler) for DMA1_Stream4_IRQHandler
    startup_stm32f405xx.o(RESET) refers to stm32f4xx_it.o(i.DMA1_Stream6_IRQHandler) for DMA1_Stream6_IRQHandler
    startup_stm32f405xx.o(RESET) refers to stm32f4xx_it.o(i.CAN1_TX_IRQHandler) for CAN1_TX_IRQHandler
    startup_stm32f405xx.o(RESET) refers to stm32f4xx_it.o(i.CAN1_RX0_IRQHandler) for CAN1_RX0_IRQHandler
    startup_stm32f405xx.o(RESET) refers to stm32f4xx_it.o(i.USART1_IRQHandler) for USART1_IRQHandler
    startup_stm32f405xx.o(RESET) refers to stm32f4xx_it.o(i.USART3_IRQHandler) for USART3_IRQHandler
    startup_stm32f405xx.o(RESET) refers to stm32f4xx_it.o(i.DMA1_Stream7_IRQHandler) for DMA1_Stream7_IRQHandler
    startup_stm32f405xx.o(RESET) refers to stm32f4xx_it.o(i.TIM5_IRQHandler) for TIM5_IRQHandler
    startup_stm32f405xx.o(RESET) refers to stm32f4xx_it.o(i.UART4_IRQHandler) for UART4_IRQHandler
    startup_stm32f405xx.o(RESET) refers to stm32f4xx_it.o(i.UART5_IRQHandler) for UART5_IRQHandler
    startup_stm32f405xx.o(RESET) refers to stm32f4xx_it.o(i.DMA2_Stream2_IRQHandler) for DMA2_Stream2_IRQHandler
    startup_stm32f405xx.o(RESET) refers to stm32f4xx_it.o(i.DMA2_Stream6_IRQHandler) for DMA2_Stream6_IRQHandler
    startup_stm32f405xx.o(RESET) refers to stm32f4xx_it.o(i.DMA2_Stream7_IRQHandler) for DMA2_Stream7_IRQHandler
    startup_stm32f405xx.o(RESET) refers to stm32f4xx_it.o(i.USART6_IRQHandler) for USART6_IRQHandler
    startup_stm32f405xx.o(.text) refers to system_stm32f4xx.o(i.SystemInit) for SystemInit
    startup_stm32f405xx.o(.text) refers to entry.o(.ARM.Collect$$$$00000000) for __main
    main.o(i.MX_CAN1_Init) refers to stm32f4xx_hal_can.o(i.HAL_CAN_Init) for HAL_CAN_Init
    main.o(i.MX_CAN1_Init) refers to main.o(i.Error_Handler) for Error_Handler
    main.o(i.MX_CAN1_Init) refers to main.o(.bss) for hcan1
    main.o(i.MX_DMA_Init) refers to stm32f4xx_hal_cortex.o(i.HAL_NVIC_SetPriority) for HAL_NVIC_SetPriority
    main.o(i.MX_DMA_Init) refers to stm32f4xx_hal_cortex.o(i.HAL_NVIC_EnableIRQ) for HAL_NVIC_EnableIRQ
    main.o(i.MX_GPIO_Init) refers to memseta.o(.text) for __aeabi_memclr4
    main.o(i.MX_GPIO_Init) refers to stm32f4xx_hal_gpio.o(i.HAL_GPIO_WritePin) for HAL_GPIO_WritePin
    main.o(i.MX_GPIO_Init) refers to stm32f4xx_hal_gpio.o(i.HAL_GPIO_Init) for HAL_GPIO_Init
    main.o(i.MX_I2C1_Init) refers to stm32f4xx_hal_i2c.o(i.HAL_I2C_Init) for HAL_I2C_Init
    main.o(i.MX_I2C1_Init) refers to main.o(i.Error_Handler) for Error_Handler
    main.o(i.MX_I2C1_Init) refers to main.o(.bss) for hi2c1
    main.o(i.MX_RTC_Init) refers to stm32f4xx_ll_rtc.o(i.LL_RTC_Init) for LL_RTC_Init
    main.o(i.MX_RTC_Init) refers to stm32f4xx_ll_rtc.o(i.LL_RTC_TIME_Init) for LL_RTC_TIME_Init
    main.o(i.MX_RTC_Init) refers to stm32f4xx_ll_rtc.o(i.LL_RTC_DATE_Init) for LL_RTC_DATE_Init
    main.o(i.MX_TIM4_Init) refers to memseta.o(.text) for __aeabi_memclr4
    main.o(i.MX_TIM4_Init) refers to stm32f4xx_hal_tim.o(i.HAL_TIM_Base_Init) for HAL_TIM_Base_Init
    main.o(i.MX_TIM4_Init) refers to main.o(i.Error_Handler) for Error_Handler
    main.o(i.MX_TIM4_Init) refers to stm32f4xx_hal_tim.o(i.HAL_TIM_ConfigClockSource) for HAL_TIM_ConfigClockSource
[...]
    HAL_TIM_IC_CaptureCallback               0x080031f1   Thumb Code     2  stm32f4xx_hal_tim.o(i.HAL_TIM_IC_CaptureCallback)
    HAL_TIM_IRQHandler                       0x080031f3   Thumb Code   406  stm32f4xx_hal_tim.o(i.HAL_TIM_IRQHandler)
    HAL_TIM_MspPostInit                      0x08003389   Thumb Code    84  stm32f4xx_hal_msp.o(i.HAL_TIM_MspPostInit)
    HAL_TIM_OC_DelayElapsedCallback          0x080033e9   Thumb Code     2  stm32f4xx_hal_tim.o(i.HAL_TIM_OC_DelayElapsedCallback)
    HAL_TIM_PWM_ConfigChannel                0x080033eb   Thumb Code   252  stm32f4xx_hal_tim.o(i.HAL_TIM_PWM_ConfigChannel)
    HAL_TIM_PWM_Init                         0x080034e7   Thumb Code   102  stm32f4xx_hal_tim.o(i.HAL_TIM_PWM_Init)
    HAL_TIM_PWM_MspInit                      0x0800354d   Thumb Code     2  stm32f4xx_hal_tim.o(i.HAL_TIM_PWM_MspInit)
    HAL_TIM_PWM_PulseFinishedCallback        0x0800354f   Thumb Code     2  stm32f4xx_hal_tim.o(i.HAL_TIM_PWM_PulseFinishedCallback)
    HAL_TIM_PWM_Start                        0x08003551   Thumb Code   238  stm32f4xx_hal_tim.o(i.HAL_TIM_PWM_Start)
    HAL_TIM_PeriodElapsedCallback            0x0800365d   Thumb Code     2  stm32f4xx_hal_tim.o(i.HAL_TIM_PeriodElapsedCallback)
    HAL_TIM_TriggerCallback                  0x0800365f   Thumb Code     2  stm32f4xx_hal_tim.o(i.HAL_TIM_TriggerCallback)
    HAL_UARTEx_RxEventCallback               0x08003661   Thumb Code     2  stm32f4xx_hal_uart.o(i.HAL_UARTEx_RxEventCallback)
    HAL_UART_DeInit                          0x08003663   Thumb Code    60  stm32f4xx_hal_uart.o(i.HAL_UART_DeInit)
    HAL_UART_ErrorCallback                   0x0800369f   Thumb Code     2  stm32f4xx_hal_uart.o(i.HAL_UART_ErrorCallback)
    HAL_UART_IRQHandler                      0x080036a1   Thumb Code   586  stm32f4xx_hal_uart.o(i.HAL_UART_IRQHandler)
    HAL_UART_Init                            0x080038f1   Thumb Code   114  stm32f4xx_hal_uart.o(i.HAL_UART_Init)
    HAL_UART_MspDeInit                       0x08003965   Thumb Code   260  stm32f4xx_hal_msp.o(i.HAL_UART_MspDeInit)
    HAL_UART_MspInit                         0x08003a91   Thumb Code  1376  stm32f4xx_hal_msp.o(i.HAL_UART_MspInit)
    HAL_UART_Receive_DMA                     0x08004009   Thumb Code    66  stm32f4xx_hal_uart.o(i.HAL_UART_Receive_DMA)
    HAL_UART_RxCpltCallback                  0x0800404b   Thumb Code     2  stm32f4xx_hal_uart.o(i.HAL_UART_RxCpltCallback)
    HAL_UART_RxHalfCpltCallback              0x0800404d   Thumb Code     2  stm32f4xx_hal_uart.o(i.HAL_UART_RxHalfCpltCallback)
    HAL_UART_Transmit_DMA                    0x08004051   Thumb Code   142  stm32f4xx_hal_uart.o(i.HAL_UART_Transmit_DMA)
    HAL_UART_TxCpltCallback                  0x080040ed   Thumb Code    78  mavlinkprotocol.o(i.HAL_UART_TxCpltCallback)
    HAL_UART_TxHalfCpltCallback              0x0800415d   Thumb Code     2  stm32f4xx_hal_uart.o(i.HAL_UART_TxHalfCpltCallback)
    HardFault_Handler                        0x0800415f   Thumb Code     4  stm32f4xx_it.o(i.HardFault_Handler)
    JIG_TEST_aux_process                     0x080045b5   Thumb Code    16  jig_test_aux.o(i.JIG_TEST_aux_process)
    JIG_TEST_button_configuration            0x080045c9   Thumb Code     2  jig_test_button.o(i.JIG_TEST_button_configuration)
    JIG_TEST_button_process                  0x08004695   Thumb Code     8  jig_test_button.o(i.JIG_TEST_button_process)
    JIG_TEST_button_state_feed_back_imu      0x080046f1   Thumb Code    22  jig_test_button.o(i.JIG_TEST_button_state_feed_back_imu)
    JIG_TEST_can_dji_configuration           0x080047ed   Thumb Code    34  jig_test_can_dji_.o(i.JIG_TEST_can_dji_configuration)
    JIG_TEST_can_dji_process                 0x08004845   Thumb Code    12  jig_test_can_dji_.o(i.JIG_TEST_can_dji_process)
    JIG_TEST_can_dji_set_move                0x08004939   Thumb Code    26  jig_test_can_dji_.o(i.JIG_TEST_can_dji_set_move)
    JIG_TEST_comm_raspberry_v2_cloudData_configuration 0x08004b49   Thumb Code     2  jig_test_comm_raspberry_v2.o(i.JIG_TEST_comm_raspberry_v2_cloudData_configuration)
    JIG_TEST_console_configuration           0x08004b4d   Thumb Code    24  jig_test_console.o(i.JIG_TEST_console_configuration)
    JIG_TEST_console_write                   0x08004b71   Thumb Code    52  jig_test_console.o(i.JIG_TEST_console_write)
    JIG_TEST_display_v2_configuration        0x08004d41   Thumb Code    46  jig_test_display_v2.o(i.JIG_TEST_display_v2_configuration)
    JIG_TEST_display_v2_process              0x08005225   Thumb Code    12  jig_test_display_v2.o(i.JIG_TEST_display_v2_process)
    JIG_TEST_gimbal_FSTD_v2_configuration    0x08006dd1   Thumb Code   222  jig_test_gimbal_fstd_v2.o(i.JIG_TEST_gimbal_FSTD_v2_configuration)
    JIG_TEST_gimbal_FSTD_v2_get_error_heartbeat_com2 0x080076b9   Thumb Code     8  jig_test_gimbal_fstd_v2.o(i.JIG_TEST_gimbal_FSTD_v2_get_error_heartbeat_com2)
    JIG_TEST_gimbal_FSTD_v2_main_process     0x080076c5   Thumb Code    50  jig_test_gimbal_fstd_v2.o(i.JIG_TEST_gimbal_FSTD_v2_main_process)
    JIG_TEST_mavlink_gimbal_com4_set_move    0x080087b5   Thumb Code    26  jig_test_mavlink_gimbal.o(i.JIG_TEST_mavlink_gimbal_com4_set_move)
    JIG_TEST_mavlink_gimbal_configuration    0x080087cf   Thumb Code     8  jig_test_mavlink_gimbal.o(i.JIG_TEST_mavlink_gimbal_configuration)
    JIG_TEST_mavlink_gimbal_get_sensor_name  0x08008855   Thumb Code    30  jig_test_mavlink_gimbal.o(i.JIG_TEST_mavlink_gimbal_get_sensor_name)
    JIG_TEST_mavlink_gimbal_get_state_calib_imu 0x08008879   Thumb Code     8  jig_test_mavlink_gimbal.o(i.JIG_TEST_mavlink_gimbal_get_state_calib_imu)
    JIG_TEST_mavlink_gimbal_get_state_calib_motor 0x08008885   Thumb Code     8  jig_test_mavlink_gimbal.o(i.JIG_TEST_mavlink_gimbal_get_state_calib_motor)
    JIG_TEST_mavlink_gimbal_process          0x080090fd   Thumb Code    16  jig_test_mavlink_gimbal.o(i.JIG_TEST_mavlink_gimbal_process)
    JIG_TEST_mavlink_gimbal_send_param_request_read 0x080093c5   Thumb Code    18  jig_test_mavlink_gimbal.o(i.JIG_TEST_mavlink_gimbal_send_param_request_read)
    JIG_TEST_mavlink_gimbal_set_control_motor 0x080093d7   Thumb Code    14  jig_test_mavlink_gimbal.o(i.JIG_TEST_mavlink_gimbal_set_control_motor)
    JIG_TEST_mavlink_gimbal_set_home         0x080093e5   Thumb Code    10  jig_test_mavlink_gimbal.o(i.JIG_TEST_mavlink_gimbal_set_home)
    JIG_TEST_mavlink_gimbal_set_mode         0x080093ef   Thumb Code    14  jig_test_mavlink_gimbal.o(i.JIG_TEST_mavlink_gimbal_set_mode)
    JIG_TEST_mavlink_gimbal_set_move         0x080093fd   Thumb Code    26  jig_test_mavlink_gimbal.o(i.JIG_TEST_mavlink_gimbal_set_move)
    JIG_TEST_mavlink_gimbal_set_param        0x08009417   Thumb Code    30  jig_test_mavlink_gimbal.o(i.JIG_TEST_mavlink_gimbal_set_param)
    JIG_TEST_mavlink_gimbal_set_rc_input     0x08009435   Thumb Code    14  jig_test_mavlink_gimbal.o(i.JIG_TEST_mavlink_gimbal_set_rc_input)
    JIG_TEST_mavlink_serialPort3_Reinit      0x08009443   Thumb Code    18  jig_test_mavlink_gimbal.o(i.JIG_TEST_mavlink_serialPort3_Reinit)
    JIG_TEST_ppm_gimbal_configuration        0x08009601   Thumb Code     8  jig_test_ppm_gimbal.o(i.JIG_TEST_ppm_gimbal_configuration)
    JIG_TEST_ppm_gimbal_enable               0x08009609   Thumb Code    20  jig_test_ppm_gimbal.o(i.JIG_TEST_ppm_gimbal_enable)
    JIG_TEST_ppm_gimbal_process              0x0800961d   Thumb Code    36  jig_test_ppm_gimbal.o(i.JIG_TEST_ppm_gimbal_process)
    JIG_TEST_rtc_get_value_from_backup_register 0x08009691   Thumb Code    20  jig_test_rtc.o(i.JIG_TEST_rtc_get_value_from_backup_register)
    JIG_TEST_sbus_gimbal_configuration       0x0800984d   Thumb Code     8  jig_test_sbus_gimbal.o(i.JIG_TEST_sbus_gimbal_configuration)
    JIG_TEST_sbus_gimbal_enable              0x08009855   Thumb Code    38  jig_test_sbus_gimbal.o(i.JIG_TEST_sbus_gimbal_enable)
    JIG_TEST_sbus_gimbal_process             0x08009885   Thumb Code    40  jig_test_sbus_gimbal.o(i.JIG_TEST_sbus_gimbal_process)
    LL_RTC_DATE_Init                         0x08009c1d   Thumb Code   214  stm32f4xx_ll_rtc.o(i.LL_RTC_DATE_Init)
    LL_RTC_EnterInitMode                     0x08009d11   Thumb Code    80  stm32f4xx_ll_rtc.o(i.LL_RTC_EnterInitMode)
    LL_RTC_Init                              0x08009d6b   Thumb Code    86  stm32f4xx_ll_rtc.o(i.LL_RTC_Init)
    LL_RTC_TIME_Init                         0x08009e29   Thumb Code   224  stm32f4xx_ll_rtc.o(i.LL_RTC_TIME_Init)
    LL_RTC_WaitForSynchro                    0x08009f0d   Thumb Code   136  stm32f4xx_ll_rtc.o(i.LL_RTC_WaitForSynchro)
    MemManage_Handler                        0x0800a57d   Thumb Code     4  stm32f4xx_it.o(i.MemManage_Handler)
    NMI_Handler                              0x0800a581   Thumb Code     4  stm32f4xx_it.o(i.NMI_Handler)
    PendSV_Handler                           0x0800a585   Thumb Code     2  stm32f4xx_it.o(i.PendSV_Handler)
    SVC_Handler                              0x0800a587   Thumb Code     2  stm32f4xx_it.o(i.SVC_Handler)
    SysTick_Handler                          0x0800a589   Thumb Code     8  stm32f4xx_it.o(i.SysTick_Handler)
    SystemClock_Config                       0x0800a591   Thumb Code   204  main.o(i.SystemClock_Config)
    SystemInit                               0x0800a665   Thumb Code    14  system_stm32f4xx.o(i.SystemInit)
    TIM5_IRQHandler                          0x0800a679   Thumb Code    10  stm32f4xx_it.o(i.TIM5_IRQHandler)
    TIM_Base_SetConfig                       0x0800a689   Thumb Code   170  stm32f4xx_hal_tim.o(i.TIM_Base_SetConfig)
    TIM_CCxChannelCmd                        0x0800a761   Thumb Code    34  stm32f4xx_hal_tim.o(i.TIM_CCxChannelCmd)
    TIM_ETR_SetConfig                        0x0800a783   Thumb Code    22  stm32f4xx_hal_tim.o(i.TIM_ETR_SetConfig)
    TIM_OC2_SetConfig                        0x0800a81d   Thumb Code   114  stm32f4xx_hal_tim.o(i.TIM_OC2_SetConfig)
    UART4_IRQHandler                         0x0800a9b5   Thumb Code    10  stm32f4xx_it.o(i.UART4_IRQHandler)
    UART5_IRQHandler                         0x0800a9c5   Thumb Code    10  stm32f4xx_it.o(i.UART5_IRQHandler)
    UART_Start_Receive_DMA                   0x0800ae59   Thumb Code   138  stm32f4xx_hal_uart.o(i.UART_Start_Receive_DMA)
    USART1_IRQHandler                        0x0800af51   Thumb Code    10  stm32f4xx_it.o(i.USART1_IRQHandler)
    USART3_IRQHandler                        0x0800af61   Thumb Code    10  stm32f4xx_it.o(i.USART3_IRQHandler)
    USART6_IRQHandler                        0x0800af71   Thumb Code    10  stm32f4xx_it.o(i.USART6_IRQHandler)
    UsageFault_Handler                       0x0800af81   Thumb Code     4  stm32f4xx_it.o(i.UsageFault_Handler)
    __0printf                                0x0800af85   Thumb Code    22  printfa.o(i.__0printf)
    __1printf                                0x0800af85   Thumb Code     0  printfa.o(i.__0printf)
    __2printf                                0x0800af85   Thumb Code     0  printfa.o(i.__0printf)
    __c89printf                              0x0800af85   Thumb Code     0  printfa.o(i.__0printf)
    printf                                   0x0800af85   Thumb Code     0  printfa.o(i.__0printf)
    __0sprintf                               0x0800afa5   Thumb Code    34  printfa.o(i.__0sprintf)
    __1sprintf                               0x0800afa5   Thumb Code     0  printfa.o(i.__0sprintf)
    __2sprintf                               0x0800afa5   Thumb Code     0  printfa.o(i.__0sprintf)
    __c89sprintf                             0x0800afa5   Thumb Code     0  printfa.o(i.__0sprintf)
    sprintf                                  0x0800afa5   Thumb Code     0  printfa.o(i.__0sprintf)
    __hardfp_sqrt                            0x0800b045   Thumb Code   122  sqrt.o(i.__hardfp_sqrt)
    __scatterload_copy                       0x0800b0bf   Thumb Code    14  handlers.o(i.__scatterload_copy)
    __scatterload_null                       0x0800b0cd   Thumb Code     2  handlers.o(i.__scatterload_null)
    __scatterload_zeroinit                   0x0800b0cf   Thumb Code    14  handlers.o(i.__scatterload_zeroinit)
    __set_errno                              0x0800b0dd   Thumb Code     6  errno.o(i.__set_errno)
    _mav_trim_payload                        0x0800b275   Thumb Code    24  mavlinkprotocol.o(i._mav_trim_payload)
    _mavlink_send_uart                       0x0800b28d   Thumb Code    20  mavlinkprotocol.o(i._mavlink_send_uart)
    calculator_get_time_us                   0x0800b9d9   Thumb Code    14  timeout.o(i.calculator_get_time_us)
    calculator_reset_time                    0x0800b9ed   Thumb Code    10  timeout.o(i.calculator_reset_time)
    can_dji_cmd_gimbal_control_msg_pack      0x0800b9fd   Thumb Code    62  can_dji_gimbal.o(i.can_dji_cmd_gimbal_control_msg_pack)
    can_dji_cmd_remote_control_gimbal_msg_pack 0x0800bb45   Thumb Code    62  can_dji_remote.o(i.can_dji_cmd_remote_control_gimbal_msg_pack)
    can_dji_handle                           0x0800bb83   Thumb Code    56  can_dji.o(i.can_dji_handle)
    can_gimbal_handle                        0x0800bbbd   Thumb Code   120  can_dji_gimbal.o(i.can_gimbal_handle)
    can_handle_remote_button                 0x0800bc3d   Thumb Code    62  can_dji_remote.o(i.can_handle_remote_button)
    comm_send_buffer                         0x0800bc81   Thumb Code    68  mavlinkprotocol.o(i.comm_send_buffer)
    fputc                                    0x0800bd45   Thumb Code    18  fputc.o(i.fputc)
    free                                     0x0800bd59   Thumb Code    76  malloc.o(i.free)
    get_timeOut                              0x0800bda9   Thumb Code    44  timeout.o(i.get_timeOut)
    gs_can_coppy                             0x0800bdd9   Thumb Code    26  can_dji_protocol.o(i.gs_can_coppy)
    gs_can_crc8                              0x0800bdf5   Thumb Code    42  can_dji_protocol.o(i.gs_can_crc8)
    gs_can_msg_pack                          0x0800be7d   Thumb Code   130  can_dji_protocol.o(i.gs_can_msg_pack)
    gs_can_parse                             0x0800beff   Thumb Code   406  can_dji_protocol.o(i.gs_can_parse)
    main                                     0x0800c095   Thumb Code    74  main.o(i.main)
    malloc                                   0x0800c0e1   Thumb Code    92  malloc.o(i.malloc)
    mavlinkProtocol_init                     0x0800c16d   Thumb Code    16  mavlinkprotocol.o(i.mavlinkProtocol_init)
    mavlinkProtocol_serialPort3_Deinit       0x0800c17d   Thumb Code    14  mavlinkprotocol.o(i.mavlinkProtocol_serialPort3_Deinit)
    mavlinkProtocol_serialPort3_init         0x0800c191   Thumb Code    38  mavlinkprotocol.o(i.mavlinkProtocol_serialPort3_init)
    mavlinkProtocol_serialPort3_readData     0x0800c1c9   Thumb Code    74  mavlinkprotocol.o(i.mavlinkProtocol_serialPort3_readData)
    mavlinkProtocol_serialPort4_init         0x0800c219   Thumb Code    38  mavlinkprotocol.o(i.mavlinkProtocol_serialPort4_init)
    mavlinkProtocol_serialPort4_readData     0x0800c251   Thumb Code    74  mavlinkprotocol.o(i.mavlinkProtocol_serialPort4_readData)
    mavlinkProtocol_serialPort5_init         0x0800c2a1   Thumb Code    38  mavlinkprotocol.o(i.mavlinkProtocol_serialPort5_init)
    mavlinkProtocol_serialPort5_readData     0x0800c2d9   Thumb Code    74  mavlinkprotocol.o(i.mavlinkProtocol_serialPort5_readData)
    mavlink_finalize_message                 0x0800c329   Thumb Code    36  mavlinkprotocol.o(i.mavlink_finalize_message)
    mavlink_finalize_message_buffer          0x0800c34d   Thumb Code   344  mavlinkprotocol.o(i.mavlink_finalize_message_buffer)
    mavlink_finalize_message_chan            0x0800c4a5   Thumb Code    48  mavlinkprotocol.o(i.mavlink_finalize_message_chan)
    mavlink_frame_char                       0x0800c4d5   Thumb Code    44  mavlinkprotocol.o(i.mavlink_frame_char)
    mavlink_frame_char_buffer                0x0800c501   Thumb Code   852  mavlinkprotocol.o(i.mavlink_frame_char_buffer)
    mavlink_get_channel_buffer               0x0800c855   Thumb Code    18  mavlinkprotocol.o(i.mavlink_get_channel_buffer)
    mavlink_get_channel_status               0x0800c86d   Thumb Code    14  mavlinkprotocol.o(i.mavlink_get_channel_status)
    mavlink_get_msg_entry                    0x0800c881   Thumb Code    92  mavlinkprotocol.o(i.mavlink_get_msg_entry)
    mavlink_msg_to_send_buffer               0x0800cb3b   Thumb Code   210  mavlinkprotocol.o(i.mavlink_msg_to_send_buffer)
    mavlink_parse_char                       0x0800cc0d   Thumb Code    92  mavlinkprotocol.o(i.mavlink_parse_char)
    mavlink_sha256_final_48                  0x0800ce49   Thumb Code   170  mavlinkprotocol.o(i.mavlink_sha256_final_48)
    mavlink_sha256_init                      0x0800cef5   Thumb Code    40  mavlinkprotocol.o(i.mavlink_sha256_init)
    mavlink_sha256_update                    0x0800cf3d   Thumb Code   152  mavlinkprotocol.o(i.mavlink_sha256_update)
    mavlink_sign_packet                      0x0800cfd5   Thumb Code   150  mavlinkprotocol.o(i.mavlink_sign_packet)
    mavlink_signature_check                  0x0800d06d   Thumb Code   382  mavlinkprotocol.o(i.mavlink_signature_check)
    mavlink_start_checksum                   0x0800d1f1   Thumb Code    12  mavlinkprotocol.o(i.mavlink_start_checksum)
    mavlink_update_checksum                  0x0800d1fd   Thumb Code    16  mavlinkprotocol.o(i.mavlink_update_checksum)
    ppm_configuration                        0x0800d20d   Thumb Code    90  ppm.o(i.ppm_configuration)
    ppm_disable                              0x0800d279   Thumb Code    18  ppm.o(i.ppm_disable)
    ppm_enable                               0x0800d291   Thumb Code    18  ppm.o(i.ppm_enable)
    ppm_set_channel                          0x0800d2a9   Thumb Code   104  ppm.o(i.ppm_set_channel)
    serialPort_read                          0x0800d315   Thumb Code   104  serialport.o(i.serialPort_read)
    serialPort_read_byte_count               0x0800d37d   Thumb Code    48  serialport.o(i.serialPort_read_byte_count)
    serialPort_send                          0x0800d3ad   Thumb Code   108  serialport.o(i.serialPort_send)
    serialPort_tx_finish                     0x0800d439   Thumb Code    62  serialport.o(i.serialPort_tx_finish)
    serialPort_write                         0x0800d477   Thumb Code   132  serialport.o(i.serialPort_write)
    serialPort_write_list                    0x0800d4fb   Thumb Code    64  serialport.o(i.serialPort_write_list)
    ssd1306_DrawPixel                        0x0800d53d   Thumb Code   164  ssd1306.o(i.ssd1306_DrawPixel)
    ssd1306_Fill                             0x0800d5e9   Thumb Code    28  ssd1306.o(i.ssd1306_Fill)
    ssd1306_Init                             0x0800d609   Thumb Code   218  ssd1306.o(i.ssd1306_Init)
    ssd1306_Reset                            0x0800d6ed   Thumb Code     2  ssd1306.o(i.ssd1306_Reset)
    ssd1306_SetContrast                      0x0800d6ef   Thumb Code    20  ssd1306.o(i.ssd1306_SetContrast)
    ssd1306_SetCursor                        0x0800d705   Thumb Code     8  ssd1306.o(i.ssd1306_SetCursor)
    ssd1306_SetDisplayOn                     0x0800d711   Thumb Code    32  ssd1306.o(i.ssd1306_SetDisplayOn)
    ssd1306_UpdateScreen                     0x0800d735   Thumb Code    52  ssd1306.o(i.ssd1306_UpdateScreen)
    ssd1306_WriteChar                        0x0800d76d   Thumb Code   184  ssd1306.o(i.ssd1306_WriteChar)
    ssd1306_WriteCommand                     0x0800d829   Thumb Code    34  ssd1306.o(i.ssd1306_WriteCommand)
    ssd1306_WriteData                        0x0800d851   Thumb Code    32  ssd1306.o(i.ssd1306_WriteData)
    ssd1306_WriteString                      0x0800d875   Thumb Code    44  ssd1306.o(i.ssd1306_WriteString)
    timeOut_configuration                    0x0800d8a1   Thumb Code    10  timeout.o(i.timeOut_configuration)
    AHBPrescTable                            0x0800d8cc   Data          16  system_stm32f4xx.o(.constdata)
    APBPrescTable                            0x0800d8dc   Data           8  system_stm32f4xx.o(.constdata)
    Region$$Table$$Base                      0x0801226c   Number         0  anon$$obj.o(Region$$Table)
    Region$$Table$$Limit                     0x0801228c   Number         0  anon$$obj.o(Region$$Table)
    uwTick                                   0x20000000   Data           4  stm32f4xx_hal.o(.data)
    uwTickPrio                               0x20000004   Data           4  stm32f4xx_hal.o(.data)
    uwTickFreq                               0x20000008   Data           1  stm32f4xx_hal.o(.data)
    SystemCoreClock                          0x2000000c   Data           4  system_stm32f4xx.o(.data)
    aSRC_Buffer                              0x20000010   Data          36  ppm.o(.data)
    button_private                           0x2000004c   Data           3  jig_test_button.o(.data)
    str                                      0x20000050   Data           4  jig_test_button.o(.data)
    HARDWARE_GPIO_PIN                        0x20000058   Data          32  jig_test_aux.o(.data)
    HARDWARE_GPIO_PORT                       0x20000078   Data          16  jig_test_aux.o(.data)
    JIG_TEST_setting_param_test_for_t3v3     0x20000098   Data         140  jig_test_gimbal_fstd_v2.o(.data)
    JIG_TEST_setting_param_test_for_s1v3     0x20000124   Data         140  jig_test_gimbal_fstd_v2.o(.data)
    JIG_TEST_setting_param_test_for_t7       0x200001b0   Data         140  jig_test_gimbal_fstd_v2.o(.data)
    JIG_TEST_setting_param_test_for_pixy     0x2000023c   Data         140  jig_test_gimbal_fstd_v2.o(.data)
    JIG_TEST_setting_param_test_for_acsl     0x200002c8   Data         140  jig_test_gimbal_fstd_v2.o(.data)
    JIG_TEST_gimbal_user_profile_ship_T3     0x20000354   Data         132  jig_test_gimbal_fstd_v2.o(.data)
    JIG_TEST_gimbal_user_profile_ship_AC30000 0x200003d8   Data         180  jig_test_gimbal_fstd_v2.o(.data)
    JIG_TEST_gimbal_user_profile_ship_S1v3   0x2000048c   Data         132  jig_test_gimbal_fstd_v2.o(.data)
    JIG_TEST_gimbal_user_profile_ship_T7     0x20000510   Data         132  jig_test_gimbal_fstd_v2.o(.data)
    gimbal_param_setting                     0x20000594   Data         560  jig_test_gimbal_fstd_v2.o(.data)
    gimbal_user_profile_ship                 0x200007c4   Data         704  jig_test_gimbal_fstd_v2.o(.data)
    gimbal_user_profile_ship_ac30000         0x20000a84   Data         896  jig_test_gimbal_fstd_v2.o(.data)
    JGI_TEST_DISPLAY_LINE_ONE_Y              0x20000e94   Data           1  jig_test_display_v2.o(.data)
    JGI_TEST_DISPLAY_LINE_TWO_Y              0x20000e95   Data           1  jig_test_display_v2.o(.data)
    JGI_TEST_DISPLAY_LINE_THREE_Y            0x20000e96   Data           1  jig_test_display_v2.o(.data)
    JGI_TEST_DISPLAY_LINE_FOUR_Y             0x20000e97   Data           1  jig_test_display_v2.o(.data)
    JGI_TEST_DISPLAY_LINE_FIVE_Y             0x20000e98   Data           1  jig_test_display_v2.o(.data)
    gremsy_device                            0x20000e9c   Data         104  jig_test_display_v2.o(.data)
    Font_6x8                                 0x20000f18   Data           8  ssd1306_fonts.o(.data)
    Font_7x10                                0x20000f20   Data           8  ssd1306_fonts.o(.data)
    Font_11x18                               0x20000f28   Data           8  ssd1306_fonts.o(.data)
    Font_16x26                               0x20000f30   Data           8  ssd1306_fonts.o(.data)
    __stdout                                 0x20000f38   Data           4  stdout.o(.data)
    __microlib_freelist                      0x20000f3c   Data           4  mvars.o(.data)
    __microlib_freelist_initialised          0x20000f40   Data           4  mvars.o(.data)
    hcan1                                    0x20000f48   Data          40  main.o(.bss)
    hi2c1                                    0x20000f70   Data          84  main.o(.bss)
    htim4                                    0x20000fc4   Data          72  main.o(.bss)
    htim5                                    0x2000100c   Data          72  main.o(.bss)
    hdma_tim4_up                             0x20001054   Data          96  main.o(.bss)
    huart4                                   0x200010b4   Data          68  main.o(.bss)
    huart5                                   0x200010f8   Data          68  main.o(.bss)
    huart1                                   0x2000113c   Data          68  main.o(.bss)
    huart3                                   0x20001180   Data          68  main.o(.bss)
    huart6                                   0x200011c4   Data          68  main.o(.bss)
    hdma_uart4_tx                            0x20001208   Data          96  main.o(.bss)
    hdma_uart4_rx                            0x20001268   Data          96  main.o(.bss)
    hdma_uart5_tx                            0x200012c8   Data          96  main.o(.bss)
    hdma_uart5_rx                            0x20001328   Data          96  main.o(.bss)
    hdma_usart1_tx                           0x20001388   Data          96  main.o(.bss)
    hdma_usart1_rx                           0x200013e8   Data          96  main.o(.bss)
    hdma_usart3_tx                           0x20001448   Data          96  main.o(.bss)
    hdma_usart3_rx                           0x200014a8   Data          96  main.o(.bss)
    hdma_usart6_tx                           0x20001508   Data          96  main.o(.bss)
    ppm_gimbal                               0x20001968   Data          10  jig_test_ppm_gimbal.o(.bss)
    can_dji_private                          0x20001974   Data         356  jig_test_can_dji_.o(.bss)
    gsCanRxMsg                               0x20001ad8   Data         270  jig_test_can_dji_.o(.bss)
    gsCanRxState                             0x20001be8   Data          24  jig_test_can_dji_.o(.bss)
    gsCanTxMsg                               0x20001c00   Data         270  jig_test_can_dji_.o(.bss)
    gsCanTxState                             0x20001d10   Data          24  jig_test_can_dji_.o(.bss)
    dji_system                               0x20001d28   Data         164  jig_test_can_dji_.o(.bss)
    channels_w                               0x20001dcc   Data          32  jig_test_sbus_gimbal.o(.bss)
    sbus_gimbal                              0x20001dec   Data          10  jig_test_sbus_gimbal.o(.bss)
    serial_port3                             0x20001e10   Data        2784  mavlinkprotocol.o(.bss)
    serial_port4                             0x200028f0   Data        2784  mavlinkprotocol.o(.bss)
    serial_port5                             0x200033d0   Data        2784  mavlinkprotocol.o(.bss)
    mavlink_gimbal_COM2                      0x200044f0   Data         224  jig_test_mavlink_gimbal.o(.bss)
    mavlink_gimbal_COM4                      0x200045d0   Data         224  jig_test_mavlink_gimbal.o(.bss)
    mavlink_comm_rapberry                    0x200046b0   Data         224  jig_test_mavlink_gimbal.o(.bss)
    raspberry_msg                            0x20004790   Data          36  jig_test_mavlink_gimbal.o(.bss)
    mav_state_COM2                           0x200047b8   Data         320  jig_test_mavlink_gimbal.o(.bss)
    mav_state_COM4                           0x200048f8   Data         320  jig_test_mavlink_gimbal.o(.bss)
    mav_state_comm_raspberry                 0x20004a38   Data         320  jig_test_mavlink_gimbal.o(.bss)
    Console                                  0x20004b78   Data        2784  jig_test_console.o(.bss)
    gimbal_FSTD_private                      0x20005658   Data         152  jig_test_gimbal_fstd_v2.o(.bss)
    gimbal_FSTD_global                       0x200056f0   Data         108  jig_test_gimbal_fstd_v2.o(.bss)
    display_private                          0x2000575c   Data          12  jig_test_display_v2.o(.bss)
    __heap_base                              0x20005c80   Data           0  startup_stm32f405xx.o(HEAP)
    __heap_limit                             0x20005e80   Data           0  startup_stm32f405xx.o(HEAP)
    __initial_sp                             0x20006280   Data           0  startup_stm32f405xx.o(STACK)



==============================================================================

Memory Map of the image

  Image Entry point : 0x08000189

  Load Region LR_IROM1 (Base: 0x08000000, Size: 0x000131d4, Max: 0x00100000, ABSOLUTE, COMPRESSED[0x0001263c])

    Execution Region ER_IROM1 (Exec base: 0x08000000, Load base: 0x08000000, Size: 0x0001228c, Max: 0x00100000, ABSOLUTE)

    Exec Addr    Load Addr    Size         Type   Attr      Idx    E Section Name        Object

    0x08000000   0x08000000   0x00000188   Data   RO            3    RESET               startup_stm32f405xx.o
    0x08000188   0x08000188   0x00000000   Code   RO         7260  * .ARM.Collect$$$$00000000  mc_w.l(entry.o)
    0x08000188   0x08000188   0x00000004   Code   RO         7643    .ARM.Collect$$$$00000001  mc_w.l(entry2.o)
    0x0800018c   0x0800018c   0x00000004   Code   RO         7646    .ARM.Collect$$$$00000004  mc_w.l(entry5.o)
    0x08000190   0x08000190   0x00000000   Code   RO         7648    .ARM.Collect$$$$00000008  mc_w.l(entry7b.o)
    0x08000190   0x08000190   0x00000000   Code   RO         7650    .ARM.Collect$$$$0000000A  mc_w.l(entry8b.o)
    0x08000190   0x08000190   0x00000008   Code   RO         7651    .ARM.Collect$$$$0000000B  mc_w.l(entry9a.o)
    0x08000198   0x08000198   0x00000000   Code   RO         7653    .ARM.Collect$$$$0000000D  mc_w.l(entry10a.o)
    0x08000198   0x08000198   0x00000000   Code   RO         7655    .ARM.Collect$$$$0000000F  mc_w.l(entry11a.o)
    0x08000198   0x08000198   0x00000004   Code   RO         7644    .ARM.Collect$$$$00002712  mc_w.l(entry2.o)
    0x0800019c   0x0800019c   0x00000024   Code   RO            4    .text               startup_stm32f405xx.o
    0x080001c0   0x080001c0   0x00000062   Code   RO         7263    .text               mc_w.l(uldiv.o)
    0x08000222   0x08000222   0x00000024   Code   RO         7265    .text               mc_w.l(memcpya.o)
    0x08000246   0x08000246   0x00000024   Code   RO         7267    .text               mc_w.l(memseta.o)
    0x0800026a   0x0800026a   0x0000000e   Code   RO         7271    .text               mc_w.l(strlen.o)
    0x08000278   0x08000278   0x0000001a   Code   RO         7273    .text               mc_w.l(memcmp.o)
    0x08000292   0x08000292   0x00000012   Code   RO         7275    .text               mc_w.l(strcpy.o)
    0x080002a4   0x080002a4   0x0000014e   Code   RO         7568    .text               mf_w.l(dadd.o)
    0x080003f2   0x080003f2   0x000000e4   Code   RO         7570    .text               mf_w.l(dmul.o)
    0x080004d6   0x080004d6   0x000000de   Code   RO         7572    .text               mf_w.l(ddiv.o)
    0x080005b4   0x080005b4   0x00000022   Code   RO         7574    .text               mf_w.l(dflti.o)
    0x080005d6   0x080005d6   0x00000026   Code   RO         7580    .text               mf_w.l(f2d.o)
    0x080005fc   0x080005fc   0x00000030   Code   RO         7582    .text               mf_w.l(cdcmple.o)
    0x0800062c   0x0800062c   0x00000038   Code   RO         7584    .text               mf_w.l(d2f.o)
    0x08000664   0x08000664   0x0000002c   Code   RO         7660    .text               mc_w.l(uidiv.o)
    0x08000690   0x08000690   0x0000001e   Code   RO         7662    .text               mc_w.l(llshl.o)
    0x080006ae   0x080006ae   0x00000020   Code   RO         7664    .text               mc_w.l(llushr.o)
    0x080006ce   0x080006ce   0x00000024   Code   RO         7666    .text               mc_w.l(llsshr.o)
    0x080006f2   0x080006f2   0x00000000   Code   RO         7677    .text               mc_w.l(iusefp.o)
    0x080006f2   0x080006f2   0x0000006e   Code   RO         7678    .text               mf_w.l(fepilogue.o)
    0x08000760   0x08000760   0x000000ba   Code   RO         7680    .text               mf_w.l(depilogue.o)
    0x0800081a   0x0800081a   0x000000a2   Code   RO         7684    .text               mf_w.l(dsqrt.o)
    0x080008bc   0x080008bc   0x00000030   Code   RO         7686    .text               mf_w.l(dfixul.o)
    0x080008ec   0x080008ec   0x00000030   Code   RO         7688    .text               mf_w.l(cdrcmple.o)
    0x0800091c   0x0800091c   0x00000024   Code   RO         7690    .text               mc_w.l(init.o)
    0x08000940   0x08000940   0x00000000   Code   RO         7692    .text               mc_w.l(semi.o)
    0x08000940   0x08000940   0x00000000   Code   RO         7693    .text               mc_w.l(iusesemip.o)
    0x08000940   0x08000940   0x0000005e   Code   RO         7702    .text               mc_w.l(__dclz77c.o)
    0x0800099e   0x0800099e   0x00000004   Code   RO          265    i.BusFault_Handler  stm32f4xx_it.o
    0x080009a2   0x080009a2   0x00000002   PAD
    0x080009a4   0x080009a4   0x00000010   Code   RO          266    i.CAN1_RX0_IRQHandler  stm32f4xx_it.o
    0x080009b4   0x080009b4   0x00000010   Code   RO          267    i.CAN1_TX_IRQHandler  stm32f4xx_it.o
    0x080009c4   0x080009c4   0x00000010   Code   RO          268    i.DMA1_Stream0_IRQHandler  stm32f4xx_it.o
    0x080009d4   0x080009d4   0x00000010   Code   RO          269    i.DMA1_Stream1_IRQHandler  stm32f4xx_it.o
    0x080009e4   0x080009e4   0x00000010   Code   RO          270    i.DMA1_Stream2_IRQHandler  stm32f4xx_it.o
    0x080009f4   0x080009f4   0x00000010   Code   RO          271    i.DMA1_Stream3_IRQHandler  stm32f4xx_it.o
    0x08000a04   0x08000a04   0x00000010   Code   RO          272    i.DMA1_Stream4_IRQHandler  stm32f4xx_it.o
    0x08000a14   0x08000a14   0x00000010   Code   RO          273    i.DMA1_Stream6_IRQHandler  stm32f4xx_it.o
    0x08000a24   0x08000a24   0x00000010   Code   RO          274    i.DMA1_Stream7_IRQHandler  stm32f4xx_it.o
    0x08000a34   0x08000a34   0x00000010   Code   RO          275    i.DMA2_Stream2_IRQHandler  stm32f4xx_it.o
    0x08000a44   0x08000a44   0x00000010   Code   RO          276    i.DMA2_Stream6_IRQHandler  stm32f4xx_it.o
    0x08000a54   0x08000a54   0x00000010   Code   RO          277    i.DMA2_Stream7_IRQHandler  stm32f4xx_it.o
    0x08000a64   0x08000a64   0x00000034   Code   RO         1276    i.DMA_CalcBaseAndBitshift  stm32f4xx_hal_dma.o
    0x08000a98   0x08000a98   0x000000aa   Code   RO         1277    i.DMA_CheckFifoParam  stm32f4xx_hal_dma.o
    0x08000b42   0x08000b42   0x0000002c   Code   RO         1278    i.DMA_SetConfig     stm32f4xx_hal_dma.o
    0x08000b6e   0x08000b6e   0x00000002   Code   RO          278    i.DebugMon_Handler  stm32f4xx_it.o
    0x08000b70   0x08000b70   0x00000006   Code   RO           13    i.Error_Handler     main.o
    0x08000b76   0x08000b76   0x0000002a   Code   RO          539    i.HAL_CAN_ActivateNotification  stm32f4xx_hal_can.o
    0x08000ba0   0x08000ba0   0x00000156   Code   RO          540    i.HAL_CAN_AddTxMessage  stm32f4xx_hal_can.o
    0x08000cf6   0x08000cf6   0x00000002   PAD
    0x08000cf8   0x08000cf8   0x00000124   Code   RO          541    i.HAL_CAN_ConfigFilter  stm32f4xx_hal_can.o
    0x08000e1c   0x08000e1c   0x00000002   Code   RO          544    i.HAL_CAN_ErrorCallback  stm32f4xx_hal_can.o
    0x08000e1e   0x08000e1e   0x0000017a   Code   RO          547    i.HAL_CAN_GetRxMessage  stm32f4xx_hal_can.o
    0x08000f98   0x08000f98   0x0000024e   Code   RO          551    i.HAL_CAN_IRQHandler  stm32f4xx_hal_can.o
    0x080011e6   0x080011e6   0x00000174   Code   RO          552    i.HAL_CAN_Init      stm32f4xx_hal_can.o
    0x0800135a   0x0800135a   0x00000002   PAD
    0x0800135c   0x0800135c   0x000000a8   Code   RO          458    i.HAL_CAN_MspInit   stm32f4xx_hal_msp.o
    0x08001404   0x08001404   0x00000002   Code   RO          559    i.HAL_CAN_RxFifo0FullCallback  stm32f4xx_hal_can.o
    0x08001406   0x08001406   0x00000002   PAD
    0x08001408   0x08001408   0x00000068   Code   RO         4533    i.HAL_CAN_RxFifo0MsgPendingCallback  jig_test_can_dji_.o
    0x08001470   0x08001470   0x00000002   Code   RO          561    i.HAL_CAN_RxFifo1FullCallback  stm32f4xx_hal_can.o
    0x08001472   0x08001472   0x00000002   Code   RO          562    i.HAL_CAN_RxFifo1MsgPendingCallback  stm32f4xx_hal_can.o
    0x08001474   0x08001474   0x00000002   Code   RO          563    i.HAL_CAN_SleepCallback  stm32f4xx_hal_can.o
    0x08001476   0x08001476   0x0000005e   Code   RO          564    i.HAL_CAN_Start     stm32f4xx_hal_can.o
    0x080014d4   0x080014d4   0x00000002   Code   RO          566    i.HAL_CAN_TxMailbox0AbortCallback  stm32f4xx_hal_can.o
    0x080014d6   0x080014d6   0x00000002   PAD
    0x080014d8   0x080014d8   0x00000060   Code   RO         4534    i.HAL_CAN_TxMailbox0CompleteCallback  jig_test_can_dji_.o
    0x08001538   0x08001538   0x00000002   Code   RO          568    i.HAL_CAN_TxMailbox1AbortCallback  stm32f4xx_hal_can.o
    0x0800153a   0x0800153a   0x00000002   Code   RO          569    i.HAL_CAN_TxMailbox1CompleteCallback  stm32f4xx_hal_can.o
    0x0800153c   0x0800153c   0x00000002   Code   RO          570    i.HAL_CAN_TxMailbox2AbortCallback  stm32f4xx_hal_can.o
    0x0800153e   0x0800153e   0x00000002   Code   RO          571    i.HAL_CAN_TxMailbox2CompleteCallback  stm32f4xx_hal_can.o
    0x08001540   0x08001540   0x00000002   Code   RO          573    i.HAL_CAN_WakeUpFromRxMsgCallback  stm32f4xx_hal_can.o
    0x08001542   0x08001542   0x000000aa   Code   RO         1279    i.HAL_DMA_Abort     stm32f4xx_hal_dma.o
    0x080015ec   0x080015ec   0x00000028   Code   RO         1280    i.HAL_DMA_Abort_IT  stm32f4xx_hal_dma.o
    0x08001614   0x08001614   0x00000070   Code   RO         1281    i.HAL_DMA_DeInit    stm32f4xx_hal_dma.o
    0x08001684   0x08001684   0x00000240   Code   RO         1284    i.HAL_DMA_IRQHandler  stm32f4xx_hal_dma.o
    0x080018c4   0x080018c4   0x000000ec   Code   RO         1285    i.HAL_DMA_Init      stm32f4xx_hal_dma.o
    0x080019b0   0x080019b0   0x00000092   Code   RO         1289    i.HAL_DMA_Start_IT  stm32f4xx_hal_dma.o
    0x08001a42   0x08001a42   0x00000002   PAD
    0x08001a44   0x08001a44   0x00000028   Code   RO         1703    i.HAL_Delay         stm32f4xx_hal.o
    0x08001a6c   0x08001a6c   0x00000164   Code   RO         1169    i.HAL_GPIO_DeInit   stm32f4xx_hal_gpio.o
    0x08001bd0   0x08001bd0   0x00000204   Code   RO         1172    i.HAL_GPIO_Init     stm32f4xx_hal_gpio.o
    0x08001dd4   0x08001dd4   0x00000010   Code   RO         1174    i.HAL_GPIO_ReadPin  stm32f4xx_hal_gpio.o
    0x08001de4   0x08001de4   0x00000014   Code   RO         1175    i.HAL_GPIO_TogglePin  stm32f4xx_hal_gpio.o
    0x08001df8   0x08001df8   0x0000000c   Code   RO         1176    i.HAL_GPIO_WritePin  stm32f4xx_hal_gpio.o
    0x08001e04   0x08001e04   0x0000000c   Code   RO         1709    i.HAL_GetTick       stm32f4xx_hal.o
    0x08001e10   0x08001e10   0x000001d0   Code   RO         2244    i.HAL_I2C_Init      stm32f4xx_hal_i2c.o
    0x08001fe0   0x08001fe0   0x000001b8   Code   RO         2245    i.HAL_I2C_IsDeviceReady  stm32f4xx_hal_i2c.o
    0x08002198   0x08002198   0x00000164   Code   RO         2265    i.HAL_I2C_Mem_Write  stm32f4xx_hal_i2c.o
    0x080022fc   0x080022fc   0x00000088   Code   RO          460    i.HAL_I2C_MspInit   stm32f4xx_hal_msp.o
    0x08002384   0x08002384   0x00000018   Code   RO         1715    i.HAL_IncTick       stm32f4xx_hal.o
    0x0800239c   0x0800239c   0x0000003c   Code   RO         1716    i.HAL_Init          stm32f4xx_hal.o
    0x080023d8   0x080023d8   0x0000004c   Code   RO         1717    i.HAL_InitTick      stm32f4xx_hal.o
    0x08002424   0x08002424   0x00000048   Code   RO          461    i.HAL_MspInit       stm32f4xx_hal_msp.o
    0x0800246c   0x0800246c   0x00000044   Code   RO         1560    i.HAL_NVIC_DisableIRQ  stm32f4xx_hal_cortex.o
    0x080024b0   0x080024b0   0x00000020   Code   RO         1561    i.HAL_NVIC_EnableIRQ  stm32f4xx_hal_cortex.o
    0x080024d0   0x080024d0   0x0000007c   Code   RO         1567    i.HAL_NVIC_SetPriority  stm32f4xx_hal_cortex.o
    0x0800254c   0x0800254c   0x00000028   Code   RO         1568    i.HAL_NVIC_SetPriorityGrouping  stm32f4xx_hal_cortex.o
    0x08002574   0x08002574   0x000001a0   Code   RO          878    i.HAL_RCCEx_PeriphCLKConfig  stm32f4xx_hal_rcc_ex.o
    0x08002714   0x08002714   0x00000184   Code   RO          773    i.HAL_RCC_ClockConfig  stm32f4xx_hal_rcc.o
    0x08002898   0x08002898   0x0000000c   Code   RO          778    i.HAL_RCC_GetHCLKFreq  stm32f4xx_hal_rcc.o
    0x080028a4   0x080028a4   0x00000020   Code   RO          780    i.HAL_RCC_GetPCLK1Freq  stm32f4xx_hal_rcc.o
    0x080028c4   0x080028c4   0x00000020   Code   RO          781    i.HAL_RCC_GetPCLK2Freq  stm32f4xx_hal_rcc.o
    0x080028e4   0x080028e4   0x000000b0   Code   RO          782    i.HAL_RCC_GetSysClockFreq  stm32f4xx_hal_rcc.o
    0x08002994   0x08002994   0x0000049c   Code   RO          785    i.HAL_RCC_OscConfig  stm32f4xx_hal_rcc.o
    0x08002e30   0x08002e30   0x00000034   Code   RO         1572    i.HAL_SYSTICK_Config  stm32f4xx_hal_cortex.o
    0x08002e64   0x08002e64   0x00000002   Code   RO         3670    i.HAL_TIMEx_BreakCallback  stm32f4xx_hal_tim_ex.o
    0x08002e66   0x08002e66   0x00000002   Code   RO         3671    i.HAL_TIMEx_CommutCallback  stm32f4xx_hal_tim_ex.o
    0x08002e68   0x08002e68   0x000000b4   Code   RO         3689    i.HAL_TIMEx_MasterConfigSynchronization  stm32f4xx_hal_tim_ex.o
    0x08002f1c   0x08002f1c   0x00000066   Code   RO         2955    i.HAL_TIM_Base_Init  stm32f4xx_hal_tim.o
    0x08002f82   0x08002f82   0x00000002   PAD
    0x08002f84   0x08002f84   0x000000c8   Code   RO          463    i.HAL_TIM_Base_MspInit  stm32f4xx_hal_msp.o
    0x0800304c   0x0800304c   0x0000009c   Code   RO         2958    i.HAL_TIM_Base_Start  stm32f4xx_hal_tim.o
    0x080030e8   0x080030e8   0x00000108   Code   RO         2964    i.HAL_TIM_ConfigClockSource  stm32f4xx_hal_tim.o
    0x080031f0   0x080031f0   0x00000002   Code   RO         2989    i.HAL_TIM_IC_CaptureCallback  stm32f4xx_hal_tim.o
    0x080031f2   0x080031f2   0x00000196   Code   RO         3003    i.HAL_TIM_IRQHandler  stm32f4xx_hal_tim.o
    0x08003388   0x08003388   0x00000060   Code   RO          464    i.HAL_TIM_MspPostInit  stm32f4xx_hal_msp.o
    0x080033e8   0x080033e8   0x00000002   Code   RO         3006    i.HAL_TIM_OC_DelayElapsedCallback  stm32f4xx_hal_tim.o
    0x080033ea   0x080033ea   0x000000fc   Code   RO         3027    i.HAL_TIM_PWM_ConfigChannel  stm32f4xx_hal_tim.o
    0x080034e6   0x080034e6   0x00000066   Code   RO         3030    i.HAL_TIM_PWM_Init  stm32f4xx_hal_tim.o
    0x0800354c   0x0800354c   0x00000002   Code   RO         3032    i.HAL_TIM_PWM_MspInit  stm32f4xx_hal_tim.o
    0x0800354e   0x0800354e   0x00000002   Code   RO         3033    i.HAL_TIM_PWM_PulseFinishedCallback  stm32f4xx_hal_tim.o
    0x08003550   0x08003550   0x0000010c   Code   RO         3035    i.HAL_TIM_PWM_Start  stm32f4xx_hal_tim.o
    0x0800365c   0x0800365c   0x00000002   Code   RO         3041    i.HAL_TIM_PeriodElapsedCallback  stm32f4xx_hal_tim.o
    0x0800365e   0x0800365e   0x00000002   Code   RO         3046    i.HAL_TIM_TriggerCallback  stm32f4xx_hal_tim.o
    0x08003660   0x08003660   0x00000002   Code   RO         3948    i.HAL_UARTEx_RxEventCallback  stm32f4xx_hal_uart.o
    0x08003662   0x08003662   0x0000003c   Code   RO         3961    i.HAL_UART_DeInit   stm32f4xx_hal_uart.o
    0x0800369e   0x0800369e   0x00000002   Code   RO         3962    i.HAL_UART_ErrorCallback  stm32f4xx_hal_uart.o
    0x080036a0   0x080036a0   0x00000250   Code   RO         3965    i.HAL_UART_IRQHandler  stm32f4xx_hal_uart.o
    0x080038f0   0x080038f0   0x00000072   Code   RO         3966    i.HAL_UART_Init     stm32f4xx_hal_uart.o
    0x08003962   0x08003962   0x00000002   PAD
    0x08003964   0x08003964   0x0000012c   Code   RO          465    i.HAL_UART_MspDeInit  stm32f4xx_hal_msp.o
    0x08003a90   0x08003a90   0x00000578   Code   RO          466    i.HAL_UART_MspInit  stm32f4xx_hal_msp.o
    0x08004008   0x08004008   0x00000042   Code   RO         3970    i.HAL_UART_Receive_DMA  stm32f4xx_hal_uart.o
    0x0800404a   0x0800404a   0x00000002   Code   RO         3972    i.HAL_UART_RxCpltCallback  stm32f4xx_hal_uart.o
    0x0800404c   0x0800404c   0x00000002   Code   RO         3973    i.HAL_UART_RxHalfCpltCallback  stm32f4xx_hal_uart.o
    0x0800404e   0x0800404e   0x00000002   PAD
    0x08004050   0x08004050   0x0000009c   Code   RO         3975    i.HAL_UART_Transmit_DMA  stm32f4xx_hal_uart.o
    0x080040ec   0x080040ec   0x00000070   Code   RO         4803    i.HAL_UART_TxCpltCallback  mavlinkprotocol.o
    0x0800415c   0x0800415c   0x00000002   Code   RO         3978    i.HAL_UART_TxHalfCpltCallback  stm32f4xx_hal_uart.o
    0x0800415e   0x0800415e   0x00000004   Code   RO          279    i.HardFault_Handler  stm32f4xx_it.o
    0x08004162   0x08004162   0x0000003e   Code   RO         2287    i.I2C_IsAcknowledgeFailed  stm32f4xx_hal_i2c.o
    0x080041a0   0x080041a0   0x000000e0   Code   RO         2299    i.I2C_RequestMemoryWrite  stm32f4xx_hal_i2c.o
    0x08004280   0x08004280   0x0000005c   Code   RO         2307    i.I2C_WaitOnBTFFlagUntilTimeout  stm32f4xx_hal_i2c.o
    0x080042dc   0x080042dc   0x00000086   Code   RO         2308    i.I2C_WaitOnFlagUntilTimeout  stm32f4xx_hal_i2c.o
    0x08004362   0x08004362   0x000000c4   Code   RO         2309    i.I2C_WaitOnMasterAddressFlagUntilTimeout  stm32f4xx_hal_i2c.o
    0x08004426   0x08004426   0x0000005c   Code   RO         2313    i.I2C_WaitOnTXEFlagUntilTimeout  stm32f4xx_hal_i2c.o
    0x08004482   0x08004482   0x00000008   Code   RO         6612    i.JGI_TEST_display_UpdateScreen  jig_test_display_v2.o
    0x0800448a   0x0800448a   0x00000002   PAD
    0x0800448c   0x0800448c   0x00000070   Code   RO         6613    i.JGI_TEST_display_v2_clear  jig_test_display_v2.o
    0x080044fc   0x080044fc   0x00000088   Code   RO         6137    i.JIG_TEST_aux_gpio_result_ok  jig_test_aux.o
    0x08004584   0x08004584   0x00000030   Code   RO         6140    i.JIG_TEST_aux_gpio_write  jig_test_aux.o
    0x080045b4   0x080045b4   0x00000014   Code   RO         6141    i.JIG_TEST_aux_process  jig_test_aux.o
    0x080045c8   0x080045c8   0x00000002   Code   RO         6070    i.JIG_TEST_button_configuration  jig_test_button.o
    0x080045ca   0x080045ca   0x00000002   PAD
    0x080045cc   0x080045cc   0x00000018   Code   RO         6071    i.JIG_TEST_button_get_event  jig_test_button.o
    0x080045e4   0x080045e4   0x000000b0   Code   RO         6072    i.JIG_TEST_button_press  jig_test_button.o
    0x08004694   0x08004694   0x00000008   Code   RO         6073    i.JIG_TEST_button_process  jig_test_button.o
    0x0800469c   0x0800469c   0x00000054   Code   RO         6074    i.JIG_TEST_button_select_2_mode  jig_test_button.o
    0x080046f0   0x080046f0   0x0000001c   Code   RO         6076    i.JIG_TEST_button_state_feed_back_imu  jig_test_button.o
    0x0800470c   0x0800470c   0x000000e0   Code   RO         4535    i.JIG_TEST_can_dji_Error_Handler  jig_test_can_dji_.o
    0x080047ec   0x080047ec   0x0000002c   Code   RO         4536    i.JIG_TEST_can_dji_configuration  jig_test_can_dji_.o
    0x08004818   0x08004818   0x0000002c   Code   RO         4537    i.JIG_TEST_can_dji_first_send  jig_test_can_dji_.o
    0x08004844   0x08004844   0x0000000c   Code   RO         4538    i.JIG_TEST_can_dji_process  jig_test_can_dji_.o
    0x08004850   0x08004850   0x00000044   Code   RO         4539    i.JIG_TEST_can_dji_sFilterConfig  jig_test_can_dji_.o
    0x08004894   0x08004894   0x00000084   Code   RO         4540    i.JIG_TEST_can_dji_send  jig_test_can_dji_.o
    0x08004918   0x08004918   0x00000020   Code   RO         4541    i.JIG_TEST_can_dji_set_default_param  jig_test_can_dji_.o
    0x08004938   0x08004938   0x00000020   Code   RO         4542    i.JIG_TEST_can_dji_set_move  jig_test_can_dji_.o
    0x08004958   0x08004958   0x0000003c   Code   RO         4543    i.JIG_TEST_can_dji_set_rc_channel  jig_test_can_dji_.o
    0x08004994   0x08004994   0x00000078   Code   RO         4544    i.JIG_TEST_can_dji_set_remote_button  jig_test_can_dji_.o
    0x08004a0c   0x08004a0c   0x00000050   Code   RO         4545    i.JIG_TEST_can_dji_start_peripheral  jig_test_can_dji_.o
    0x08004a5c   0x08004a5c   0x0000009c   Code   RO         4546    i.JIG_TEST_can_dji_test_protocol  jig_test_can_dji_.o
    0x08004af8   0x08004af8   0x00000050   Code   RO         4547    i.JIG_TEST_can_dji_write  jig_test_can_dji_.o
    0x08004b48   0x08004b48   0x00000002   Code   RO         6262    i.JIG_TEST_comm_raspberry_v2_cloudData_configuration  jig_test_comm_raspberry_v2.o
    0x08004b4a   0x08004b4a   0x00000002   PAD
    0x08004b4c   0x08004b4c   0x00000024   Code   RO         6032    i.JIG_TEST_console_configuration  jig_test_console.o
    0x08004b70   0x08004b70   0x00000048   Code   RO         6033    i.JIG_TEST_console_write  jig_test_console.o
    0x08004bb8   0x08004bb8   0x0000002c   Code   RO         6615    i.JIG_TEST_display_get_center_screen  jig_test_display_v2.o
    0x08004be4   0x08004be4   0x00000030   Code   RO         6616    i.JIG_TEST_display_get_device_name  jig_test_display_v2.o
    0x08004c14   0x08004c14   0x0000012c   Code   RO         6617    i.JIG_TEST_display_v2_after_reset  jig_test_display_v2.o
    0x08004d40   0x08004d40   0x000000ac   Code   RO         6618    i.JIG_TEST_display_v2_configuration  jig_test_display_v2.o
    0x08004dec   0x08004dec   0x0000000c   Code   RO         6619    i.JIG_TEST_display_v2_get_scanBarcode_done  jig_test_display_v2.o
    0x08004df8   0x08004df8   0x00000026   Code   RO         6620    i.JIG_TEST_display_v2_get_string_result  jig_test_display_v2.o
    0x08004e1e   0x08004e1e   0x00000002   PAD
    0x08004e20   0x08004e20   0x0000005c   Code   RO         6621    i.JIG_TEST_display_v2_gimbal_name  jig_test_display_v2.o
    0x08004e7c   0x08004e7c   0x00000070   Code   RO         6622    i.JIG_TEST_display_v2_gimbal_startup_calib_imu  jig_test_display_v2.o
    0x08004eec   0x08004eec   0x000000a4   Code   RO         6623    i.JIG_TEST_display_v2_gimbal_startup_calib_motor  jig_test_display_v2.o
    0x08004f90   0x08004f90   0x0000024c   Code   RO         6624    i.JIG_TEST_display_v2_main_control_process  jig_test_display_v2.o
    0x080051dc   0x080051dc   0x00000048   Code   RO         6625    i.JIG_TEST_display_v2_mode_test  jig_test_display_v2.o
    0x08005224   0x08005224   0x0000000c   Code   RO         6626    i.JIG_TEST_display_v2_process  jig_test_display_v2.o
    0x08005230   0x08005230   0x00000050   Code   RO         6627    i.JIG_TEST_display_v2_setting_param_gimbal  jig_test_display_v2.o
    0x08005280   0x08005280   0x000001d4   Code   RO         6628    i.JIG_TEST_display_v2_state_done  jig_test_display_v2.o
    0x08005454   0x08005454   0x0000004c   Code   RO         6629    i.JIG_TEST_display_v2_time_test  jig_test_display_v2.o
    0x080054a0   0x080054a0   0x00000050   Code   RO         6630    i.JIG_TEST_display_v2_waitting_for_login  jig_test_display_v2.o
    0x080054f0   0x080054f0   0x00000068   Code   RO         6631    i.JIG_TEST_display_v2_waitting_scan_barCode  jig_test_display_v2.o
    0x08005558   0x08005558   0x00000034   Code   RO         6632    i.JIG_TEST_display_writeData  jig_test_display_v2.o
    0x0800558c   0x0800558c   0x00000154   Code   RO         6393    i.JIG_TEST_gimbal_FSTD_all_mode_control_process  jig_test_gimbal_fstd_v2.o
    0x080056e0   0x080056e0   0x00000090   Code   RO         6394    i.JIG_TEST_gimbal_FSTD_apply_mode_test  jig_test_gimbal_fstd_v2.o
    0x08005770   0x08005770   0x000001b0   Code   RO         6396    i.JIG_TEST_gimbal_FSTD_check_mode_test_rc_result  jig_test_gimbal_fstd_v2.o
    0x08005920   0x08005920   0x00000480   Code   RO         6397    i.JIG_TEST_gimbal_FSTD_control_angle  jig_test_gimbal_fstd_v2.o
    0x08005da0   0x08005da0   0x0000003c   Code   RO         6398    i.JIG_TEST_gimbal_FSTD_get_gimbal_startup_calib_imu  jig_test_gimbal_fstd_v2.o
    0x08005ddc   0x08005ddc   0x0000003c   Code   RO         6399    i.JIG_TEST_gimbal_FSTD_get_gimbal_startup_calib_motor  jig_test_gimbal_fstd_v2.o
    0x08005e18   0x08005e18   0x00000294   Code   RO         6400    i.JIG_TEST_gimbal_FSTD_get_mode_control  jig_test_gimbal_fstd_v2.o
    0x080060ac   0x080060ac   0x0000014c   Code   RO         6401    i.JIG_TEST_gimbal_FSTD_get_return_home  jig_test_gimbal_fstd_v2.o
    0x080061f8   0x080061f8   0x000001b4   Code   RO         6402    i.JIG_TEST_gimbal_FSTD_mode_test_process  jig_test_gimbal_fstd_v2.o
    0x080063ac   0x080063ac   0x00000374   Code   RO         6403    i.JIG_TEST_gimbal_FSTD_request_param_gimbal  jig_test_gimbal_fstd_v2.o
    0x08006720   0x08006720   0x00000094   Code   RO         6404    i.JIG_TEST_gimbal_FSTD_run_feed_back_imu  jig_test_gimbal_fstd_v2.o
    0x080067b4   0x080067b4   0x0000019c   Code   RO         6405    i.JIG_TEST_gimbal_FSTD_setting_param_select  jig_test_gimbal_fstd_v2.o
    0x08006950   0x08006950   0x000001a8   Code   RO         6406    i.JIG_TEST_gimbal_FSTD_setting_param_test  jig_test_gimbal_fstd_v2.o
    0x08006af8   0x08006af8   0x000001c8   Code   RO         6407    i.JIG_TEST_gimbal_FSTD_timeOut_connection_gimbal_COM2  jig_test_gimbal_fstd_v2.o
    0x08006cc0   0x08006cc0   0x00000110   Code   RO         6408    i.JIG_TEST_gimbal_FSTD_v2_aux_test  jig_test_gimbal_fstd_v2.o
    0x08006dd0   0x08006dd0   0x00000128   Code   RO         6409    i.JIG_TEST_gimbal_FSTD_v2_configuration  jig_test_gimbal_fstd_v2.o
    0x08006ef8   0x08006ef8   0x000007c0   Code   RO         6410    i.JIG_TEST_gimbal_FSTD_v2_control_process  jig_test_gimbal_fstd_v2.o
    0x080076b8   0x080076b8   0x0000000c   Code   RO         6416    i.JIG_TEST_gimbal_FSTD_v2_get_error_heartbeat_com2  jig_test_gimbal_fstd_v2.o
    0x080076c4   0x080076c4   0x00000038   Code   RO         6419    i.JIG_TEST_gimbal_FSTD_v2_main_process  jig_test_gimbal_fstd_v2.o
    0x080076fc   0x080076fc   0x000002d0   Code   RO         6420    i.JIG_TEST_gimbal_FSTD_v2_sensor_axis  jig_test_gimbal_fstd_v2.o
    0x080079cc   0x080079cc   0x00000184   Code   RO         6421    i.JIG_TEST_gimbal_FSTD_v2_set_gimbal_mapping_mode  jig_test_gimbal_fstd_v2.o
    0x08007b50   0x08007b50   0x00000088   Code   RO         6422    i.JIG_TEST_gimbal_FSTD_v2_set_stiffness_gimbal_20  jig_test_gimbal_fstd_v2.o
    0x08007bd8   0x08007bd8   0x000004fc   Code   RO         6423    i.JIG_TEST_gimbal_FSTD_v2_setting_stiffness  jig_test_gimbal_fstd_v2.o
    0x080080d4   0x080080d4   0x00000184   Code   RO         6424    i.JIG_TEST_gimbal_FSTD_v2_test_vibrate_s1v3  jig_test_gimbal_fstd_v2.o
    0x08008258   0x08008258   0x000002a0   Code   RO         6425    i.JIG_TEST_gimbal_FSTD_v2_vibrate  jig_test_gimbal_fstd_v2.o
    0x080084f8   0x080084f8   0x0000019c   Code   RO         6426    i.JIG_TEST_gimbal_FSTD_v2_vibrate_once_axis  jig_test_gimbal_fstd_v2.o
    0x08008694   0x08008694   0x00000050   Code   RO         6427    i.JIG_TEST_gimbal_FSTD_write_to_console_result_mode_test  jig_test_gimbal_fstd_v2.o
    0x080086e4   0x080086e4   0x000000a4   Code   RO         5472    i.JIG_TEST_mavlink_comm_raspberry_sendData  jig_test_mavlink_gimbal.o
    0x08008788   0x08008788   0x0000001c   Code   RO         5474    i.JIG_TEST_mavlink_comm_raspberry_send_param_value  jig_test_mavlink_gimbal.o
    0x080087a4   0x080087a4   0x00000010   Code   RO         5475    i.JIG_TEST_mavlink_comm_raspberry_send_request_param_read_msg  jig_test_mavlink_gimbal.o
    0x080087b4   0x080087b4   0x0000001a   Code   RO         5476    i.JIG_TEST_mavlink_gimbal_com4_set_move  jig_test_mavlink_gimbal.o
    0x080087ce   0x080087ce   0x00000008   Code   RO         5478    i.JIG_TEST_mavlink_gimbal_configuration  jig_test_mavlink_gimbal.o
    0x080087d6   0x080087d6   0x0000007c   Code   RO         5479    i.JIG_TEST_mavlink_gimbal_control_motor  jig_test_mavlink_gimbal.o
    0x08008852   0x08008852   0x00000002   PAD
    0x08008854   0x08008854   0x00000024   Code   RO         5480    i.JIG_TEST_mavlink_gimbal_get_sensor_name  jig_test_mavlink_gimbal.o
    0x08008878   0x08008878   0x0000000c   Code   RO         5481    i.JIG_TEST_mavlink_gimbal_get_state_calib_imu  jig_test_mavlink_gimbal.o
    0x08008884   0x08008884   0x0000000c   Code   RO         5482    i.JIG_TEST_mavlink_gimbal_get_state_calib_motor  jig_test_mavlink_gimbal.o
    0x08008890   0x08008890   0x00000084   Code   RO         5483    i.JIG_TEST_mavlink_gimbal_home  jig_test_mavlink_gimbal.o
    0x08008914   0x08008914   0x000005a0   Code   RO         5484    i.JIG_TEST_mavlink_gimbal_message_reciver_handle  jig_test_mavlink_gimbal.o
    0x08008eb4   0x08008eb4   0x0000007c   Code   RO         5485    i.JIG_TEST_mavlink_gimbal_mode  jig_test_mavlink_gimbal.o
    0x08008f30   0x08008f30   0x000000c8   Code   RO         5486    i.JIG_TEST_mavlink_gimbal_move  jig_test_mavlink_gimbal.o
    0x08008ff8   0x08008ff8   0x0000007c   Code   RO         5487    i.JIG_TEST_mavlink_gimbal_param_request_read  jig_test_mavlink_gimbal.o
    0x08009074   0x08009074   0x00000088   Code   RO         5488    i.JIG_TEST_mavlink_gimbal_param_value  jig_test_mavlink_gimbal.o
    0x080090fc   0x080090fc   0x00000010   Code   RO         5489    i.JIG_TEST_mavlink_gimbal_process  jig_test_mavlink_gimbal.o
    0x0800910c   0x0800910c   0x00000054   Code   RO         5490    i.JIG_TEST_mavlink_gimbal_readData  jig_test_mavlink_gimbal.o
    0x08009160   0x08009160   0x0000007a   Code   RO         5492    i.JIG_TEST_mavlink_gimbal_remoteControl  jig_test_mavlink_gimbal.o
    0x080091da   0x080091da   0x00000002   PAD
    0x080091dc   0x080091dc   0x00000080   Code   RO         5493    i.JIG_TEST_mavlink_gimbal_sendData  jig_test_mavlink_gimbal.o
    0x0800925c   0x0800925c   0x000000c4   Code   RO         5494    i.JIG_TEST_mavlink_gimbal_send_heartbeat  jig_test_mavlink_gimbal.o
    0x08009320   0x08009320   0x000000a4   Code   RO         5495    i.JIG_TEST_mavlink_gimbal_send_param  jig_test_mavlink_gimbal.o
    0x080093c4   0x080093c4   0x00000012   Code   RO         5496    i.JIG_TEST_mavlink_gimbal_send_param_request_read  jig_test_mavlink_gimbal.o
    0x080093d6   0x080093d6   0x0000000e   Code   RO         5497    i.JIG_TEST_mavlink_gimbal_set_control_motor  jig_test_mavlink_gimbal.o
    0x080093e4   0x080093e4   0x0000000a   Code   RO         5498    i.JIG_TEST_mavlink_gimbal_set_home  jig_test_mavlink_gimbal.o
    0x080093ee   0x080093ee   0x0000000e   Code   RO         5499    i.JIG_TEST_mavlink_gimbal_set_mode  jig_test_mavlink_gimbal.o
    0x080093fc   0x080093fc   0x0000001a   Code   RO         5500    i.JIG_TEST_mavlink_gimbal_set_move  jig_test_mavlink_gimbal.o
    0x08009416   0x08009416   0x0000001e   Code   RO         5501    i.JIG_TEST_mavlink_gimbal_set_param  jig_test_mavlink_gimbal.o
    0x08009434   0x08009434   0x0000000e   Code   RO         5502    i.JIG_TEST_mavlink_gimbal_set_rc_input  jig_test_mavlink_gimbal.o
    0x08009442   0x08009442   0x00000012   Code   RO         5504    i.JIG_TEST_mavlink_serialPort3_Reinit  jig_test_mavlink_gimbal.o
    0x08009454   0x08009454   0x000000dc   Code   RO         4456    i.JIG_TEST_ppm_gimbal_Control  jig_test_ppm_gimbal.o
    0x08009530   0x08009530   0x00000068   Code   RO         4457    i.JIG_TEST_ppm_gimbal_Control_CCW  jig_test_ppm_gimbal.o
    0x08009598   0x08009598   0x00000068   Code   RO         4458    i.JIG_TEST_ppm_gimbal_Control_CW  jig_test_ppm_gimbal.o
    0x08009600   0x08009600   0x00000008   Code   RO         4459    i.JIG_TEST_ppm_gimbal_configuration  jig_test_ppm_gimbal.o
    0x08009608   0x08009608   0x00000014   Code   RO         4460    i.JIG_TEST_ppm_gimbal_enable  jig_test_ppm_gimbal.o
    0x0800961c   0x0800961c   0x00000028   Code   RO         4461    i.JIG_TEST_ppm_gimbal_process  jig_test_ppm_gimbal.o
    0x08009644   0x08009644   0x0000004a   Code   RO         4462    i.JIG_TEST_ppm_gimbal_setttingFirstControl  jig_test_ppm_gimbal.o
    0x0800968e   0x0800968e   0x00000002   PAD
    0x08009690   0x08009690   0x00000018   Code   RO         6204    i.JIG_TEST_rtc_get_value_from_backup_register  jig_test_rtc.o
    0x080096a8   0x080096a8   0x000000dc   Code   RO         4659    i.JIG_TEST_sbus_gimbal_Control  jig_test_sbus_gimbal.o
    0x08009784   0x08009784   0x00000064   Code   RO         4660    i.JIG_TEST_sbus_gimbal_Control_CCW  jig_test_sbus_gimbal.o
    0x080097e8   0x080097e8   0x00000064   Code   RO         4661    i.JIG_TEST_sbus_gimbal_Control_CW  jig_test_sbus_gimbal.o
    0x0800984c   0x0800984c   0x00000008   Code   RO         4662    i.JIG_TEST_sbus_gimbal_configuration  jig_test_sbus_gimbal.o
    0x08009854   0x08009854   0x00000030   Code   RO         4663    i.JIG_TEST_sbus_gimbal_enable  jig_test_sbus_gimbal.o
    0x08009884   0x08009884   0x0000002c   Code   RO         4664    i.JIG_TEST_sbus_gimbal_process  jig_test_sbus_gimbal.o
    0x080098b0   0x080098b0   0x000000a4   Code   RO         4665    i.JIG_TEST_sbus_gimbal_set_channel_value  jig_test_sbus_gimbal.o
    0x08009954   0x08009954   0x00000020   Code   RO         4666    i.JIG_TEST_sbus_gimbal_set_default_channel  jig_test_sbus_gimbal.o
    0x08009974   0x08009974   0x00000048   Code   RO         4667    i.JIG_TEST_sbus_gimbal_setttingFirstControl  jig_test_sbus_gimbal.o
    0x080099bc   0x080099bc   0x00000208   Code   RO         4668    i.JIG_TEST_sbus_write_packet  jig_test_sbus_gimbal.o
    0x08009bc4   0x08009bc4   0x00000010   Code   RO         6207    i.LL_RTC_BAK_GetRegister  jig_test_rtc.o
    0x08009bd4   0x08009bd4   0x00000048   Code   RO         2731    i.LL_RTC_DATE_Config  stm32f4xx_ll_rtc.o
    0x08009c1c   0x08009c1c   0x000000dc   Code   RO         2732    i.LL_RTC_DATE_Init  stm32f4xx_ll_rtc.o
    0x08009cf8   0x08009cf8   0x00000008   Code   RO         2735    i.LL_RTC_DisableInitMode  stm32f4xx_ll_rtc.o
    0x08009d00   0x08009d00   0x0000000a   Code   RO         2736    i.LL_RTC_DisableWriteProtection  stm32f4xx_ll_rtc.o
    0x08009d0a   0x08009d0a   0x00000006   Code   RO         2737    i.LL_RTC_EnableWriteProtection  stm32f4xx_ll_rtc.o
    0x08009d10   0x08009d10   0x00000050   Code   RO         2738    i.LL_RTC_EnterInitMode  stm32f4xx_ll_rtc.o
    0x08009d60   0x08009d60   0x0000000a   Code   RO         2740    i.LL_RTC_GetHourFormat  stm32f4xx_ll_rtc.o
    0x08009d6a   0x08009d6a   0x00000056   Code   RO         2741    i.LL_RTC_Init       stm32f4xx_ll_rtc.o
    0x08009dc0   0x08009dc0   0x0000000a   Code   RO         2742    i.LL_RTC_IsActiveFlag_INIT  stm32f4xx_ll_rtc.o
    0x08009dca   0x08009dca   0x0000000a   Code   RO         2743    i.LL_RTC_IsActiveFlag_RS  stm32f4xx_ll_rtc.o
    0x08009dd4   0x08009dd4   0x0000000a   Code   RO         2744    i.LL_RTC_IsShadowRegBypassEnabled  stm32f4xx_ll_rtc.o
    0x08009dde   0x08009dde   0x00000002   PAD
    0x08009de0   0x08009de0   0x00000048   Code   RO         2746    i.LL_RTC_TIME_Config  stm32f4xx_ll_rtc.o
    0x08009e28   0x08009e28   0x000000e4   Code   RO         2747    i.LL_RTC_TIME_Init  stm32f4xx_ll_rtc.o
    0x08009f0c   0x08009f0c   0x00000088   Code   RO         2749    i.LL_RTC_WaitForSynchro  stm32f4xx_ll_rtc.o
    0x08009f94   0x08009f94   0x0000000c   Code   RO         2750    i.LL_SYSTICK_IsActiveCounterFlag  stm32f4xx_ll_rtc.o
    0x08009fa0   0x08009fa0   0x00000048   Code   RO           14    i.MX_CAN1_Init      main.o
    0x08009fe8   0x08009fe8   0x000000e8   Code   RO           15    i.MX_DMA_Init       main.o
    0x0800a0d0   0x0800a0d0   0x00000164   Code   RO           16    i.MX_GPIO_Init      main.o
    0x0800a234   0x0800a234   0x0000003c   Code   RO           17    i.MX_I2C1_Init      main.o
    0x0800a270   0x0800a270   0x000000c8   Code   RO           18    i.MX_RTC_Init       main.o
    0x0800a338   0x0800a338   0x000000b8   Code   RO           19    i.MX_TIM4_Init      main.o
    0x0800a3f0   0x0800a3f0   0x0000006c   Code   RO           20    i.MX_TIM5_Init      main.o
    0x0800a45c   0x0800a45c   0x00000038   Code   RO           21    i.MX_UART4_Init     main.o
    0x0800a494   0x0800a494   0x00000038   Code   RO           22    i.MX_UART5_Init     main.o
    0x0800a4cc   0x0800a4cc   0x00000038   Code   RO           23    i.MX_USART1_UART_Init  main.o
    0x0800a504   0x0800a504   0x00000038   Code   RO           24    i.MX_USART3_UART_Init  main.o
    0x0800a53c   0x0800a53c   0x00000040   Code   RO           25    i.MX_USART6_UART_Init  main.o
    0x0800a57c   0x0800a57c   0x00000004   Code   RO          280    i.MemManage_Handler  stm32f4xx_it.o
    0x0800a580   0x0800a580   0x00000004   Code   RO          281    i.NMI_Handler       stm32f4xx_it.o
    0x0800a584   0x0800a584   0x00000002   Code   RO          282    i.PendSV_Handler    stm32f4xx_it.o
    0x0800a586   0x0800a586   0x00000002   Code   RO          283    i.SVC_Handler       stm32f4xx_it.o
    0x0800a588   0x0800a588   0x00000008   Code   RO          284    i.SysTick_Handler   stm32f4xx_it.o
    0x0800a590   0x0800a590   0x000000d4   Code   RO           26    i.SystemClock_Config  main.o
    0x0800a664   0x0800a664   0x00000014   Code   RO         4305    i.SystemInit        system_stm32f4xx.o
    0x0800a678   0x0800a678   0x00000010   Code   RO          285    i.TIM5_IRQHandler   stm32f4xx_it.o
    0x0800a688   0x0800a688   0x000000d8   Code   RO         3048    i.TIM_Base_SetConfig  stm32f4xx_hal_tim.o
    0x0800a760   0x0800a760   0x00000022   Code   RO         3049    i.TIM_CCxChannelCmd  stm32f4xx_hal_tim.o
    0x0800a782   0x0800a782   0x00000016   Code   RO         3059    i.TIM_ETR_SetConfig  stm32f4xx_hal_tim.o
    0x0800a798   0x0800a798   0x00000012   Code   RO         3060    i.TIM_ITRx_SetConfig  stm32f4xx_hal_tim.o
    0x0800a7aa   0x0800a7aa   0x00000002   PAD
    0x0800a7ac   0x0800a7ac   0x00000070   Code   RO         3061    i.TIM_OC1_SetConfig  stm32f4xx_hal_tim.o
    0x0800a81c   0x0800a81c   0x0000007c   Code   RO         3062    i.TIM_OC2_SetConfig  stm32f4xx_hal_tim.o
    0x0800a898   0x0800a898   0x00000078   Code   RO         3063    i.TIM_OC3_SetConfig  stm32f4xx_hal_tim.o
    0x0800a910   0x0800a910   0x00000054   Code   RO         3064    i.TIM_OC4_SetConfig  stm32f4xx_hal_tim.o
    0x0800a964   0x0800a964   0x00000026   Code   RO         3066    i.TIM_TI1_ConfigInputStage  stm32f4xx_hal_tim.o
    0x0800a98a   0x0800a98a   0x00000028   Code   RO         3068    i.TIM_TI2_ConfigInputStage  stm32f4xx_hal_tim.o
    0x0800a9b2   0x0800a9b2   0x00000002   PAD
    0x0800a9b4   0x0800a9b4   0x00000010   Code   RO          286    i.UART4_IRQHandler  stm32f4xx_it.o
    0x0800a9c4   0x0800a9c4   0x00000010   Code   RO          287    i.UART5_IRQHandler  stm32f4xx_it.o
    0x0800a9d4   0x0800a9d4   0x00000014   Code   RO         3979    i.UART_DMAAbortOnError  stm32f4xx_hal_uart.o
    0x0800a9e8   0x0800a9e8   0x00000050   Code   RO         3980    i.UART_DMAError     stm32f4xx_hal_uart.o
    0x0800aa38   0x0800aa38   0x00000068   Code   RO         3981    i.UART_DMAReceiveCplt  stm32f4xx_hal_uart.o
    0x0800aaa0   0x0800aaa0   0x00000020   Code   RO         3983    i.UART_DMARxHalfCplt  stm32f4xx_hal_uart.o
    0x0800aac0   0x0800aac0   0x00000036   Code   RO         3985    i.UART_DMATransmitCplt  stm32f4xx_hal_uart.o
    0x0800aaf6   0x0800aaf6   0x0000000e   Code   RO         3987    i.UART_DMATxHalfCplt  stm32f4xx_hal_uart.o
    0x0800ab04   0x0800ab04   0x00000036   Code   RO         3989    i.UART_EndRxTransfer  stm32f4xx_hal_uart.o
    0x0800ab3a   0x0800ab3a   0x00000020   Code   RO         3990    i.UART_EndTransmit_IT  stm32f4xx_hal_uart.o
    0x0800ab5a   0x0800ab5a   0x00000014   Code   RO         3991    i.UART_EndTxTransfer  stm32f4xx_hal_uart.o
    0x0800ab6e   0x0800ab6e   0x000000be   Code   RO         3992    i.UART_Receive_IT   stm32f4xx_hal_uart.o
    0x0800ac2c   0x0800ac2c   0x0000022c   Code   RO         3993    i.UART_SetConfig    stm32f4xx_hal_uart.o
    0x0800ae58   0x0800ae58   0x00000098   Code   RO         3994    i.UART_Start_Receive_DMA  stm32f4xx_hal_uart.o
    0x0800aef0   0x0800aef0   0x00000060   Code   RO         3996    i.UART_Transmit_IT  stm32f4xx_hal_uart.o
    0x0800af50   0x0800af50   0x00000010   Code   RO          288    i.USART1_IRQHandler  stm32f4xx_it.o
    0x0800af60   0x0800af60   0x00000010   Code   RO          289    i.USART3_IRQHandler  stm32f4xx_it.o
    0x0800af70   0x0800af70   0x00000010   Code   RO          290    i.USART6_IRQHandler  stm32f4xx_it.o
    0x0800af80   0x0800af80   0x00000004   Code   RO          291    i.UsageFault_Handler  stm32f4xx_it.o
    0x0800af84   0x0800af84   0x00000020   Code   RO         7512    i.__0printf         mc_w.l(printfa.o)
    0x0800afa4   0x0800afa4   0x00000028   Code   RO         7514    i.__0sprintf        mc_w.l(printfa.o)
    0x0800afcc   0x0800afcc   0x00000010   Code   RO         1574    i.__NVIC_GetPriorityGrouping  stm32f4xx_hal_cortex.o
    0x0800afdc   0x0800afdc   0x00000028   Code   RO         1575    i.__NVIC_SetPriority  stm32f4xx_hal_cortex.o
    0x0800b004   0x0800b004   0x00000040   Code   RO         6428    i.__NVIC_SystemReset  jig_test_gimbal_fstd_v2.o
    0x0800b044   0x0800b044   0x0000007a   Code   RO         7236    i.__hardfp_sqrt     m_wm.l(sqrt.o)
    0x0800b0be   0x0800b0be   0x0000000e   Code   RO         7696    i.__scatterload_copy  mc_w.l(handlers.o)
    0x0800b0cc   0x0800b0cc   0x00000002   Code   RO         7697    i.__scatterload_null  mc_w.l(handlers.o)
    0x0800b0ce   0x0800b0ce   0x0000000e   Code   RO         7698    i.__scatterload_zeroinit  mc_w.l(handlers.o)
    0x0800b0dc   0x0800b0dc   0x0000000c   Code   RO         7672    i.__set_errno       mc_w.l(errno.o)
    0x0800b0e8   0x0800b0e8   0x00000184   Code   RO         7519    i._fp_digits        mc_w.l(printfa.o)
    0x0800b26c   0x0800b26c   0x00000008   Code   RO         4805    i._mav_parse_error  mavlinkprotocol.o
    0x0800b274   0x0800b274   0x00000018   Code   RO         4806    i._mav_trim_payload  mavlinkprotocol.o
    0x0800b28c   0x0800b28c   0x00000014   Code   RO         4808    i._mavlink_send_uart  mavlinkprotocol.o
    0x0800b2a0   0x0800b2a0   0x000006dc   Code   RO         7520    i._printf_core      mc_w.l(printfa.o)
    0x0800b97c   0x0800b97c   0x00000024   Code   RO         7521    i._printf_post_padding  mc_w.l(printfa.o)
    0x0800b9a0   0x0800b9a0   0x0000002e   Code   RO         7522    i._printf_pre_padding  mc_w.l(printfa.o)
    0x0800b9ce   0x0800b9ce   0x0000000a   Code   RO         7524    i._sputc            mc_w.l(printfa.o)
    0x0800b9d8   0x0800b9d8   0x00000014   Code   RO         4342    i.calculator_get_time_us  timeout.o
    0x0800b9ec   0x0800b9ec   0x00000010   Code   RO         4343    i.calculator_reset_time  timeout.o
    0x0800b9fc   0x0800b9fc   0x0000003e   Code   RO         6822    i.can_dji_cmd_gimbal_control_msg_pack  can_dji_gimbal.o
    0x0800ba3a   0x0800ba3a   0x00000002   PAD
    0x0800ba3c   0x0800ba3c   0x000000a8   Code   RO         6823    i.can_dji_cmd_gimbal_rc  can_dji_gimbal.o
    0x0800bae4   0x0800bae4   0x00000060   Code   RO         6873    i.can_dji_cmd_remote_button  can_dji_remote.o
    0x0800bb44   0x0800bb44   0x0000003e   Code   RO         6874    i.can_dji_cmd_remote_control_gimbal_msg_pack  can_dji_remote.o
    0x0800bb82   0x0800bb82   0x00000038   Code   RO         6905    i.can_dji_handle    can_dji.o
    0x0800bbba   0x0800bbba   0x00000002   PAD
    0x0800bbbc   0x0800bbbc   0x00000080   Code   RO         6826    i.can_gimbal_handle  can_dji_gimbal.o
    0x0800bc3c   0x0800bc3c   0x00000044   Code   RO         6875    i.can_handle_remote_button  can_dji_remote.o
    0x0800bc80   0x0800bc80   0x00000050   Code   RO         4809    i.comm_send_buffer  mavlinkprotocol.o
    0x0800bcd0   0x0800bcd0   0x00000022   Code   RO         4810    i.crc_accumulate    mavlinkprotocol.o
    0x0800bcf2   0x0800bcf2   0x00000026   Code   RO         4811    i.crc_accumulate_buffer  mavlinkprotocol.o
    0x0800bd18   0x0800bd18   0x0000002c   Code   RO         4812    i.crc_calculate     mavlinkprotocol.o
    0x0800bd44   0x0800bd44   0x00000012   Code   RO         7657    i.fputc             mc_w.l(fputc.o)
    0x0800bd56   0x0800bd56   0x00000002   PAD
    0x0800bd58   0x0800bd58   0x00000050   Code   RO         7540    i.free              mc_w.l(malloc.o)
    0x0800bda8   0x0800bda8   0x00000030   Code   RO         4344    i.get_timeOut       timeout.o
    0x0800bdd8   0x0800bdd8   0x0000001a   Code   RO         6918    i.gs_can_coppy      can_dji_protocol.o
    0x0800bdf2   0x0800bdf2   0x00000002   PAD
    0x0800bdf4   0x0800bdf4   0x00000030   Code   RO         6919    i.gs_can_crc8       can_dji_protocol.o
    0x0800be24   0x0800be24   0x0000002c   Code   RO         6920    i.gs_can_crc_16_update  can_dji_protocol.o
    0x0800be50   0x0800be50   0x0000002c   Code   RO         6921    i.gs_can_crc_8_update  can_dji_protocol.o
    0x0800be7c   0x0800be7c   0x00000082   Code   RO         6922    i.gs_can_msg_pack   can_dji_protocol.o
    0x0800befe   0x0800befe   0x00000196   Code   RO         6923    i.gs_can_parse      can_dji_protocol.o
    0x0800c094   0x0800c094   0x0000004a   Code   RO           27    i.main              main.o
    0x0800c0de   0x0800c0de   0x00000002   PAD
    0x0800c0e0   0x0800c0e0   0x0000006c   Code   RO         7541    i.malloc            mc_w.l(malloc.o)
    0x0800c14c   0x0800c14c   0x00000020   Code   RO         5506    i.mav_array_memcpy  jig_test_mavlink_gimbal.o
    0x0800c16c   0x0800c16c   0x00000010   Code   RO         4813    i.mavlinkProtocol_init  mavlinkprotocol.o
    0x0800c17c   0x0800c17c   0x00000014   Code   RO         4814    i.mavlinkProtocol_serialPort3_Deinit  mavlinkprotocol.o
    0x0800c190   0x0800c190   0x00000038   Code   RO         4815    i.mavlinkProtocol_serialPort3_init  mavlinkprotocol.o
    0x0800c1c8   0x0800c1c8   0x00000050   Code   RO         4816    i.mavlinkProtocol_serialPort3_readData  mavlinkprotocol.o
    0x0800c218   0x0800c218   0x00000038   Code   RO         4818    i.mavlinkProtocol_serialPort4_init  mavlinkprotocol.o
    0x0800c250   0x0800c250   0x00000050   Code   RO         4819    i.mavlinkProtocol_serialPort4_readData  mavlinkprotocol.o
    0x0800c2a0   0x0800c2a0   0x00000038   Code   RO         4821    i.mavlinkProtocol_serialPort5_init  mavlinkprotocol.o
    0x0800c2d8   0x0800c2d8   0x00000050   Code   RO         4822    i.mavlinkProtocol_serialPort5_readData  mavlinkprotocol.o
    0x0800c328   0x0800c328   0x00000024   Code   RO         4828    i.mavlink_finalize_message  mavlinkprotocol.o
    0x0800c34c   0x0800c34c   0x00000158   Code   RO         4829    i.mavlink_finalize_message_buffer  mavlinkprotocol.o
    0x0800c4a4   0x0800c4a4   0x00000030   Code   RO         4830    i.mavlink_finalize_message_chan  mavlinkprotocol.o
    0x0800c4d4   0x0800c4d4   0x0000002c   Code   RO         4831    i.mavlink_frame_char  mavlinkprotocol.o
    0x0800c500   0x0800c500   0x00000354   Code   RO         4832    i.mavlink_frame_char_buffer  mavlinkprotocol.o
    0x0800c854   0x0800c854   0x00000018   Code   RO         4833    i.mavlink_get_channel_buffer  mavlinkprotocol.o
    0x0800c86c   0x0800c86c   0x00000014   Code   RO         4834    i.mavlink_get_channel_status  mavlinkprotocol.o
    0x0800c880   0x0800c880   0x00000060   Code   RO         4836    i.mavlink_get_msg_entry  mavlinkprotocol.o
    0x0800c8e0   0x0800c8e0   0x0000007a   Code   RO         5507    i.mavlink_msg_command_long_encode_chan  jig_test_mavlink_gimbal.o
    0x0800c95a   0x0800c95a   0x00000096   Code   RO         5508    i.mavlink_msg_command_long_pack_chan  jig_test_mavlink_gimbal.o
    0x0800c9f0   0x0800c9f0   0x0000006c   Code   RO         5509    i.mavlink_msg_heartbeat_encode_chan  jig_test_mavlink_gimbal.o
    0x0800ca5c   0x0800ca5c   0x00000066   Code   RO         5510    i.mavlink_msg_param_request_read_encode_chan  jig_test_mavlink_gimbal.o
    0x0800cac2   0x0800cac2   0x00000078   Code   RO         5511    i.mavlink_msg_param_value_encode_chan  jig_test_mavlink_gimbal.o
    0x0800cb3a   0x0800cb3a   0x000000d2   Code   RO         4838    i.mavlink_msg_to_send_buffer  mavlinkprotocol.o
    0x0800cc0c   0x0800cc0c   0x0000005c   Code   RO         4839    i.mavlink_parse_char  mavlinkprotocol.o
    0x0800cc68   0x0800cc68   0x000001e0   Code   RO         4844    i.mavlink_sha256_calc  mavlinkprotocol.o
    0x0800ce48   0x0800ce48   0x000000aa   Code   RO         4845    i.mavlink_sha256_final_48  mavlinkprotocol.o
    0x0800cef2   0x0800cef2   0x00000002   PAD
    0x0800cef4   0x0800cef4   0x00000048   Code   RO         4846    i.mavlink_sha256_init  mavlinkprotocol.o
    0x0800cf3c   0x0800cf3c   0x00000098   Code   RO         4847    i.mavlink_sha256_update  mavlinkprotocol.o
    0x0800cfd4   0x0800cfd4   0x00000096   Code   RO         4848    i.mavlink_sign_packet  mavlinkprotocol.o
    0x0800d06a   0x0800d06a   0x00000002   PAD
    0x0800d06c   0x0800d06c   0x00000184   Code   RO         4849    i.mavlink_signature_check  mavlinkprotocol.o
    0x0800d1f0   0x0800d1f0   0x0000000c   Code   RO         4850    i.mavlink_start_checksum  mavlinkprotocol.o
    0x0800d1fc   0x0800d1fc   0x00000010   Code   RO         4851    i.mavlink_update_checksum  mavlinkprotocol.o
    0x0800d20c   0x0800d20c   0x0000006c   Code   RO         4407    i.ppm_configuration  ppm.o
    0x0800d278   0x0800d278   0x00000018   Code   RO         4408    i.ppm_disable       ppm.o
    0x0800d290   0x0800d290   0x00000018   Code   RO         4409    i.ppm_enable        ppm.o
    0x0800d2a8   0x0800d2a8   0x0000006c   Code   RO         4410    i.ppm_set_channel   ppm.o
    0x0800d314   0x0800d314   0x00000068   Code   RO         4739    i.serialPort_read   serialport.o
    0x0800d37c   0x0800d37c   0x00000030   Code   RO         4740    i.serialPort_read_byte_count  serialport.o
    0x0800d3ac   0x0800d3ac   0x0000008c   Code   RO         4741    i.serialPort_send   serialport.o
    0x0800d438   0x0800d438   0x0000003e   Code   RO         4742    i.serialPort_tx_finish  serialport.o
    0x0800d476   0x0800d476   0x00000084   Code   RO         4743    i.serialPort_write  serialport.o
    0x0800d4fa   0x0800d4fa   0x00000040   Code   RO         4744    i.serialPort_write_list  serialport.o
    0x0800d53a   0x0800d53a   0x00000002   PAD
    0x0800d53c   0x0800d53c   0x000000ac   Code   RO         6987    i.ssd1306_DrawPixel  ssd1306.o
    0x0800d5e8   0x0800d5e8   0x00000020   Code   RO         6989    i.ssd1306_Fill      ssd1306.o
    0x0800d608   0x0800d608   0x000000e4   Code   RO         6992    i.ssd1306_Init      ssd1306.o
    0x0800d6ec   0x0800d6ec   0x00000002   Code   RO         6996    i.ssd1306_Reset     ssd1306.o
    0x0800d6ee   0x0800d6ee   0x00000014   Code   RO         6997    i.ssd1306_SetContrast  ssd1306.o
    0x0800d702   0x0800d702   0x00000002   PAD
    0x0800d704   0x0800d704   0x0000000c   Code   RO         6998    i.ssd1306_SetCursor  ssd1306.o
    0x0800d710   0x0800d710   0x00000024   Code   RO         6999    i.ssd1306_SetDisplayOn  ssd1306.o
    0x0800d734   0x0800d734   0x00000038   Code   RO         7000    i.ssd1306_UpdateScreen  ssd1306.o
    0x0800d76c   0x0800d76c   0x000000bc   Code   RO         7001    i.ssd1306_WriteChar  ssd1306.o
    0x0800d828   0x0800d828   0x00000028   Code   RO         7002    i.ssd1306_WriteCommand  ssd1306.o
    0x0800d850   0x0800d850   0x00000024   Code   RO         7003    i.ssd1306_WriteData  ssd1306.o
    0x0800d874   0x0800d874   0x0000002c   Code   RO         7004    i.ssd1306_WriteString  ssd1306.o
    0x0800d8a0   0x0800d8a0   0x00000010   Code   RO         4346    i.timeOut_configuration  timeout.o
    0x0800d8b0   0x0800d8b0   0x00000014   Code   RO         4347    i.timeOut_get_ms    timeout.o
    0x0800d8c4   0x0800d8c4   0x00000008   Data   RO         1291    .constdata          stm32f4xx_hal_dma.o
    0x0800d8cc   0x0800d8cc   0x00000018   Data   RO         4306    .constdata          system_stm32f4xx.o
    0x0800d8e4   0x0800d8e4   0x00000bd0   Data   RO         4854    .constdata          mavlinkprotocol.o
    0x0800e4b4   0x0800e4b4   0x00000152   Data   RO         6634    .constdata          jig_test_display_v2.o
    0x0800e606   0x0800e606   0x00000002   PAD
    0x0800e608   0x0800e608   0x0000000c   Data   RO         6829    .constdata          can_dji_gimbal.o
    0x0800e614   0x0800e614   0x0000000c   Data   RO         6877    .constdata          can_dji_remote.o
    0x0800e620   0x0800e620   0x00000800   Data   RO         6924    .constdata          can_dji_protocol.o
    0x0800ee20   0x0800ee20   0x00002e04   Data   RO         7137    .constdata          ssd1306_fonts.o
    0x08011c24   0x08011c24   0x0000000a   Data   RO         4550    .conststring        jig_test_can_dji_.o
    0x08011c2e   0x08011c2e   0x00000002   PAD
    0x08011c30   0x08011c30   0x0000000d   Data   RO         6078    .conststring        jig_test_button.o
    0x08011c3d   0x08011c3d   0x00000003   PAD
    0x08011c40   0x08011c40   0x00000552   Data   RO         6431    .conststring        jig_test_gimbal_fstd_v2.o
    0x08012192   0x08012192   0x00000002   PAD
    0x08012194   0x08012194   0x00000064   Data   RO         6635    .conststring        jig_test_display_v2.o
    0x080121f8   0x080121f8   0x00000062   Data   RO         6830    .conststring        can_dji_gimbal.o
    0x0801225a   0x0801225a   0x00000002   PAD
    0x0801225c   0x0801225c   0x0000000e   Data   RO         6878    .conststring        can_dji_remote.o
    0x0801226a   0x0801226a   0x00000002   PAD
    0x0801226c   0x0801226c   0x00000020   Data   RO         7694    Region$$Table       anon$$obj.o


    Execution Region RW_IRAM2 (Exec base: 0x10000000, Load base: 0x0801263c, Size: 0x00000000, Max: 0x00010000, ABSOLUTE)

    **** No section assigned to this execution region ****


    Execution Region RW_IRAM1 (Exec base: 0x20000000, Load base: 0x0801228c, Size: 0x00006280, Max: 0x00020000, ABSOLUTE, COMPRESSED[0x000003b0])

    Exec Addr    Load Addr    Size         Type   Attr      Idx    E Section Name        Object

    0x20000000   COMPRESSED   0x00000009   Data   RW         1723    .data               stm32f4xx_hal.o
    0x20000009   COMPRESSED   0x00000003   PAD
    0x2000000c   COMPRESSED   0x00000004   Data   RW         4307    .data               system_stm32f4xx.o
    0x20000010   COMPRESSED   0x00000024   Data   RW         4411    .data               ppm.o
    0x20000034   COMPRESSED   0x00000004   Data   RW         4465    .data               jig_test_ppm_gimbal.o
    0x20000038   COMPRESSED   0x0000000c   Data   RW         4551    .data               jig_test_can_dji_.o
    0x20000044   COMPRESSED   0x00000004   Data   RW         4671    .data               jig_test_sbus_gimbal.o
    0x20000048   COMPRESSED   0x00000002   Data   RW         5514    .data               jig_test_mavlink_gimbal.o
    0x2000004a   COMPRESSED   0x00000002   PAD
    0x2000004c   COMPRESSED   0x0000000c   Data   RW         6079    .data               jig_test_button.o
    0x20000058   COMPRESSED   0x00000040   Data   RW         6144    .data               jig_test_aux.o
    0x20000098   COMPRESSED   0x00000df9   Data   RW         6432    .data               jig_test_gimbal_fstd_v2.o
    0x20000e91   COMPRESSED   0x00000003   PAD
    0x20000e94   COMPRESSED   0x0000007c   Data   RW         6636    .data               jig_test_display_v2.o
    0x20000f10   COMPRESSED   0x00000008   Data   RW         7006    .data               ssd1306.o
    0x20000f18   COMPRESSED   0x00000020   Data   RW         7138    .data               ssd1306_fonts.o
    0x20000f38   COMPRESSED   0x00000004   Data   RW         7659    .data               mc_w.l(stdout.o)
    0x20000f3c   COMPRESSED   0x00000004   Data   RW         7668    .data               mc_w.l(mvars.o)
    0x20000f40   COMPRESSED   0x00000004   Data   RW         7669    .data               mc_w.l(mvars.o)
    0x20000f44   COMPRESSED   0x00000004   Data   RW         7673    .data               mc_w.l(errno.o)
    0x20000f48        -       0x00000620   Zero   RW           28    .bss                main.o
    0x20001568        -       0x00000400   Zero   RW         4348    .bss                timeout.o
    0x20001968        -       0x0000000a   Zero   RW         4463    .bss                jig_test_ppm_gimbal.o
    0x20001972   COMPRESSED   0x00000002   PAD
    0x20001974        -       0x00000458   Zero   RW         4548    .bss                jig_test_can_dji_.o
    0x20001dcc        -       0x00000043   Zero   RW         4669    .bss                jig_test_sbus_gimbal.o
    0x20001e0f   COMPRESSED   0x00000001   PAD
    0x20001e10        -       0x000026e0   Zero   RW         4853    .bss                mavlinkprotocol.o
    0x200044f0        -       0x00000688   Zero   RW         5512    .bss                jig_test_mavlink_gimbal.o
    0x20004b78        -       0x00000ae0   Zero   RW         6034    .bss                jig_test_console.o
    0x20005658        -       0x00000104   Zero   RW         6429    .bss                jig_test_gimbal_fstd_v2.o
    0x2000575c        -       0x000000e8   Zero   RW         6633    .bss                jig_test_display_v2.o
    0x20005844        -       0x00000438   Zero   RW         7005    .bss                ssd1306.o
    0x20005c7c   COMPRESSED   0x00000004   PAD
    0x20005c80        -       0x00000200   Zero   RW            2    HEAP                startup_stm32f405xx.o
    0x20005e80        -       0x00000400   Zero   RW            1    STACK               startup_stm32f405xx.o


==============================================================================

Image component sizes


      Code (inc. data)   RO Data    RW Data    ZI Data      Debug   Object Name

        56          0          0          0          0        945   can_dji.o
       358         80        110          0          0       4783   can_dji_gimbal.o
       698         14       2048          0          0       7630   can_dji_protocol.o
       226          6         26          0          0       3272   can_dji_remote.o
       204         28          0         64          0       3887   jig_test_aux.o
       322         70         13         12          0       4429   jig_test_button.o
      1284        176         10         12       1112      29274   jig_test_can_dji_.o
         2          0          0          0          0        585   jig_test_comm_raspberry_v2.o
       108         32          0          0       2784       1388   jig_test_console.o
      2634        910        438        124        232      16778   jig_test_display_v2.o
     12696       3430       1362       3577        260      45130   jig_test_gimbal_fstd_v2.o
      4070         92          0          2       1672      75112   jig_test_mavlink_gimbal.o
       570         94          0          4         10       7700   jig_test_ppm_gimbal.o
        40          4          0          0          0      20554   jig_test_rtc.o
      1308        134          0          4         67       9255   jig_test_sbus_gimbal.o
      1792        136          0          0       1568     729225   main.o
      4010        200       3024          0       9952      36845   mavlinkprotocol.o
       264         34          0         36          0       3556   ppm.o
       550         32          0          0          0       6293   serialport.o
       866         48          0          8       1080       8243   ssd1306.o
         0          0      11780         32          0       1235   ssd1306_fonts.o
        36          8        392          0       1536        852   startup_stm32f405xx.o
       212         36          0          9          0       9533   stm32f4xx_hal.o
      2132          6          0          0          0      14050   stm32f4xx_hal_can.o
       372         28          0          0          0      35341   stm32f4xx_hal_cortex.o
      1546         16          8          0          0       7959   stm32f4xx_hal_dma.o
       920         86          0          0          0       4422   stm32f4xx_hal_gpio.o
      2060         40          0          0          0       9675   stm32f4xx_hal_i2c.o
      2372        202          0          0          0       6841   stm32f4xx_hal_msp.o
      1820         84          0          0          0       5740   stm32f4xx_hal_rcc.o
       416         20          0          0          0       1440   stm32f4xx_hal_rcc_ex.o
      2370        142          0          0          0      17325   stm32f4xx_hal_tim.o
       184         30          0          0          0       2565   stm32f4xx_hal_tim_ex.o
      2402         44          0          0          0      16712   stm32f4xx_hal_uart.o
       322        108          0          0          0      13745   stm32f4xx_it.o
       970         20          0          0          0      36967   stm32f4xx_ll_rtc.o
        20          6         24          4          0       1183   system_stm32f4xx.o
       120         26          0          0       1024       4995   timeout.o

    ----------------------------------------------------------------------
     50386       6422      19280       3896      21304    1205464   Object Totals
         0          0         32          0          0          0   (incl. Generated)
        54          0         13          8          7          0   (incl. Padding)

    ----------------------------------------------------------------------

      Code (inc. data)   RO Data    RW Data    ZI Data      Debug   Library Member Name

       122          0          0          0          0        148   sqrt.o
        94          0          0          0          0          0   __dclz77c.o
         0          0          0          0          0          0   entry.o
         0          0          0          0          0          0   entry10a.o
         0          0          0          0          0          0   entry11a.o
         8          4          0          0          0          0   entry2.o
         4          0          0          0          0          0   entry5.o
         0          0          0          0          0          0   entry7b.o
         0          0          0          0          0          0   entry8b.o
         8          4          0          0          0          0   entry9a.o
        12          6          0          4          0         68   errno.o
        18          0          0          0          0         80   fputc.o
        30          0          0          0          0          0   handlers.o
        36          8          0          0          0         68   init.o
         0          0          0          0          0          0   iusefp.o
         0          0          0          0          0          0   iusesemip.o
        30          0          0          0          0         68   llshl.o
        36          0          0          0          0         68   llsshr.o
        32          0          0          0          0         68   llushr.o
       188         20          0          0          0        160   malloc.o
        26          0          0          0          0         80   memcmp.o
        36          0          0          0          0         68   memcpya.o
        36          0          0          0          0        108   memseta.o
         0          0          0          8          0          0   mvars.o
      2308         96          0          0          0        604   printfa.o
         0          0          0          0          0          0   semi.o
         0          0          0          4          0          0   stdout.o
        18          0          0          0          0         68   strcpy.o
        14          0          0          0          0         68   strlen.o
        44          0          0          0          0         80   uidiv.o
        98          0          0          0          0         92   uldiv.o
        48          0          0          0          0         68   cdcmple.o
        48          0          0          0          0         68   cdrcmple.o
        56          0          0          0          0         88   d2f.o
       334          0          0          0          0        148   dadd.o
       222          0          0          0          0        100   ddiv.o
       186          0          0          0          0        176   depilogue.o
        48          0          0          0          0         68   dfixul.o
        34          0          0          0          0         76   dflti.o
       228          0          0          0          0         96   dmul.o
       162          0          0          0          0        100   dsqrt.o
        38          0          0          0          0         68   f2d.o
       110          0          0          0          0        168   fepilogue.o

    ----------------------------------------------------------------------
      4714        138          0         16          0       3120   Library Totals
         2          0          0          0          0          0   (incl. Padding)

    ----------------------------------------------------------------------

      Code (inc. data)   RO Data    RW Data    ZI Data      Debug   Library Name

       122          0          0          0          0        148   m_wm.l
      3076        138          0         16          0       1748   mc_w.l
      1514          0          0          0          0       1224   mf_w.l

    ----------------------------------------------------------------------
      4714        138          0         16          0       3120   Library Totals

    ----------------------------------------------------------------------

==============================================================================


      Code (inc. data)   RO Data    RW Data    ZI Data      Debug   

     55100       6560      19280       3912      21304    1170156   Grand Totals
     55100       6560      19280        944      21304    1170156   ELF Image Totals (compressed)
     55100       6560      19280        944          0          0   ROM Totals

==============================================================================

    Total RO  Size (Code + RO Data)                74380 (  72.64kB)
    Total RW  Size (RW Data + ZI Data)             25216 (  24.63kB)
    Total ROM Size (Code + RO Data + RW Data)      75324 (  73.56kB)

==============================================================================

