Component: ARM Compiler 5.06 update 6 (build 750) Tool: armlink [4d35ed]

==============================================================================

Section Cross References

    startup_stm32f405xx.o(RESET) refers to startup_stm32f405xx.o(STACK) for __initial_sp
    startup_stm32f405xx.o(RESET) refers to startup_stm32f405xx.o(.text) for Reset_Handler
    startup_stm32f405xx.o(RESET) refers to stm32f4xx_it.o(i.NMI_Handler) for NMI_Handler
    startup_stm32f405xx.o(RESET) refers to stm32f4xx_it.o(i.HardFault_Handler) for HardFault_Handler
    startup_stm32f405xx.o(RESET) refers to stm32f4xx_it.o(i.MemManage_Handler) for MemManage_Handler
    startup_stm32f405xx.o(RESET) refers to stm32f4xx_it.o(i.BusFault_Handler) for BusFault_Handler
    startup_stm32f405xx.o(RESET) refers to stm32f4xx_it.o(i.UsageFault_Handler) for UsageFault_Handler
    startup_stm32f405xx.o(RESET) refers to stm32f4xx_it.o(i.SVC_Handler) for SVC_Handler
    startup_stm32f405xx.o(RESET) refers to stm32f4xx_it.o(i.DebugMon_Handler) for DebugMon_Handler
    startup_stm32f405xx.o(RESET) refers to stm32f4xx_it.o(i.PendSV_Handler) for PendSV_Handler
    startup_stm32f405xx.o(RESET) refers to stm32f4xx_it.o(i.SysTick_Handler) for SysTick_Handler
    startup_stm32f405xx.o(RESET) refers to stm32f4xx_it.o(i.DMA1_Stream0_IRQHandler) for DMA1_Stream0_IRQHandler
    startup_stm32f405xx.o(RESET) refers to stm32f4xx_it.o(i.DMA1_Stream1_IRQHandler) for DMA1_Stream1_IRQHandler
    startup_stm32f405xx.o(RESET) refers to stm32f4xx_it.o(i.DMA1_Stream2_IRQHandler) for DMA1_Stream2_IRQHandler
    startup_stm32f405xx.o(RESET) refers to stm32f4xx_it.o(i.DMA1_Stream3_IRQHandler) for DMA1_Stream3_IRQHandler
    startup_stm32f405xx.o(RESET) refers to stm32f4xx_it.o(i.DMA1_Stream4_IRQHandler) for DMA1_Stream4_IRQHandler
    startup_stm32f405xx.o(RESET) refers to stm32f4xx_it.o(i.DMA1_Stream6_IRQHandler) for DMA1_Stream6_IRQHandler
    startup_stm32f405xx.o(RESET) refers to stm32f4xx_it.o(i.CAN1_TX_IRQHandler) for CAN1_TX_IRQHandler
    startup_stm32f405xx.o(RESET) refers to stm32f4xx_it.o(i.CAN1_RX0_IRQHandler) for CAN1_RX0_IRQHandler
    startup_stm32f405xx.o(RESET) refers to stm32f4xx_it.o(i.USART1_IRQHandler) for USART1_IRQHandler
    startup_stm32f405xx.o(RESET) refers to stm32f4xx_it.o(i.USART3_IRQHandler) for USART3_IRQHandler
    startup_stm32f405xx.o(RESET) refers to stm32f4xx_it.o(i.DMA1_Stream7_IRQHandler) for DMA1_Stream7_IRQHandler
    startup_stm32f405xx.o(RESET) refers to stm32f4xx_it.o(i.TIM5_IRQHandler) for TIM5_IRQHandler
    startup_stm32f405xx.o(RESET) refers to stm32f4xx_it.o(i.UART4_IRQHandler) for UART4_IRQHandler
    startup_stm32f405xx.o(RESET) refers to stm32f4xx_it.o(i.UART5_IRQHandler) for UART5_IRQHandler
    startup_stm32f405xx.o(RESET) refers to stm32f4xx_it.o(i.DMA2_Stream2_IRQHandler) for DMA2_Stream2_IRQHandler
    startup_stm32f405xx.o(RESET) refers to stm32f4xx_it.o(i.DMA2_Stream6_IRQHandler) for DMA2_Stream6_IRQHandler
    startup_stm32f405xx.o(RESET) refers to stm32f4xx_it.o(i.DMA2_Stream7_IRQHandler) for DMA2_Stream7_IRQHandler
    startup_stm32f405xx.o(RESET) refers to stm32f4xx_it.o(i.USART6_IRQHandler) for USART6_IRQHandler
    startup_stm32f405xx.o(.text) refers to system_stm32f4xx.o(i.SystemInit) for SystemInit
    startup_stm32f405xx.o(.text) refers to entry.o(.ARM.Collect$$$$00000000) for __main
    main.o(i.MX_CAN1_Init) refers to stm32f4xx_hal_can.o(i.HAL_CAN_Init) for HAL_CAN_Init
    main.o(i.MX_CAN1_Init) refers to main.o(i.Error_Handler) for Error_Handler
    main.o(i.MX_CAN1_Init) refers to main.o(.bss) for hcan1
    main.o(i.MX_DMA_Init) refers to stm32f4xx_hal_cortex.o(i.HAL_NVIC_SetPriority) for HAL_NVIC_SetPriority
    main.o(i.MX_DMA_Init) refers to stm32f4xx_hal_cortex.o(i.HAL_NVIC_EnableIRQ) for HAL_NVIC_EnableIRQ
    main.o(i.MX_GPIO_Init) refers to memseta.o(.text) for __aeabi_memclr4
    main.o(i.MX_GPIO_Init) refers to stm32f4xx_hal_gpio.o(i.HAL_GPIO_WritePin) for HAL_GPIO_WritePin
    main.o(i.MX_GPIO_Init) refers to stm32f4xx_hal_gpio.o(i.HAL_GPIO_Init) for HAL_GPIO_Init
    main.o(i.MX_I2C1_Init) refers to stm32f4xx_hal_i2c.o(i.HAL_I2C_Init) for HAL_I2C_Init
    main.o(i.MX_I2C1_Init) refers to main.o(i.Error_Handler) for Error_Handler
    main.o(i.MX_I2C1_Init) refers to main.o(.bss) for hi2c1
    main.o(i.MX_RTC_Init) refers to stm32f4xx_ll_rtc.o(i.LL_RTC_Init) for LL_RTC_Init
    main.o(i.MX_RTC_Init) refers to stm32f4xx_ll_rtc.o(i.LL_RTC_TIME_Init) for LL_RTC_TIME_Init
    main.o(i.MX_RTC_Init) refers to stm32f4xx_ll_rtc.o(i.LL_RTC_DATE_Init) for LL_RTC_DATE_Init
    main.o(i.MX_TIM4_Init) refers to memseta.o(.text) for __aeabi_memclr4
    main.o(i.MX_TIM4_Init) refers to stm32f4xx_hal_tim.o(i.HAL_TIM_Base_Init) for HAL_TIM_Base_Init
    main.o(i.MX_TIM4_Init) refers to main.o(i.Error_Handler) for Error_Handler
    main.o(i.MX_TIM4_Init) refers to stm32f4xx_hal_tim.o(i.HAL_TIM_ConfigClockSource) for HAL_TIM_ConfigClockSource
[...]
    JIG_TEST_mavlink_gimbal_send_param_request_read 0x0800aea9   Thumb Code    18  jig_test_mavlink_gimbal.o(i.JIG_TEST_mavlink_gimbal_send_param_request_read)
    JIG_TEST_mavlink_gimbal_set_control_motor 0x0800aebb   Thumb Code    14  jig_test_mavlink_gimbal.o(i.JIG_TEST_mavlink_gimbal_set_control_motor)
    JIG_TEST_mavlink_gimbal_set_home         0x0800aec9   Thumb Code    10  jig_test_mavlink_gimbal.o(i.JIG_TEST_mavlink_gimbal_set_home)
    JIG_TEST_mavlink_gimbal_set_mode         0x0800aed3   Thumb Code    14  jig_test_mavlink_gimbal.o(i.JIG_TEST_mavlink_gimbal_set_mode)
    JIG_TEST_mavlink_gimbal_set_move         0x0800aee1   Thumb Code    26  jig_test_mavlink_gimbal.o(i.JIG_TEST_mavlink_gimbal_set_move)
    JIG_TEST_mavlink_gimbal_set_param        0x0800aefb   Thumb Code    30  jig_test_mavlink_gimbal.o(i.JIG_TEST_mavlink_gimbal_set_param)
    JIG_TEST_mavlink_gimbal_set_rc_input     0x0800af19   Thumb Code    14  jig_test_mavlink_gimbal.o(i.JIG_TEST_mavlink_gimbal_set_rc_input)
    JIG_TEST_mavlink_serialPort3_Reinit      0x0800af27   Thumb Code    18  jig_test_mavlink_gimbal.o(i.JIG_TEST_mavlink_serialPort3_Reinit)
    JIG_TEST_mavlink_serialPort5_Reinit      0x0800af39   Thumb Code    18  jig_test_mavlink_gimbal.o(i.JIG_TEST_mavlink_serialPort5_Reinit)
    JIG_TEST_ppm_gimbal_configuration        0x0800b0f9   Thumb Code     8  jig_test_ppm_gimbal.o(i.JIG_TEST_ppm_gimbal_configuration)
    JIG_TEST_ppm_gimbal_enable               0x0800b101   Thumb Code    20  jig_test_ppm_gimbal.o(i.JIG_TEST_ppm_gimbal_enable)
    JIG_TEST_ppm_gimbal_process              0x0800b115   Thumb Code    36  jig_test_ppm_gimbal.o(i.JIG_TEST_ppm_gimbal_process)
    JIG_TEST_rtc_get_value_from_backup_register 0x0800b189   Thumb Code    20  jig_test_rtc.o(i.JIG_TEST_rtc_get_value_from_backup_register)
    JIG_TEST_rtc_storage_register_value      0x0800b1a1   Thumb Code    40  jig_test_rtc.o(i.JIG_TEST_rtc_storage_register_value)
    JIG_TEST_sbus_gimbal_configuration       0x0800b371   Thumb Code     8  jig_test_sbus_gimbal.o(i.JIG_TEST_sbus_gimbal_configuration)
    JIG_TEST_sbus_gimbal_enable              0x0800b379   Thumb Code    38  jig_test_sbus_gimbal.o(i.JIG_TEST_sbus_gimbal_enable)
    JIG_TEST_sbus_gimbal_process             0x0800b3a9   Thumb Code    40  jig_test_sbus_gimbal.o(i.JIG_TEST_sbus_gimbal_process)
    JIG_TEST_usb_speed_process               0x0800b8c1   Thumb Code   314  jig_test_comm_raspberry_v2.o(i.JIG_TEST_usb_speed_process)
    LL_RTC_DATE_Init                         0x0800becd   Thumb Code   214  stm32f4xx_ll_rtc.o(i.LL_RTC_DATE_Init)
    LL_RTC_EnterInitMode                     0x0800bfc1   Thumb Code    80  stm32f4xx_ll_rtc.o(i.LL_RTC_EnterInitMode)
    LL_RTC_Init                              0x0800c01b   Thumb Code    86  stm32f4xx_ll_rtc.o(i.LL_RTC_Init)
    LL_RTC_TIME_Init                         0x0800c0d9   Thumb Code   224  stm32f4xx_ll_rtc.o(i.LL_RTC_TIME_Init)
    LL_RTC_WaitForSynchro                    0x0800c1bd   Thumb Code   136  stm32f4xx_ll_rtc.o(i.LL_RTC_WaitForSynchro)
    MemManage_Handler                        0x0800c82d   Thumb Code     4  stm32f4xx_it.o(i.MemManage_Handler)
    NMI_Handler                              0x0800c831   Thumb Code     4  stm32f4xx_it.o(i.NMI_Handler)
    PendSV_Handler                           0x0800c835   Thumb Code     2  stm32f4xx_it.o(i.PendSV_Handler)
    SVC_Handler                              0x0800c837   Thumb Code     2  stm32f4xx_it.o(i.SVC_Handler)
    SysTick_Handler                          0x0800c839   Thumb Code     8  stm32f4xx_it.o(i.SysTick_Handler)
    SystemClock_Config                       0x0800c841   Thumb Code   204  main.o(i.SystemClock_Config)
    SystemInit                               0x0800c915   Thumb Code    14  system_stm32f4xx.o(i.SystemInit)
    TIM5_IRQHandler                          0x0800c929   Thumb Code    10  stm32f4xx_it.o(i.TIM5_IRQHandler)
    TIM_Base_SetConfig                       0x0800c939   Thumb Code   170  stm32f4xx_hal_tim.o(i.TIM_Base_SetConfig)
    TIM_CCxChannelCmd                        0x0800ca11   Thumb Code    34  stm32f4xx_hal_tim.o(i.TIM_CCxChannelCmd)
    TIM_ETR_SetConfig                        0x0800ca33   Thumb Code    22  stm32f4xx_hal_tim.o(i.TIM_ETR_SetConfig)
    TIM_OC2_SetConfig                        0x0800cacd   Thumb Code   114  stm32f4xx_hal_tim.o(i.TIM_OC2_SetConfig)
    UART4_IRQHandler                         0x0800cc65   Thumb Code    10  stm32f4xx_it.o(i.UART4_IRQHandler)
    UART5_IRQHandler                         0x0800cc75   Thumb Code    10  stm32f4xx_it.o(i.UART5_IRQHandler)
    UART_Start_Receive_DMA                   0x0800d109   Thumb Code   138  stm32f4xx_hal_uart.o(i.UART_Start_Receive_DMA)
    USART1_IRQHandler                        0x0800d201   Thumb Code    10  stm32f4xx_it.o(i.USART1_IRQHandler)
    USART3_IRQHandler                        0x0800d211   Thumb Code    10  stm32f4xx_it.o(i.USART3_IRQHandler)
    USART6_IRQHandler                        0x0800d221   Thumb Code    10  stm32f4xx_it.o(i.USART6_IRQHandler)
    UsageFault_Handler                       0x0800d231   Thumb Code     4  stm32f4xx_it.o(i.UsageFault_Handler)
    __0printf                                0x0800d235   Thumb Code    22  printfa.o(i.__0printf)
    __1printf                                0x0800d235   Thumb Code     0  printfa.o(i.__0printf)
    __2printf                                0x0800d235   Thumb Code     0  printfa.o(i.__0printf)
    __c89printf                              0x0800d235   Thumb Code     0  printfa.o(i.__0printf)
    printf                                   0x0800d235   Thumb Code     0  printfa.o(i.__0printf)
    __0sprintf                               0x0800d255   Thumb Code    34  printfa.o(i.__0sprintf)
    __1sprintf                               0x0800d255   Thumb Code     0  printfa.o(i.__0sprintf)
    __2sprintf                               0x0800d255   Thumb Code     0  printfa.o(i.__0sprintf)
    __c89sprintf                             0x0800d255   Thumb Code     0  printfa.o(i.__0sprintf)
    sprintf                                  0x0800d255   Thumb Code     0  printfa.o(i.__0sprintf)
    __hardfp_sqrt                            0x0800d2f5   Thumb Code   122  sqrt.o(i.__hardfp_sqrt)
    __scatterload_copy                       0x0800d36f   Thumb Code    14  handlers.o(i.__scatterload_copy)
    __scatterload_null                       0x0800d37d   Thumb Code     2  handlers.o(i.__scatterload_null)
    __scatterload_zeroinit                   0x0800d37f   Thumb Code    14  handlers.o(i.__scatterload_zeroinit)
    __set_errno                              0x0800d38d   Thumb Code     6  errno.o(i.__set_errno)
    _mav_trim_payload                        0x0800d525   Thumb Code    24  mavlinkprotocol.o(i._mav_trim_payload)
    _mavlink_send_uart                       0x0800d53d   Thumb Code    20  mavlinkprotocol.o(i._mavlink_send_uart)
    calculator_get_time_us                   0x0800dc89   Thumb Code    14  timeout.o(i.calculator_get_time_us)
    calculator_reset_time                    0x0800dc9d   Thumb Code    10  timeout.o(i.calculator_reset_time)
    can_dji_cmd_gimbal_control_msg_pack      0x0800dcad   Thumb Code    62  can_dji_gimbal.o(i.can_dji_cmd_gimbal_control_msg_pack)
    can_dji_cmd_remote_control_gimbal_msg_pack 0x0800ddf5   Thumb Code    62  can_dji_remote.o(i.can_dji_cmd_remote_control_gimbal_msg_pack)
    can_dji_handle                           0x0800de33   Thumb Code    56  can_dji.o(i.can_dji_handle)
    can_gimbal_handle                        0x0800de6d   Thumb Code   120  can_dji_gimbal.o(i.can_gimbal_handle)
    can_handle_remote_button                 0x0800deed   Thumb Code    62  can_dji_remote.o(i.can_handle_remote_button)
    comm_send_buffer                         0x0800df31   Thumb Code    68  mavlinkprotocol.o(i.comm_send_buffer)
    fputc                                    0x0800dff5   Thumb Code    18  fputc.o(i.fputc)
    free                                     0x0800e009   Thumb Code    76  malloc.o(i.free)
    get_timeOut                              0x0800e059   Thumb Code    44  timeout.o(i.get_timeOut)
    gs_can_coppy                             0x0800e089   Thumb Code    26  can_dji_protocol.o(i.gs_can_coppy)
    gs_can_crc8                              0x0800e0a5   Thumb Code    42  can_dji_protocol.o(i.gs_can_crc8)
    gs_can_msg_pack                          0x0800e12d   Thumb Code   130  can_dji_protocol.o(i.gs_can_msg_pack)
    gs_can_parse                             0x0800e1af   Thumb Code   406  can_dji_protocol.o(i.gs_can_parse)
    main                                     0x0800e345   Thumb Code    74  main.o(i.main)
    malloc                                   0x0800e391   Thumb Code    92  malloc.o(i.malloc)
    mavlinkProtocol_init                     0x0800e41d   Thumb Code    16  mavlinkprotocol.o(i.mavlinkProtocol_init)
    mavlinkProtocol_serialPort3_Deinit       0x0800e42d   Thumb Code    14  mavlinkprotocol.o(i.mavlinkProtocol_serialPort3_Deinit)
    mavlinkProtocol_serialPort3_init         0x0800e441   Thumb Code    38  mavlinkprotocol.o(i.mavlinkProtocol_serialPort3_init)
    mavlinkProtocol_serialPort3_readData     0x0800e479   Thumb Code    74  mavlinkprotocol.o(i.mavlinkProtocol_serialPort3_readData)
    mavlinkProtocol_serialPort4_init         0x0800e4c9   Thumb Code    38  mavlinkprotocol.o(i.mavlinkProtocol_serialPort4_init)
    mavlinkProtocol_serialPort4_readData     0x0800e501   Thumb Code    74  mavlinkprotocol.o(i.mavlinkProtocol_serialPort4_readData)
    mavlinkProtocol_serialPort5_Deinit       0x0800e551   Thumb Code    14  mavlinkprotocol.o(i.mavlinkProtocol_serialPort5_Deinit)
    mavlinkProtocol_serialPort5_init         0x0800e565   Thumb Code    38  mavlinkprotocol.o(i.mavlinkProtocol_serialPort5_init)
    mavlinkProtocol_serialPort5_readData     0x0800e59d   Thumb Code    74  mavlinkprotocol.o(i.mavlinkProtocol_serialPort5_readData)
    mavlink_finalize_message                 0x0800e5ed   Thumb Code    36  mavlinkprotocol.o(i.mavlink_finalize_message)
    mavlink_finalize_message_buffer          0x0800e611   Thumb Code   344  mavlinkprotocol.o(i.mavlink_finalize_message_buffer)
    mavlink_finalize_message_chan            0x0800e769   Thumb Code    48  mavlinkprotocol.o(i.mavlink_finalize_message_chan)
    mavlink_frame_char                       0x0800e799   Thumb Code    44  mavlinkprotocol.o(i.mavlink_frame_char)
    mavlink_frame_char_buffer                0x0800e7c5   Thumb Code   852  mavlinkprotocol.o(i.mavlink_frame_char_buffer)
    mavlink_get_channel_buffer               0x0800eb19   Thumb Code    18  mavlinkprotocol.o(i.mavlink_get_channel_buffer)
    mavlink_get_channel_status               0x0800eb31   Thumb Code    14  mavlinkprotocol.o(i.mavlink_get_channel_status)
    mavlink_get_msg_entry                    0x0800eb45   Thumb Code    92  mavlinkprotocol.o(i.mavlink_get_msg_entry)
    mavlink_msg_to_send_buffer               0x0800edff   Thumb Code   210  mavlinkprotocol.o(i.mavlink_msg_to_send_buffer)
    mavlink_parse_char                       0x0800eed1   Thumb Code    92  mavlinkprotocol.o(i.mavlink_parse_char)
    mavlink_sha256_final_48                  0x0800f10d   Thumb Code   170  mavlinkprotocol.o(i.mavlink_sha256_final_48)
    mavlink_sha256_init                      0x0800f1b9   Thumb Code    40  mavlinkprotocol.o(i.mavlink_sha256_init)
    mavlink_sha256_update                    0x0800f201   Thumb Code   152  mavlinkprotocol.o(i.mavlink_sha256_update)
    mavlink_sign_packet                      0x0800f299   Thumb Code   150  mavlinkprotocol.o(i.mavlink_sign_packet)
    mavlink_signature_check                  0x0800f331   Thumb Code   382  mavlinkprotocol.o(i.mavlink_signature_check)
    mavlink_start_checksum                   0x0800f4b5   Thumb Code    12  mavlinkprotocol.o(i.mavlink_start_checksum)
    mavlink_update_checksum                  0x0800f4c1   Thumb Code    16  mavlinkprotocol.o(i.mavlink_update_checksum)
    ppm_configuration                        0x0800f4d1   Thumb Code    90  ppm.o(i.ppm_configuration)
    ppm_disable                              0x0800f53d   Thumb Code    18  ppm.o(i.ppm_disable)
    ppm_enable                               0x0800f555   Thumb Code    18  ppm.o(i.ppm_enable)
    ppm_set_channel                          0x0800f56d   Thumb Code   104  ppm.o(i.ppm_set_channel)
    serialPort_read                          0x0800f5d9   Thumb Code   104  serialport.o(i.serialPort_read)
    serialPort_read_byte_count               0x0800f641   Thumb Code    48  serialport.o(i.serialPort_read_byte_count)
    serialPort_send                          0x0800f671   Thumb Code   108  serialport.o(i.serialPort_send)
    serialPort_tx_finish                     0x0800f6fd   Thumb Code    62  serialport.o(i.serialPort_tx_finish)
    serialPort_write                         0x0800f73b   Thumb Code   132  serialport.o(i.serialPort_write)
    serialPort_write_list                    0x0800f7bf   Thumb Code    64  serialport.o(i.serialPort_write_list)
    ssd1306_DrawPixel                        0x0800f801   Thumb Code   164  ssd1306.o(i.ssd1306_DrawPixel)
    ssd1306_Fill                             0x0800f8ad   Thumb Code    28  ssd1306.o(i.ssd1306_Fill)
    ssd1306_Init                             0x0800f8cd   Thumb Code   218  ssd1306.o(i.ssd1306_Init)
    ssd1306_Reset                            0x0800f9b1   Thumb Code     2  ssd1306.o(i.ssd1306_Reset)
    ssd1306_SetContrast                      0x0800f9b3   Thumb Code    20  ssd1306.o(i.ssd1306_SetContrast)
    ssd1306_SetCursor                        0x0800f9c9   Thumb Code     8  ssd1306.o(i.ssd1306_SetCursor)
    ssd1306_SetDisplayOn                     0x0800f9d5   Thumb Code    32  ssd1306.o(i.ssd1306_SetDisplayOn)
    ssd1306_UpdateScreen                     0x0800f9f9   Thumb Code    52  ssd1306.o(i.ssd1306_UpdateScreen)
    ssd1306_WriteChar                        0x0800fa31   Thumb Code   184  ssd1306.o(i.ssd1306_WriteChar)
    ssd1306_WriteCommand                     0x0800faed   Thumb Code    34  ssd1306.o(i.ssd1306_WriteCommand)
    ssd1306_WriteData                        0x0800fb15   Thumb Code    32  ssd1306.o(i.ssd1306_WriteData)
    ssd1306_WriteString                      0x0800fb39   Thumb Code    44  ssd1306.o(i.ssd1306_WriteString)
    timeOut_configuration                    0x0800fb65   Thumb Code    10  timeout.o(i.timeOut_configuration)
    AHBPrescTable                            0x0800fb90   Data          16  system_stm32f4xx.o(.constdata)
    APBPrescTable                            0x0800fba0   Data           8  system_stm32f4xx.o(.constdata)
    debug_str_state                          0x08010780   Data         910  jig_test_gimbal_fstd_v2.o(.constdata)
    debug_str_mode_test                      0x08010b0e   Data         840  jig_test_gimbal_fstd_v2.o(.constdata)
    Region$$Table$$Base                      0x08014de0   Number         0  anon$$obj.o(Region$$Table)
    Region$$Table$$Limit                     0x08014e00   Number         0  anon$$obj.o(Region$$Table)
    uwTick                                   0x20000000   Data           4  stm32f4xx_hal.o(.data)
    uwTickPrio                               0x20000004   Data           4  stm32f4xx_hal.o(.data)
    uwTickFreq                               0x20000008   Data           1  stm32f4xx_hal.o(.data)
    SystemCoreClock                          0x2000000c   Data           4  system_stm32f4xx.o(.data)
    aSRC_Buffer                              0x20000010   Data          36  ppm.o(.data)
    button_private                           0x2000004c   Data           3  jig_test_button.o(.data)
    str                                      0x20000050   Data           4  jig_test_button.o(.data)
    HARDWARE_GPIO_PIN                        0x20000058   Data          32  jig_test_aux.o(.data)
    HARDWARE_GPIO_PORT                       0x20000078   Data          16  jig_test_aux.o(.data)
    comm_raspberry_private                   0x20000098   Data           2  jig_test_comm_raspberry_v2.o(.data)
    JIG_TEST_setting_param_test_for_t3v3     0x200000b8   Data         140  jig_test_gimbal_fstd_v2.o(.data)
    JIG_TEST_setting_param_test_for_s1v3     0x20000144   Data         140  jig_test_gimbal_fstd_v2.o(.data)
    JIG_TEST_setting_param_test_for_t7       0x200001d0   Data         140  jig_test_gimbal_fstd_v2.o(.data)
    JIG_TEST_setting_param_test_for_pixy     0x2000025c   Data         140  jig_test_gimbal_fstd_v2.o(.data)
    JIG_TEST_gimbal_user_profile_ship_T3     0x200002e8   Data         132  jig_test_gimbal_fstd_v2.o(.data)
    JIG_TEST_gimbal_user_profile_ship_AC30000 0x2000036c   Data         180  jig_test_gimbal_fstd_v2.o(.data)
    JIG_TEST_gimbal_user_profile_ship_S1v3   0x20000420   Data         132  jig_test_gimbal_fstd_v2.o(.data)
    JIG_TEST_gimbal_user_profile_ship_T7     0x200004a4   Data         132  jig_test_gimbal_fstd_v2.o(.data)
    gimbal_param_setting                     0x20000528   Data         560  jig_test_gimbal_fstd_v2.o(.data)
    gimbal_user_profile_ship                 0x20000758   Data         704  jig_test_gimbal_fstd_v2.o(.data)
    gimbal_user_profile_ship_ac30000         0x20000a18   Data         896  jig_test_gimbal_fstd_v2.o(.data)
    JGI_TEST_DISPLAY_LINE_ONE_Y              0x20000e4c   Data           1  jig_test_display_v2.o(.data)
    JGI_TEST_DISPLAY_LINE_TWO_Y              0x20000e4d   Data           1  jig_test_display_v2.o(.data)
    JGI_TEST_DISPLAY_LINE_THREE_Y            0x20000e4e   Data           1  jig_test_display_v2.o(.data)
    JGI_TEST_DISPLAY_LINE_FOUR_Y             0x20000e4f   Data           1  jig_test_display_v2.o(.data)
    JGI_TEST_DISPLAY_LINE_FIVE_Y             0x20000e50   Data           1  jig_test_display_v2.o(.data)
    gremsy_device                            0x20000e54   Data          88  jig_test_display_v2.o(.data)
    Font_6x8                                 0x20000ec0   Data           8  ssd1306_fonts.o(.data)
    Font_7x10                                0x20000ec8   Data           8  ssd1306_fonts.o(.data)
    Font_11x18                               0x20000ed0   Data           8  ssd1306_fonts.o(.data)
    Font_16x26                               0x20000ed8   Data           8  ssd1306_fonts.o(.data)
    __stdout                                 0x20000ee0   Data           4  stdout.o(.data)
    __microlib_freelist                      0x20000ee4   Data           4  mvars.o(.data)
    __microlib_freelist_initialised          0x20000ee8   Data           4  mvars.o(.data)
    hcan1                                    0x20000ef0   Data          40  main.o(.bss)
    hi2c1                                    0x20000f18   Data          84  main.o(.bss)
    htim4                                    0x20000f6c   Data          72  main.o(.bss)
    htim5                                    0x20000fb4   Data          72  main.o(.bss)
    hdma_tim4_up                             0x20000ffc   Data          96  main.o(.bss)
    huart4                                   0x2000105c   Data          68  main.o(.bss)
    huart5                                   0x200010a0   Data          68  main.o(.bss)
    huart1                                   0x200010e4   Data          68  main.o(.bss)
    huart3                                   0x20001128   Data          68  main.o(.bss)
    huart6                                   0x2000116c   Data          68  main.o(.bss)
    hdma_uart4_tx                            0x200011b0   Data          96  main.o(.bss)
    hdma_uart4_rx                            0x20001210   Data          96  main.o(.bss)
    hdma_uart5_tx                            0x20001270   Data          96  main.o(.bss)
    hdma_uart5_rx                            0x200012d0   Data          96  main.o(.bss)
    hdma_usart1_tx                           0x20001330   Data          96  main.o(.bss)
    hdma_usart1_rx                           0x20001390   Data          96  main.o(.bss)
    hdma_usart3_tx                           0x200013f0   Data          96  main.o(.bss)
    hdma_usart3_rx                           0x20001450   Data          96  main.o(.bss)
    hdma_usart6_tx                           0x200014b0   Data          96  main.o(.bss)
    ppm_gimbal                               0x20001910   Data          10  jig_test_ppm_gimbal.o(.bss)
    can_dji_private                          0x2000191c   Data         356  jig_test_can_dji_.o(.bss)
    gsCanRxMsg                               0x20001a80   Data         270  jig_test_can_dji_.o(.bss)
    gsCanRxState                             0x20001b90   Data          24  jig_test_can_dji_.o(.bss)
    gsCanTxMsg                               0x20001ba8   Data         270  jig_test_can_dji_.o(.bss)
    gsCanTxState                             0x20001cb8   Data          24  jig_test_can_dji_.o(.bss)
    dji_system                               0x20001cd0   Data         164  jig_test_can_dji_.o(.bss)
    channels_w                               0x20001d74   Data          32  jig_test_sbus_gimbal.o(.bss)
    sbus_gimbal                              0x20001d94   Data          10  jig_test_sbus_gimbal.o(.bss)
    serial_port3                             0x20001db8   Data        2784  mavlinkprotocol.o(.bss)
    serial_port4                             0x20002898   Data        2784  mavlinkprotocol.o(.bss)
    serial_port5                             0x20003378   Data        2784  mavlinkprotocol.o(.bss)
    mavlink_gimbal_COM2                      0x20004498   Data         224  jig_test_mavlink_gimbal.o(.bss)
    mavlink_gimbal_COM4                      0x20004578   Data         224  jig_test_mavlink_gimbal.o(.bss)
    mavlink_comm_rapberry                    0x20004658   Data         224  jig_test_mavlink_gimbal.o(.bss)
    raspberry_msg                            0x20004738   Data          36  jig_test_mavlink_gimbal.o(.bss)
    mav_state_COM2                           0x20004760   Data         320  jig_test_mavlink_gimbal.o(.bss)
    mav_state_COM4                           0x200048a0   Data         320  jig_test_mavlink_gimbal.o(.bss)
    mav_state_comm_raspberry                 0x200049e0   Data         320  jig_test_mavlink_gimbal.o(.bss)
    Console                                  0x20004b20   Data        2784  jig_test_console.o(.bss)
    gimbal_FSTD_private                      0x20005600   Data         152  jig_test_gimbal_fstd_v2.o(.bss)
    gimbal_FSTD_global                       0x20005698   Data         108  jig_test_gimbal_fstd_v2.o(.bss)
    display_private                          0x20005704   Data          12  jig_test_display_v2.o(.bss)
    __heap_base                              0x20005d28   Data           0  startup_stm32f405xx.o(HEAP)
    __heap_limit                             0x20005f28   Data           0  startup_stm32f405xx.o(HEAP)
    __initial_sp                             0x20006328   Data           0  startup_stm32f405xx.o(STACK)



==============================================================================

Memory Map of the image

  Image Entry point : 0x08000189

  Load Region LR_IROM1 (Base: 0x08000000, Size: 0x00015cf0, Max: 0x00100000, ABSOLUTE, COMPRESSED[0x00015278])

    Execution Region ER_IROM1 (Exec base: 0x08000000, Load base: 0x08000000, Size: 0x00014e00, Max: 0x00100000, ABSOLUTE)

    Exec Addr    Load Addr    Size         Type   Attr      Idx    E Section Name        Object

    0x08000000   0x08000000   0x00000188   Data   RO            3    RESET               startup_stm32f405xx.o
    0x08000188   0x08000188   0x00000000   Code   RO         7295  * .ARM.Collect$$$$00000000  mc_w.l(entry.o)
    0x08000188   0x08000188   0x00000004   Code   RO         7678    .ARM.Collect$$$$00000001  mc_w.l(entry2.o)
    0x0800018c   0x0800018c   0x00000004   Code   RO         7681    .ARM.Collect$$$$00000004  mc_w.l(entry5.o)
    0x08000190   0x08000190   0x00000000   Code   RO         7683    .ARM.Collect$$$$00000008  mc_w.l(entry7b.o)
    0x08000190   0x08000190   0x00000000   Code   RO         7685    .ARM.Collect$$$$0000000A  mc_w.l(entry8b.o)
    0x08000190   0x08000190   0x00000008   Code   RO         7686    .ARM.Collect$$$$0000000B  mc_w.l(entry9a.o)
    0x08000198   0x08000198   0x00000000   Code   RO         7688    .ARM.Collect$$$$0000000D  mc_w.l(entry10a.o)
    0x08000198   0x08000198   0x00000000   Code   RO         7690    .ARM.Collect$$$$0000000F  mc_w.l(entry11a.o)
    0x08000198   0x08000198   0x00000004   Code   RO         7679    .ARM.Collect$$$$00002712  mc_w.l(entry2.o)
    0x0800019c   0x0800019c   0x00000024   Code   RO            4    .text               startup_stm32f405xx.o
    0x080001c0   0x080001c0   0x00000062   Code   RO         7298    .text               mc_w.l(uldiv.o)
    0x08000222   0x08000222   0x00000024   Code   RO         7300    .text               mc_w.l(memcpya.o)
    0x08000246   0x08000246   0x00000024   Code   RO         7302    .text               mc_w.l(memseta.o)
    0x0800026a   0x0800026a   0x00000018   Code   RO         7304    .text               mc_w.l(strcat.o)
    0x08000282   0x08000282   0x0000000e   Code   RO         7306    .text               mc_w.l(strlen.o)
    0x08000290   0x08000290   0x0000001a   Code   RO         7308    .text               mc_w.l(memcmp.o)
    0x080002aa   0x080002aa   0x00000012   Code   RO         7310    .text               mc_w.l(strcpy.o)
    0x080002bc   0x080002bc   0x0000014e   Code   RO         7603    .text               mf_w.l(dadd.o)
    0x0800040a   0x0800040a   0x000000e4   Code   RO         7605    .text               mf_w.l(dmul.o)
    0x080004ee   0x080004ee   0x000000de   Code   RO         7607    .text               mf_w.l(ddiv.o)
    0x080005cc   0x080005cc   0x00000022   Code   RO         7609    .text               mf_w.l(dflti.o)
    0x080005ee   0x080005ee   0x00000026   Code   RO         7615    .text               mf_w.l(f2d.o)
    0x08000614   0x08000614   0x00000030   Code   RO         7617    .text               mf_w.l(cdcmple.o)
    0x08000644   0x08000644   0x00000038   Code   RO         7619    .text               mf_w.l(d2f.o)
    0x0800067c   0x0800067c   0x0000002c   Code   RO         7695    .text               mc_w.l(uidiv.o)
    0x080006a8   0x080006a8   0x0000001e   Code   RO         7697    .text               mc_w.l(llshl.o)
    0x080006c6   0x080006c6   0x00000020   Code   RO         7699    .text               mc_w.l(llushr.o)
    0x080006e6   0x080006e6   0x00000024   Code   RO         7701    .text               mc_w.l(llsshr.o)
    0x0800070a   0x0800070a   0x00000000   Code   RO         7712    .text               mc_w.l(iusefp.o)
    0x0800070a   0x0800070a   0x0000006e   Code   RO         7713    .text               mf_w.l(fepilogue.o)
    0x08000778   0x08000778   0x000000ba   Code   RO         7715    .text               mf_w.l(depilogue.o)
    0x08000832   0x08000832   0x000000a2   Code   RO         7719    .text               mf_w.l(dsqrt.o)
    0x080008d4   0x080008d4   0x00000030   Code   RO         7721    .text               mf_w.l(dfixul.o)
    0x08000904   0x08000904   0x00000030   Code   RO         7723    .text               mf_w.l(cdrcmple.o)
    0x08000934   0x08000934   0x00000024   Code   RO         7725    .text               mc_w.l(init.o)
    0x08000958   0x08000958   0x00000000   Code   RO         7727    .text               mc_w.l(semi.o)
    0x08000958   0x08000958   0x00000000   Code   RO         7728    .text               mc_w.l(iusesemip.o)
    0x08000958   0x08000958   0x00000056   Code   RO         7737    .text               mc_w.l(__dczerorl2.o)
    0x080009ae   0x080009ae   0x00000004   Code   RO          265    i.BusFault_Handler  stm32f4xx_it.o
    0x080009b2   0x080009b2   0x00000002   PAD
    0x080009b4   0x080009b4   0x00000010   Code   RO          266    i.CAN1_RX0_IRQHandler  stm32f4xx_it.o
    0x080009c4   0x080009c4   0x00000010   Code   RO          267    i.CAN1_TX_IRQHandler  stm32f4xx_it.o
    0x080009d4   0x080009d4   0x00000010   Code   RO          268    i.DMA1_Stream0_IRQHandler  stm32f4xx_it.o
    0x080009e4   0x080009e4   0x00000010   Code   RO          269    i.DMA1_Stream1_IRQHandler  stm32f4xx_it.o
    0x080009f4   0x080009f4   0x00000010   Code   RO          270    i.DMA1_Stream2_IRQHandler  stm32f4xx_it.o
    0x08000a04   0x08000a04   0x00000010   Code   RO          271    i.DMA1_Stream3_IRQHandler  stm32f4xx_it.o
    0x08000a14   0x08000a14   0x00000010   Code   RO          272    i.DMA1_Stream4_IRQHandler  stm32f4xx_it.o
    0x08000a24   0x08000a24   0x00000010   Code   RO          273    i.DMA1_Stream6_IRQHandler  stm32f4xx_it.o
    0x08000a34   0x08000a34   0x00000010   Code   RO          274    i.DMA1_Stream7_IRQHandler  stm32f4xx_it.o
    0x08000a44   0x08000a44   0x00000010   Code   RO          275    i.DMA2_Stream2_IRQHandler  stm32f4xx_it.o
    0x08000a54   0x08000a54   0x00000010   Code   RO          276    i.DMA2_Stream6_IRQHandler  stm32f4xx_it.o
    0x08000a64   0x08000a64   0x00000010   Code   RO          277    i.DMA2_Stream7_IRQHandler  stm32f4xx_it.o
    0x08000a74   0x08000a74   0x00000034   Code   RO         1276    i.DMA_CalcBaseAndBitshift  stm32f4xx_hal_dma.o
    0x08000aa8   0x08000aa8   0x000000aa   Code   RO         1277    i.DMA_CheckFifoParam  stm32f4xx_hal_dma.o
    0x08000b52   0x08000b52   0x0000002c   Code   RO         1278    i.DMA_SetConfig     stm32f4xx_hal_dma.o
    0x08000b7e   0x08000b7e   0x00000002   Code   RO          278    i.DebugMon_Handler  stm32f4xx_it.o
    0x08000b80   0x08000b80   0x00000006   Code   RO           13    i.Error_Handler     main.o
    0x08000b86   0x08000b86   0x00000156   Code   RO          540    i.HAL_CAN_AddTxMessage  stm32f4xx_hal_can.o
    0x08000cdc   0x08000cdc   0x00000002   Code   RO          544    i.HAL_CAN_ErrorCallback  stm32f4xx_hal_can.o
    0x08000cde   0x08000cde   0x0000017a   Code   RO          547    i.HAL_CAN_GetRxMessage  stm32f4xx_hal_can.o
    0x08000e58   0x08000e58   0x0000024e   Code   RO          551    i.HAL_CAN_IRQHandler  stm32f4xx_hal_can.o
    0x080010a6   0x080010a6   0x00000174   Code   RO          552    i.HAL_CAN_Init      stm32f4xx_hal_can.o
    0x0800121a   0x0800121a   0x00000002   PAD
    0x0800121c   0x0800121c   0x000000a8   Code   RO          458    i.HAL_CAN_MspInit   stm32f4xx_hal_msp.o
    0x080012c4   0x080012c4   0x00000002   Code   RO          559    i.HAL_CAN_RxFifo0FullCallback  stm32f4xx_hal_can.o
    0x080012c6   0x080012c6   0x00000002   PAD
    0x080012c8   0x080012c8   0x00000068   Code   RO         4533    i.HAL_CAN_RxFifo0MsgPendingCallback  jig_test_can_dji_.o
    0x08001330   0x08001330   0x00000002   Code   RO          561    i.HAL_CAN_RxFifo1FullCallback  stm32f4xx_hal_can.o
    0x08001332   0x08001332   0x00000002   Code   RO          562    i.HAL_CAN_RxFifo1MsgPendingCallback  stm32f4xx_hal_can.o
    0x08001334   0x08001334   0x00000002   Code   RO          563    i.HAL_CAN_SleepCallback  stm32f4xx_hal_can.o
    0x08001336   0x08001336   0x00000002   Code   RO          566    i.HAL_CAN_TxMailbox0AbortCallback  stm32f4xx_hal_can.o
    0x08001338   0x08001338   0x00000060   Code   RO         4534    i.HAL_CAN_TxMailbox0CompleteCallback  jig_test_can_dji_.o
    0x08001398   0x08001398   0x00000002   Code   RO          568    i.HAL_CAN_TxMailbox1AbortCallback  stm32f4xx_hal_can.o
    0x0800139a   0x0800139a   0x00000002   Code   RO          569    i.HAL_CAN_TxMailbox1CompleteCallback  stm32f4xx_hal_can.o
    0x0800139c   0x0800139c   0x00000002   Code   RO          570    i.HAL_CAN_TxMailbox2AbortCallback  stm32f4xx_hal_can.o
    0x0800139e   0x0800139e   0x00000002   Code   RO          571    i.HAL_CAN_TxMailbox2CompleteCallback  stm32f4xx_hal_can.o
    0x080013a0   0x080013a0   0x00000002   Code   RO          573    i.HAL_CAN_WakeUpFromRxMsgCallback  stm32f4xx_hal_can.o
    0x080013a2   0x080013a2   0x000000aa   Code   RO         1279    i.HAL_DMA_Abort     stm32f4xx_hal_dma.o
    0x0800144c   0x0800144c   0x00000028   Code   RO         1280    i.HAL_DMA_Abort_IT  stm32f4xx_hal_dma.o
    0x08001474   0x08001474   0x00000070   Code   RO         1281    i.HAL_DMA_DeInit    stm32f4xx_hal_dma.o
    0x080014e4   0x080014e4   0x00000240   Code   RO         1284    i.HAL_DMA_IRQHandler  stm32f4xx_hal_dma.o
    0x08001724   0x08001724   0x000000ec   Code   RO         1285    i.HAL_DMA_Init      stm32f4xx_hal_dma.o
    0x08001810   0x08001810   0x00000092   Code   RO         1289    i.HAL_DMA_Start_IT  stm32f4xx_hal_dma.o
    0x080018a2   0x080018a2   0x00000002   PAD
    0x080018a4   0x080018a4   0x00000028   Code   RO         1703    i.HAL_Delay         stm32f4xx_hal.o
    0x080018cc   0x080018cc   0x00000164   Code   RO         1169    i.HAL_GPIO_DeInit   stm32f4xx_hal_gpio.o
    0x08001a30   0x08001a30   0x00000204   Code   RO         1172    i.HAL_GPIO_Init     stm32f4xx_hal_gpio.o
    0x08001c34   0x08001c34   0x00000010   Code   RO         1174    i.HAL_GPIO_ReadPin  stm32f4xx_hal_gpio.o
    0x08001c44   0x08001c44   0x00000014   Code   RO         1175    i.HAL_GPIO_TogglePin  stm32f4xx_hal_gpio.o
    0x08001c58   0x08001c58   0x0000000c   Code   RO         1176    i.HAL_GPIO_WritePin  stm32f4xx_hal_gpio.o
    0x08001c64   0x08001c64   0x0000000c   Code   RO         1709    i.HAL_GetTick       stm32f4xx_hal.o
    0x08001c70   0x08001c70   0x000001d0   Code   RO         2244    i.HAL_I2C_Init      stm32f4xx_hal_i2c.o
    0x08001e40   0x08001e40   0x000001b8   Code   RO         2245    i.HAL_I2C_IsDeviceReady  stm32f4xx_hal_i2c.o
    0x08001ff8   0x08001ff8   0x00000164   Code   RO         2265    i.HAL_I2C_Mem_Write  stm32f4xx_hal_i2c.o
    0x0800215c   0x0800215c   0x00000088   Code   RO          460    i.HAL_I2C_MspInit   stm32f4xx_hal_msp.o
    0x080021e4   0x080021e4   0x00000018   Code   RO         1715    i.HAL_IncTick       stm32f4xx_hal.o
    0x080021fc   0x080021fc   0x0000003c   Code   RO         1716    i.HAL_Init          stm32f4xx_hal.o
    0x08002238   0x08002238   0x0000004c   Code   RO         1717    i.HAL_InitTick      stm32f4xx_hal.o
    0x08002284   0x08002284   0x00000048   Code   RO          461    i.HAL_MspInit       stm32f4xx_hal_msp.o
    0x080022cc   0x080022cc   0x00000044   Code   RO         1560    i.HAL_NVIC_DisableIRQ  stm32f4xx_hal_cortex.o
    0x08002310   0x08002310   0x00000020   Code   RO         1561    i.HAL_NVIC_EnableIRQ  stm32f4xx_hal_cortex.o
    0x08002330   0x08002330   0x0000007c   Code   RO         1567    i.HAL_NVIC_SetPriority  stm32f4xx_hal_cortex.o
    0x080023ac   0x080023ac   0x00000028   Code   RO         1568    i.HAL_NVIC_SetPriorityGrouping  stm32f4xx_hal_cortex.o
    0x080023d4   0x080023d4   0x000001a0   Code   RO          878    i.HAL_RCCEx_PeriphCLKConfig  stm32f4xx_hal_rcc_ex.o
    0x08002574   0x08002574   0x00000184   Code   RO          773    i.HAL_RCC_ClockConfig  stm32f4xx_hal_rcc.o
    0x080026f8   0x080026f8   0x0000000c   Code   RO          778    i.HAL_RCC_GetHCLKFreq  stm32f4xx_hal_rcc.o
    0x08002704   0x08002704   0x00000020   Code   RO          780    i.HAL_RCC_GetPCLK1Freq  stm32f4xx_hal_rcc.o
    0x08002724   0x08002724   0x00000020   Code   RO          781    i.HAL_RCC_GetPCLK2Freq  stm32f4xx_hal_rcc.o
    0x08002744   0x08002744   0x000000b0   Code   RO          782    i.HAL_RCC_GetSysClockFreq  stm32f4xx_hal_rcc.o
    0x080027f4   0x080027f4   0x0000049c   Code   RO          785    i.HAL_RCC_OscConfig  stm32f4xx_hal_rcc.o
    0x08002c90   0x08002c90   0x00000034   Code   RO         1572    i.HAL_SYSTICK_Config  stm32f4xx_hal_cortex.o
    0x08002cc4   0x08002cc4   0x00000002   Code   RO         3670    i.HAL_TIMEx_BreakCallback  stm32f4xx_hal_tim_ex.o
    0x08002cc6   0x08002cc6   0x00000002   Code   RO         3671    i.HAL_TIMEx_CommutCallback  stm32f4xx_hal_tim_ex.o
    0x08002cc8   0x08002cc8   0x000000b4   Code   RO         3689    i.HAL_TIMEx_MasterConfigSynchronization  stm32f4xx_hal_tim_ex.o
    0x08002d7c   0x08002d7c   0x00000066   Code   RO         2955    i.HAL_TIM_Base_Init  stm32f4xx_hal_tim.o
    0x08002de2   0x08002de2   0x00000002   PAD
    0x08002de4   0x08002de4   0x000000c8   Code   RO          463    i.HAL_TIM_Base_MspInit  stm32f4xx_hal_msp.o
    0x08002eac   0x08002eac   0x0000009c   Code   RO         2958    i.HAL_TIM_Base_Start  stm32f4xx_hal_tim.o
    0x08002f48   0x08002f48   0x00000108   Code   RO         2964    i.HAL_TIM_ConfigClockSource  stm32f4xx_hal_tim.o
    0x08003050   0x08003050   0x00000002   Code   RO         2989    i.HAL_TIM_IC_CaptureCallback  stm32f4xx_hal_tim.o
    0x08003052   0x08003052   0x00000196   Code   RO         3003    i.HAL_TIM_IRQHandler  stm32f4xx_hal_tim.o
    0x080031e8   0x080031e8   0x00000060   Code   RO          464    i.HAL_TIM_MspPostInit  stm32f4xx_hal_msp.o
    0x08003248   0x08003248   0x00000002   Code   RO         3006    i.HAL_TIM_OC_DelayElapsedCallback  stm32f4xx_hal_tim.o
    0x0800324a   0x0800324a   0x000000fc   Code   RO         3027    i.HAL_TIM_PWM_ConfigChannel  stm32f4xx_hal_tim.o
    0x08003346   0x08003346   0x00000066   Code   RO         3030    i.HAL_TIM_PWM_Init  stm32f4xx_hal_tim.o
    0x080033ac   0x080033ac   0x00000002   Code   RO         3032    i.HAL_TIM_PWM_MspInit  stm32f4xx_hal_tim.o
    0x080033ae   0x080033ae   0x00000002   Code   RO         3033    i.HAL_TIM_PWM_PulseFinishedCallback  stm32f4xx_hal_tim.o
    0x080033b0   0x080033b0   0x0000010c   Code   RO         3035    i.HAL_TIM_PWM_Start  stm32f4xx_hal_tim.o
    0x080034bc   0x080034bc   0x00000002   Code   RO         3041    i.HAL_TIM_PeriodElapsedCallback  stm32f4xx_hal_tim.o
    0x080034be   0x080034be   0x00000002   Code   RO         3046    i.HAL_TIM_TriggerCallback  stm32f4xx_hal_tim.o
    0x080034c0   0x080034c0   0x00000002   Code   RO         3948    i.HAL_UARTEx_RxEventCallback  stm32f4xx_hal_uart.o
    0x080034c2   0x080034c2   0x0000003c   Code   RO         3961    i.HAL_UART_DeInit   stm32f4xx_hal_uart.o
    0x080034fe   0x080034fe   0x00000002   Code   RO         3962    i.HAL_UART_ErrorCallback  stm32f4xx_hal_uart.o
    0x08003500   0x08003500   0x00000250   Code   RO         3965    i.HAL_UART_IRQHandler  stm32f4xx_hal_uart.o
    0x08003750   0x08003750   0x00000072   Code   RO         3966    i.HAL_UART_Init     stm32f4xx_hal_uart.o
    0x080037c2   0x080037c2   0x00000002   PAD
    0x080037c4   0x080037c4   0x0000012c   Code   RO          465    i.HAL_UART_MspDeInit  stm32f4xx_hal_msp.o
    0x080038f0   0x080038f0   0x00000578   Code   RO          466    i.HAL_UART_MspInit  stm32f4xx_hal_msp.o
    0x08003e68   0x08003e68   0x00000042   Code   RO         3970    i.HAL_UART_Receive_DMA  stm32f4xx_hal_uart.o
    0x08003eaa   0x08003eaa   0x00000002   Code   RO         3972    i.HAL_UART_RxCpltCallback  stm32f4xx_hal_uart.o
    0x08003eac   0x08003eac   0x00000002   Code   RO         3973    i.HAL_UART_RxHalfCpltCallback  stm32f4xx_hal_uart.o
    0x08003eae   0x08003eae   0x00000002   PAD
    0x08003eb0   0x08003eb0   0x0000009c   Code   RO         3975    i.HAL_UART_Transmit_DMA  stm32f4xx_hal_uart.o
    0x08003f4c   0x08003f4c   0x00000070   Code   RO         4803    i.HAL_UART_TxCpltCallback  mavlinkprotocol.o
    0x08003fbc   0x08003fbc   0x00000002   Code   RO         3978    i.HAL_UART_TxHalfCpltCallback  stm32f4xx_hal_uart.o
    0x08003fbe   0x08003fbe   0x00000004   Code   RO          279    i.HardFault_Handler  stm32f4xx_it.o
    0x08003fc2   0x08003fc2   0x0000003e   Code   RO         2287    i.I2C_IsAcknowledgeFailed  stm32f4xx_hal_i2c.o
    0x08004000   0x08004000   0x000000e0   Code   RO         2299    i.I2C_RequestMemoryWrite  stm32f4xx_hal_i2c.o
    0x080040e0   0x080040e0   0x0000005c   Code   RO         2307    i.I2C_WaitOnBTFFlagUntilTimeout  stm32f4xx_hal_i2c.o
    0x0800413c   0x0800413c   0x00000086   Code   RO         2308    i.I2C_WaitOnFlagUntilTimeout  stm32f4xx_hal_i2c.o
    0x080041c2   0x080041c2   0x000000c4   Code   RO         2309    i.I2C_WaitOnMasterAddressFlagUntilTimeout  stm32f4xx_hal_i2c.o
    0x08004286   0x08004286   0x0000005c   Code   RO         2313    i.I2C_WaitOnTXEFlagUntilTimeout  stm32f4xx_hal_i2c.o
    0x080042e2   0x080042e2   0x00000008   Code   RO         6647    i.JGI_TEST_display_UpdateScreen  jig_test_display_v2.o
    0x080042ea   0x080042ea   0x00000002   PAD
    0x080042ec   0x080042ec   0x00000070   Code   RO         6648    i.JGI_TEST_display_v2_clear  jig_test_display_v2.o
    0x0800435c   0x0800435c   0x00000050   Code   RO         6135    i.JIG_TEST_aux_configuration  jig_test_aux.o
    0x080043ac   0x080043ac   0x00000088   Code   RO         6137    i.JIG_TEST_aux_gpio_result_ok  jig_test_aux.o
    0x08004434   0x08004434   0x00000030   Code   RO         6140    i.JIG_TEST_aux_gpio_write  jig_test_aux.o
    0x08004464   0x08004464   0x00000014   Code   RO         6141    i.JIG_TEST_aux_process  jig_test_aux.o
    0x08004478   0x08004478   0x00000002   Code   RO         6070    i.JIG_TEST_button_configuration  jig_test_button.o
    0x0800447a   0x0800447a   0x00000002   PAD
    0x0800447c   0x0800447c   0x00000018   Code   RO         6071    i.JIG_TEST_button_get_event  jig_test_button.o
    0x08004494   0x08004494   0x000000b4   Code   RO         6072    i.JIG_TEST_button_press  jig_test_button.o
    0x08004548   0x08004548   0x00000008   Code   RO         6073    i.JIG_TEST_button_process  jig_test_button.o
    0x08004550   0x08004550   0x00000048   Code   RO         6074    i.JIG_TEST_button_select_2_mode  jig_test_button.o
    0x08004598   0x08004598   0x0000001c   Code   RO         6075    i.JIG_TEST_button_state_back_to_scan_new_barCode  jig_test_button.o
    0x080045b4   0x080045b4   0x0000001c   Code   RO         6076    i.JIG_TEST_button_state_feed_back_imu  jig_test_button.o
    0x080045d0   0x080045d0   0x000000e0   Code   RO         4535    i.JIG_TEST_can_dji_Error_Handler  jig_test_can_dji_.o
    0x080046b0   0x080046b0   0x0000002c   Code   RO         4537    i.JIG_TEST_can_dji_first_send  jig_test_can_dji_.o
    0x080046dc   0x080046dc   0x0000000c   Code   RO         4538    i.JIG_TEST_can_dji_process  jig_test_can_dji_.o
    0x080046e8   0x080046e8   0x00000084   Code   RO         4540    i.JIG_TEST_can_dji_send  jig_test_can_dji_.o
    0x0800476c   0x0800476c   0x00000020   Code   RO         4542    i.JIG_TEST_can_dji_set_move  jig_test_can_dji_.o
    0x0800478c   0x0800478c   0x0000003c   Code   RO         4543    i.JIG_TEST_can_dji_set_rc_channel  jig_test_can_dji_.o
    0x080047c8   0x080047c8   0x00000078   Code   RO         4544    i.JIG_TEST_can_dji_set_remote_button  jig_test_can_dji_.o
    0x08004840   0x08004840   0x0000009c   Code   RO         4546    i.JIG_TEST_can_dji_test_protocol  jig_test_can_dji_.o
    0x080048dc   0x080048dc   0x00000050   Code   RO         4547    i.JIG_TEST_can_dji_write  jig_test_can_dji_.o
    0x0800492c   0x0800492c   0x00000020   Code   RO         6258    i.JIG_TEST_cloud_Data_get_command_login  jig_test_comm_raspberry_v2.o
    0x0800494c   0x0800494c   0x00000044   Code   RO         6259    i.JIG_TEST_cloud_Data_get_command_result  jig_test_comm_raspberry_v2.o
    0x08004990   0x08004990   0x0000002c   Code   RO         6260    i.JIG_TEST_cloud_Data_get_command_status  jig_test_comm_raspberry_v2.o
    0x080049bc   0x080049bc   0x00000104   Code   RO         6261    i.JIG_TEST_comm_raspberry_get_heartbeat_ready  jig_test_comm_raspberry_v2.o
    0x08004ac0   0x08004ac0   0x00000002   Code   RO         6262    i.JIG_TEST_comm_raspberry_v2_cloudData_configuration  jig_test_comm_raspberry_v2.o
    0x08004ac2   0x08004ac2   0x00000002   PAD
    0x08004ac4   0x08004ac4   0x000002f8   Code   RO         6263    i.JIG_TEST_comm_raspberry_v2_cloudData_get_command  jig_test_comm_raspberry_v2.o
    0x08004dbc   0x08004dbc   0x00000010   Code   RO         6264    i.JIG_TEST_comm_raspberry_v2_cloudData_process  jig_test_comm_raspberry_v2.o
    0x08004dcc   0x08004dcc   0x000000f4   Code   RO         6265    i.JIG_TEST_comm_raspberry_v2_cloud_data_send_value_jig_test  jig_test_comm_raspberry_v2.o
    0x08004ec0   0x08004ec0   0x0000001c   Code   RO         6266    i.JIG_TEST_comm_raspberry_v2_heartbeat_timeOut_process  jig_test_comm_raspberry_v2.o
    0x08004edc   0x08004edc   0x0000004c   Code   RO         6267    i.JIG_TEST_comm_raspberry_v2_send_command_result_to_cloudData  jig_test_comm_raspberry_v2.o
    0x08004f28   0x08004f28   0x000002c0   Code   RO         6268    i.JIG_TEST_comm_raspberry_v2_send_command_status_to_cloudData  jig_test_comm_raspberry_v2.o
    0x080051e8   0x080051e8   0x00000024   Code   RO         6032    i.JIG_TEST_console_configuration  jig_test_console.o
    0x0800520c   0x0800520c   0x00000048   Code   RO         6033    i.JIG_TEST_console_write  jig_test_console.o
    0x08005254   0x08005254   0x0000002c   Code   RO         6650    i.JIG_TEST_display_get_center_screen  jig_test_display_v2.o
    0x08005280   0x08005280   0x00000010   Code   RO         6651    i.JIG_TEST_display_get_device_name  jig_test_display_v2.o
    0x08005290   0x08005290   0x00000130   Code   RO         6652    i.JIG_TEST_display_v2_after_reset  jig_test_display_v2.o
    0x080053c0   0x080053c0   0x000000ac   Code   RO         6653    i.JIG_TEST_display_v2_configuration  jig_test_display_v2.o
    0x0800546c   0x0800546c   0x0000000c   Code   RO         6654    i.JIG_TEST_display_v2_get_scanBarcode_done  jig_test_display_v2.o
    0x08005478   0x08005478   0x00000026   Code   RO         6655    i.JIG_TEST_display_v2_get_string_result  jig_test_display_v2.o
    0x0800549e   0x0800549e   0x00000002   PAD
    0x080054a0   0x080054a0   0x0000005c   Code   RO         6656    i.JIG_TEST_display_v2_gimbal_name  jig_test_display_v2.o
    0x080054fc   0x080054fc   0x00000070   Code   RO         6657    i.JIG_TEST_display_v2_gimbal_startup_calib_imu  jig_test_display_v2.o
    0x0800556c   0x0800556c   0x000000a4   Code   RO         6658    i.JIG_TEST_display_v2_gimbal_startup_calib_motor  jig_test_display_v2.o
    0x08005610   0x08005610   0x00000280   Code   RO         6659    i.JIG_TEST_display_v2_main_control_process  jig_test_display_v2.o
    0x08005890   0x08005890   0x00000048   Code   RO         6660    i.JIG_TEST_display_v2_mode_test  jig_test_display_v2.o
    0x080058d8   0x080058d8   0x0000000c   Code   RO         6661    i.JIG_TEST_display_v2_process  jig_test_display_v2.o
    0x080058e4   0x080058e4   0x00000050   Code   RO         6662    i.JIG_TEST_display_v2_setting_param_gimbal  jig_test_display_v2.o
    0x08005934   0x08005934   0x00000424   Code   RO         6663    i.JIG_TEST_display_v2_state_done  jig_test_display_v2.o
    0x08005d58   0x08005d58   0x0000004c   Code   RO         6664    i.JIG_TEST_display_v2_time_test  jig_test_display_v2.o
    0x08005da4   0x08005da4   0x00000050   Code   RO         6665    i.JIG_TEST_display_v2_waitting_for_login  jig_test_display_v2.o
    0x08005df4   0x08005df4   0x00000068   Code   RO         6666    i.JIG_TEST_display_v2_waitting_scan_barCode  jig_test_display_v2.o
    0x08005e5c   0x08005e5c   0x00000034   Code   RO         6667    i.JIG_TEST_display_writeData  jig_test_display_v2.o
    0x08005e90   0x08005e90   0x00000154   Code   RO         6393    i.JIG_TEST_gimbal_FSTD_all_mode_control_process  jig_test_gimbal_fstd_v2.o
    0x08005fe4   0x08005fe4   0x00000090   Code   RO         6394    i.JIG_TEST_gimbal_FSTD_apply_mode_test  jig_test_gimbal_fstd_v2.o
    0x08006074   0x08006074   0x000000ac   Code   RO         6395    i.JIG_TEST_gimbal_FSTD_back_to_scan_new_barCode  jig_test_gimbal_fstd_v2.o
    0x08006120   0x08006120   0x0000014c   Code   RO         6396    i.JIG_TEST_gimbal_FSTD_check_mode_test_rc_result  jig_test_gimbal_fstd_v2.o
    0x0800626c   0x0800626c   0x000004d4   Code   RO         6397    i.JIG_TEST_gimbal_FSTD_control_angle  jig_test_gimbal_fstd_v2.o
    0x08006740   0x08006740   0x0000003c   Code   RO         6398    i.JIG_TEST_gimbal_FSTD_get_gimbal_startup_calib_imu  jig_test_gimbal_fstd_v2.o
    0x0800677c   0x0800677c   0x0000003c   Code   RO         6399    i.JIG_TEST_gimbal_FSTD_get_gimbal_startup_calib_motor  jig_test_gimbal_fstd_v2.o
    0x080067b8   0x080067b8   0x00000294   Code   RO         6400    i.JIG_TEST_gimbal_FSTD_get_mode_control  jig_test_gimbal_fstd_v2.o
    0x08006a4c   0x08006a4c   0x0000016c   Code   RO         6401    i.JIG_TEST_gimbal_FSTD_get_return_home  jig_test_gimbal_fstd_v2.o
    0x08006bb8   0x08006bb8   0x0000018c   Code   RO         6402    i.JIG_TEST_gimbal_FSTD_mode_test_process  jig_test_gimbal_fstd_v2.o
    0x08006d44   0x08006d44   0x00000374   Code   RO         6403    i.JIG_TEST_gimbal_FSTD_request_param_gimbal  jig_test_gimbal_fstd_v2.o
    0x080070b8   0x080070b8   0x00000094   Code   RO         6404    i.JIG_TEST_gimbal_FSTD_run_feed_back_imu  jig_test_gimbal_fstd_v2.o
    0x0800714c   0x0800714c   0x0000019c   Code   RO         6405    i.JIG_TEST_gimbal_FSTD_setting_param_select  jig_test_gimbal_fstd_v2.o
    0x080072e8   0x080072e8   0x00000188   Code   RO         6406    i.JIG_TEST_gimbal_FSTD_setting_param_test  jig_test_gimbal_fstd_v2.o
    0x08007470   0x08007470   0x000001c8   Code   RO         6407    i.JIG_TEST_gimbal_FSTD_timeOut_connection_gimbal_COM2  jig_test_gimbal_fstd_v2.o
    0x08007638   0x08007638   0x00000240   Code   RO         6408    i.JIG_TEST_gimbal_FSTD_v2_aux_test  jig_test_gimbal_fstd_v2.o
    0x08007878   0x08007878   0x00000058   Code   RO         6409    i.JIG_TEST_gimbal_FSTD_v2_check_result  jig_test_gimbal_fstd_v2.o
    0x080078d0   0x080078d0   0x00000128   Code   RO         6410    i.JIG_TEST_gimbal_FSTD_v2_configuration  jig_test_gimbal_fstd_v2.o
    0x080079f8   0x080079f8   0x000010b0   Code   RO         6411    i.JIG_TEST_gimbal_FSTD_v2_control_process  jig_test_gimbal_fstd_v2.o
    0x08008aa8   0x08008aa8   0x000000b0   Code   RO         6412    i.JIG_TEST_gimbal_FSTD_v2_copy_profile_ship_follow_gimbal_id  jig_test_gimbal_fstd_v2.o
    0x08008b58   0x08008b58   0x0000000c   Code   RO         6413    i.JIG_TEST_gimbal_FSTD_v2_get_cloudData_heartbeatReady  jig_test_gimbal_fstd_v2.o
    0x08008b64   0x08008b64   0x0000000c   Code   RO         6414    i.JIG_TEST_gimbal_FSTD_v2_get_cloudData_login  jig_test_gimbal_fstd_v2.o
    0x08008b70   0x08008b70   0x0000000c   Code   RO         6415    i.JIG_TEST_gimbal_FSTD_v2_get_cloudData_scan_barCode  jig_test_gimbal_fstd_v2.o
    0x08008b7c   0x08008b7c   0x0000000c   Code   RO         6416    i.JIG_TEST_gimbal_FSTD_v2_get_cloudData_start  jig_test_gimbal_fstd_v2.o
    0x08008b88   0x08008b88   0x0000000c   Code   RO         6417    i.JIG_TEST_gimbal_FSTD_v2_get_cmd_reset_system  jig_test_gimbal_fstd_v2.o
    0x08008b94   0x08008b94   0x0000000c   Code   RO         6418    i.JIG_TEST_gimbal_FSTD_v2_get_error_heartbeat_com2  jig_test_gimbal_fstd_v2.o
    0x08008ba0   0x08008ba0   0x0000000c   Code   RO         6419    i.JIG_TEST_gimbal_FSTD_v2_get_first_run  jig_test_gimbal_fstd_v2.o
    0x08008bac   0x08008bac   0x0000000c   Code   RO         6420    i.JIG_TEST_gimbal_FSTD_v2_get_reset_system  jig_test_gimbal_fstd_v2.o
    0x08008bb8   0x08008bb8   0x00000044   Code   RO         6421    i.JIG_TEST_gimbal_FSTD_v2_main_process  jig_test_gimbal_fstd_v2.o
    0x08008bfc   0x08008bfc   0x00000468   Code   RO         6422    i.JIG_TEST_gimbal_FSTD_v2_request_param_profile_ship  jig_test_gimbal_fstd_v2.o
    0x08009064   0x08009064   0x00000010   Code   RO         6423    i.JIG_TEST_gimbal_FSTD_v2_reset_flag_storage_state  jig_test_gimbal_fstd_v2.o
    0x08009074   0x08009074   0x000002d0   Code   RO         6424    i.JIG_TEST_gimbal_FSTD_v2_sensor_axis  jig_test_gimbal_fstd_v2.o
    0x08009344   0x08009344   0x00000184   Code   RO         6425    i.JIG_TEST_gimbal_FSTD_v2_set_gimbal_mapping_mode  jig_test_gimbal_fstd_v2.o
    0x080094c8   0x080094c8   0x00000088   Code   RO         6426    i.JIG_TEST_gimbal_FSTD_v2_set_stiffness_gimbal_20  jig_test_gimbal_fstd_v2.o
    0x08009550   0x08009550   0x000004fc   Code   RO         6427    i.JIG_TEST_gimbal_FSTD_v2_setting_stiffness  jig_test_gimbal_fstd_v2.o
    0x08009a4c   0x08009a4c   0x0000002c   Code   RO         6428    i.JIG_TEST_gimbal_FSTD_v2_storage_state_to_backup_resister  jig_test_gimbal_fstd_v2.o
    0x08009a78   0x08009a78   0x00000184   Code   RO         6429    i.JIG_TEST_gimbal_FSTD_v2_test_vibrate_s1v3  jig_test_gimbal_fstd_v2.o
    0x08009bfc   0x08009bfc   0x00000030   Code   RO         6430    i.JIG_TEST_gimbal_FSTD_v2_timeOut_load_proFile_ship  jig_test_gimbal_fstd_v2.o
    0x08009c2c   0x08009c2c   0x00000110   Code   RO         6431    i.JIG_TEST_gimbal_FSTD_v2_timeOut_state  jig_test_gimbal_fstd_v2.o
    0x08009d3c   0x08009d3c   0x000002a0   Code   RO         6432    i.JIG_TEST_gimbal_FSTD_v2_vibrate  jig_test_gimbal_fstd_v2.o
    0x08009fdc   0x08009fdc   0x0000019c   Code   RO         6433    i.JIG_TEST_gimbal_FSTD_v2_vibrate_once_axis  jig_test_gimbal_fstd_v2.o
    0x0800a178   0x0800a178   0x00000050   Code   RO         6434    i.JIG_TEST_gimbal_FSTD_write_to_console_result_mode_test  jig_test_gimbal_fstd_v2.o
    0x0800a1c8   0x0800a1c8   0x000000a4   Code   RO         5472    i.JIG_TEST_mavlink_comm_raspberry_sendData  jig_test_mavlink_gimbal.o
    0x0800a26c   0x0800a26c   0x0000001c   Code   RO         5474    i.JIG_TEST_mavlink_comm_raspberry_send_param_value  jig_test_mavlink_gimbal.o
    0x0800a288   0x0800a288   0x00000010   Code   RO         5475    i.JIG_TEST_mavlink_comm_raspberry_send_request_param_read_msg  jig_test_mavlink_gimbal.o
    0x0800a298   0x0800a298   0x0000001a   Code   RO         5476    i.JIG_TEST_mavlink_gimbal_com4_set_move  jig_test_mavlink_gimbal.o
    0x0800a2b2   0x0800a2b2   0x00000008   Code   RO         5478    i.JIG_TEST_mavlink_gimbal_configuration  jig_test_mavlink_gimbal.o
    0x0800a2ba   0x0800a2ba   0x0000007c   Code   RO         5479    i.JIG_TEST_mavlink_gimbal_control_motor  jig_test_mavlink_gimbal.o
    0x0800a336   0x0800a336   0x00000002   PAD
    0x0800a338   0x0800a338   0x00000024   Code   RO         5480    i.JIG_TEST_mavlink_gimbal_get_sensor_name  jig_test_mavlink_gimbal.o
    0x0800a35c   0x0800a35c   0x0000000c   Code   RO         5481    i.JIG_TEST_mavlink_gimbal_get_state_calib_imu  jig_test_mavlink_gimbal.o
    0x0800a368   0x0800a368   0x0000000c   Code   RO         5482    i.JIG_TEST_mavlink_gimbal_get_state_calib_motor  jig_test_mavlink_gimbal.o
    0x0800a374   0x0800a374   0x00000084   Code   RO         5483    i.JIG_TEST_mavlink_gimbal_home  jig_test_mavlink_gimbal.o
    0x0800a3f8   0x0800a3f8   0x000005a0   Code   RO         5484    i.JIG_TEST_mavlink_gimbal_message_reciver_handle  jig_test_mavlink_gimbal.o
    0x0800a998   0x0800a998   0x0000007c   Code   RO         5485    i.JIG_TEST_mavlink_gimbal_mode  jig_test_mavlink_gimbal.o
    0x0800aa14   0x0800aa14   0x000000c8   Code   RO         5486    i.JIG_TEST_mavlink_gimbal_move  jig_test_mavlink_gimbal.o
    0x0800aadc   0x0800aadc   0x0000007c   Code   RO         5487    i.JIG_TEST_mavlink_gimbal_param_request_read  jig_test_mavlink_gimbal.o
    0x0800ab58   0x0800ab58   0x00000088   Code   RO         5488    i.JIG_TEST_mavlink_gimbal_param_value  jig_test_mavlink_gimbal.o
    0x0800abe0   0x0800abe0   0x00000010   Code   RO         5489    i.JIG_TEST_mavlink_gimbal_process  jig_test_mavlink_gimbal.o
    0x0800abf0   0x0800abf0   0x00000054   Code   RO         5490    i.JIG_TEST_mavlink_gimbal_readData  jig_test_mavlink_gimbal.o
    0x0800ac44   0x0800ac44   0x0000007a   Code   RO         5492    i.JIG_TEST_mavlink_gimbal_remoteControl  jig_test_mavlink_gimbal.o
    0x0800acbe   0x0800acbe   0x00000002   PAD
    0x0800acc0   0x0800acc0   0x00000080   Code   RO         5493    i.JIG_TEST_mavlink_gimbal_sendData  jig_test_mavlink_gimbal.o
    0x0800ad40   0x0800ad40   0x000000c4   Code   RO         5494    i.JIG_TEST_mavlink_gimbal_send_heartbeat  jig_test_mavlink_gimbal.o
    0x0800ae04   0x0800ae04   0x000000a4   Code   RO         5495    i.JIG_TEST_mavlink_gimbal_send_param  jig_test_mavlink_gimbal.o
    0x0800aea8   0x0800aea8   0x00000012   Code   RO         5496    i.JIG_TEST_mavlink_gimbal_send_param_request_read  jig_test_mavlink_gimbal.o
    0x0800aeba   0x0800aeba   0x0000000e   Code   RO         5497    i.JIG_TEST_mavlink_gimbal_set_control_motor  jig_test_mavlink_gimbal.o
    0x0800aec8   0x0800aec8   0x0000000a   Code   RO         5498    i.JIG_TEST_mavlink_gimbal_set_home  jig_test_mavlink_gimbal.o
    0x0800aed2   0x0800aed2   0x0000000e   Code   RO         5499    i.JIG_TEST_mavlink_gimbal_set_mode  jig_test_mavlink_gimbal.o
    0x0800aee0   0x0800aee0   0x0000001a   Code   RO         5500    i.JIG_TEST_mavlink_gimbal_set_move  jig_test_mavlink_gimbal.o
    0x0800aefa   0x0800aefa   0x0000001e   Code   RO         5501    i.JIG_TEST_mavlink_gimbal_set_param  jig_test_mavlink_gimbal.o
    0x0800af18   0x0800af18   0x0000000e   Code   RO         5502    i.JIG_TEST_mavlink_gimbal_set_rc_input  jig_test_mavlink_gimbal.o
    0x0800af26   0x0800af26   0x00000012   Code   RO         5504    i.JIG_TEST_mavlink_serialPort3_Reinit  jig_test_mavlink_gimbal.o
    0x0800af38   0x0800af38   0x00000012   Code   RO         5505    i.JIG_TEST_mavlink_serialPort5_Reinit  jig_test_mavlink_gimbal.o
    0x0800af4a   0x0800af4a   0x00000002   PAD
    0x0800af4c   0x0800af4c   0x000000dc   Code   RO         4456    i.JIG_TEST_ppm_gimbal_Control  jig_test_ppm_gimbal.o
    0x0800b028   0x0800b028   0x00000068   Code   RO         4457    i.JIG_TEST_ppm_gimbal_Control_CCW  jig_test_ppm_gimbal.o
    0x0800b090   0x0800b090   0x00000068   Code   RO         4458    i.JIG_TEST_ppm_gimbal_Control_CW  jig_test_ppm_gimbal.o
    0x0800b0f8   0x0800b0f8   0x00000008   Code   RO         4459    i.JIG_TEST_ppm_gimbal_configuration  jig_test_ppm_gimbal.o
    0x0800b100   0x0800b100   0x00000014   Code   RO         4460    i.JIG_TEST_ppm_gimbal_enable  jig_test_ppm_gimbal.o
    0x0800b114   0x0800b114   0x00000028   Code   RO         4461    i.JIG_TEST_ppm_gimbal_process  jig_test_ppm_gimbal.o
    0x0800b13c   0x0800b13c   0x0000004a   Code   RO         4462    i.JIG_TEST_ppm_gimbal_setttingFirstControl  jig_test_ppm_gimbal.o
    0x0800b186   0x0800b186   0x00000002   PAD
    0x0800b188   0x0800b188   0x00000018   Code   RO         6204    i.JIG_TEST_rtc_get_value_from_backup_register  jig_test_rtc.o
    0x0800b1a0   0x0800b1a0   0x0000002c   Code   RO         6206    i.JIG_TEST_rtc_storage_register_value  jig_test_rtc.o
    0x0800b1cc   0x0800b1cc   0x000000dc   Code   RO         4659    i.JIG_TEST_sbus_gimbal_Control  jig_test_sbus_gimbal.o
    0x0800b2a8   0x0800b2a8   0x00000064   Code   RO         4660    i.JIG_TEST_sbus_gimbal_Control_CCW  jig_test_sbus_gimbal.o
    0x0800b30c   0x0800b30c   0x00000064   Code   RO         4661    i.JIG_TEST_sbus_gimbal_Control_CW  jig_test_sbus_gimbal.o
    0x0800b370   0x0800b370   0x00000008   Code   RO         4662    i.JIG_TEST_sbus_gimbal_configuration  jig_test_sbus_gimbal.o
    0x0800b378   0x0800b378   0x00000030   Code   RO         4663    i.JIG_TEST_sbus_gimbal_enable  jig_test_sbus_gimbal.o
    0x0800b3a8   0x0800b3a8   0x0000002c   Code   RO         4664    i.JIG_TEST_sbus_gimbal_process  jig_test_sbus_gimbal.o
    0x0800b3d4   0x0800b3d4   0x000000a4   Code   RO         4665    i.JIG_TEST_sbus_gimbal_set_channel_value  jig_test_sbus_gimbal.o
    0x0800b478   0x0800b478   0x00000020   Code   RO         4666    i.JIG_TEST_sbus_gimbal_set_default_channel  jig_test_sbus_gimbal.o
    0x0800b498   0x0800b498   0x00000048   Code   RO         4667    i.JIG_TEST_sbus_gimbal_setttingFirstControl  jig_test_sbus_gimbal.o
    0x0800b4e0   0x0800b4e0   0x00000208   Code   RO         4668    i.JIG_TEST_sbus_write_packet  jig_test_sbus_gimbal.o
    0x0800b6e8   0x0800b6e8   0x00000120   Code   RO         6269    i.JIG_TEST_usb_speed_check_value_speed  jig_test_comm_raspberry_v2.o
    0x0800b808   0x0800b808   0x00000014   Code   RO         6270    i.JIG_TEST_usb_speed_get_feedback_command_end  jig_test_comm_raspberry_v2.o
    0x0800b81c   0x0800b81c   0x00000014   Code   RO         6271    i.JIG_TEST_usb_speed_get_feedback_command_start  jig_test_comm_raspberry_v2.o
    0x0800b830   0x0800b830   0x00000054   Code   RO         6272    i.JIG_TEST_usb_speed_get_status  jig_test_comm_raspberry_v2.o
    0x0800b884   0x0800b884   0x0000003c   Code   RO         6273    i.JIG_TEST_usb_speed_get_value_speed  jig_test_comm_raspberry_v2.o
    0x0800b8c0   0x0800b8c0   0x000001e0   Code   RO         6274    i.JIG_TEST_usb_speed_process  jig_test_comm_raspberry_v2.o
    0x0800baa0   0x0800baa0   0x00000378   Code   RO         6275    i.JIG_TEST_usb_speed_send_request_value_speed  jig_test_comm_raspberry_v2.o
    0x0800be18   0x0800be18   0x00000028   Code   RO         6276    i.JIG_TEST_usb_speed_test_send_start  jig_test_comm_raspberry_v2.o
    0x0800be40   0x0800be40   0x00000034   Code   RO         6277    i.JIG_TEST_usb_speed_test_send_stop  jig_test_comm_raspberry_v2.o
    0x0800be74   0x0800be74   0x00000010   Code   RO         6207    i.LL_RTC_BAK_GetRegister  jig_test_rtc.o
    0x0800be84   0x0800be84   0x00000048   Code   RO         2731    i.LL_RTC_DATE_Config  stm32f4xx_ll_rtc.o
    0x0800becc   0x0800becc   0x000000dc   Code   RO         2732    i.LL_RTC_DATE_Init  stm32f4xx_ll_rtc.o
    0x0800bfa8   0x0800bfa8   0x00000008   Code   RO         2735    i.LL_RTC_DisableInitMode  stm32f4xx_ll_rtc.o
    0x0800bfb0   0x0800bfb0   0x0000000a   Code   RO         2736    i.LL_RTC_DisableWriteProtection  stm32f4xx_ll_rtc.o
    0x0800bfba   0x0800bfba   0x00000006   Code   RO         2737    i.LL_RTC_EnableWriteProtection  stm32f4xx_ll_rtc.o
    0x0800bfc0   0x0800bfc0   0x00000050   Code   RO         2738    i.LL_RTC_EnterInitMode  stm32f4xx_ll_rtc.o
    0x0800c010   0x0800c010   0x0000000a   Code   RO         2740    i.LL_RTC_GetHourFormat  stm32f4xx_ll_rtc.o
    0x0800c01a   0x0800c01a   0x00000056   Code   RO         2741    i.LL_RTC_Init       stm32f4xx_ll_rtc.o
    0x0800c070   0x0800c070   0x0000000a   Code   RO         2742    i.LL_RTC_IsActiveFlag_INIT  stm32f4xx_ll_rtc.o
    0x0800c07a   0x0800c07a   0x0000000a   Code   RO         2743    i.LL_RTC_IsActiveFlag_RS  stm32f4xx_ll_rtc.o
    0x0800c084   0x0800c084   0x0000000a   Code   RO         2744    i.LL_RTC_IsShadowRegBypassEnabled  stm32f4xx_ll_rtc.o
    0x0800c08e   0x0800c08e   0x00000002   PAD
    0x0800c090   0x0800c090   0x00000048   Code   RO         2746    i.LL_RTC_TIME_Config  stm32f4xx_ll_rtc.o
    0x0800c0d8   0x0800c0d8   0x000000e4   Code   RO         2747    i.LL_RTC_TIME_Init  stm32f4xx_ll_rtc.o
    0x0800c1bc   0x0800c1bc   0x00000088   Code   RO         2749    i.LL_RTC_WaitForSynchro  stm32f4xx_ll_rtc.o
    0x0800c244   0x0800c244   0x0000000c   Code   RO         2750    i.LL_SYSTICK_IsActiveCounterFlag  stm32f4xx_ll_rtc.o
    0x0800c250   0x0800c250   0x00000048   Code   RO           14    i.MX_CAN1_Init      main.o
    0x0800c298   0x0800c298   0x000000e8   Code   RO           15    i.MX_DMA_Init       main.o
    0x0800c380   0x0800c380   0x00000164   Code   RO           16    i.MX_GPIO_Init      main.o
    0x0800c4e4   0x0800c4e4   0x0000003c   Code   RO           17    i.MX_I2C1_Init      main.o
    0x0800c520   0x0800c520   0x000000c8   Code   RO           18    i.MX_RTC_Init       main.o
    0x0800c5e8   0x0800c5e8   0x000000b8   Code   RO           19    i.MX_TIM4_Init      main.o
    0x0800c6a0   0x0800c6a0   0x0000006c   Code   RO           20    i.MX_TIM5_Init      main.o
    0x0800c70c   0x0800c70c   0x00000038   Code   RO           21    i.MX_UART4_Init     main.o
    0x0800c744   0x0800c744   0x00000038   Code   RO           22    i.MX_UART5_Init     main.o
    0x0800c77c   0x0800c77c   0x00000038   Code   RO           23    i.MX_USART1_UART_Init  main.o
    0x0800c7b4   0x0800c7b4   0x00000038   Code   RO           24    i.MX_USART3_UART_Init  main.o
    0x0800c7ec   0x0800c7ec   0x00000040   Code   RO           25    i.MX_USART6_UART_Init  main.o
    0x0800c82c   0x0800c82c   0x00000004   Code   RO          280    i.MemManage_Handler  stm32f4xx_it.o
    0x0800c830   0x0800c830   0x00000004   Code   RO          281    i.NMI_Handler       stm32f4xx_it.o
    0x0800c834   0x0800c834   0x00000002   Code   RO          282    i.PendSV_Handler    stm32f4xx_it.o
    0x0800c836   0x0800c836   0x00000002   Code   RO          283    i.SVC_Handler       stm32f4xx_it.o
    0x0800c838   0x0800c838   0x00000008   Code   RO          284    i.SysTick_Handler   stm32f4xx_it.o
    0x0800c840   0x0800c840   0x000000d4   Code   RO           26    i.SystemClock_Config  main.o
    0x0800c914   0x0800c914   0x00000014   Code   RO         4305    i.SystemInit        system_stm32f4xx.o
    0x0800c928   0x0800c928   0x00000010   Code   RO          285    i.TIM5_IRQHandler   stm32f4xx_it.o
    0x0800c938   0x0800c938   0x000000d8   Code   RO         3048    i.TIM_Base_SetConfig  stm32f4xx_hal_tim.o
    0x0800ca10   0x0800ca10   0x00000022   Code   RO         3049    i.TIM_CCxChannelCmd  stm32f4xx_hal_tim.o
    0x0800ca32   0x0800ca32   0x00000016   Code   RO         3059    i.TIM_ETR_SetConfig  stm32f4xx_hal_tim.o
    0x0800ca48   0x0800ca48   0x00000012   Code   RO         3060    i.TIM_ITRx_SetConfig  stm32f4xx_hal_tim.o
    0x0800ca5a   0x0800ca5a   0x00000002   PAD
    0x0800ca5c   0x0800ca5c   0x00000070   Code   RO         3061    i.TIM_OC1_SetConfig  stm32f4xx_hal_tim.o
    0x0800cacc   0x0800cacc   0x0000007c   Code   RO         3062    i.TIM_OC2_SetConfig  stm32f4xx_hal_tim.o
    0x0800cb48   0x0800cb48   0x00000078   Code   RO         3063    i.TIM_OC3_SetConfig  stm32f4xx_hal_tim.o
    0x0800cbc0   0x0800cbc0   0x00000054   Code   RO         3064    i.TIM_OC4_SetConfig  stm32f4xx_hal_tim.o
    0x0800cc14   0x0800cc14   0x00000026   Code   RO         3066    i.TIM_TI1_ConfigInputStage  stm32f4xx_hal_tim.o
    0x0800cc3a   0x0800cc3a   0x00000028   Code   RO         3068    i.TIM_TI2_ConfigInputStage  stm32f4xx_hal_tim.o
    0x0800cc62   0x0800cc62   0x00000002   PAD
    0x0800cc64   0x0800cc64   0x00000010   Code   RO          286    i.UART4_IRQHandler  stm32f4xx_it.o
    0x0800cc74   0x0800cc74   0x00000010   Code   RO          287    i.UART5_IRQHandler  stm32f4xx_it.o
    0x0800cc84   0x0800cc84   0x00000014   Code   RO         3979    i.UART_DMAAbortOnError  stm32f4xx_hal_uart.o
    0x0800cc98   0x0800cc98   0x00000050   Code   RO         3980    i.UART_DMAError     stm32f4xx_hal_uart.o
    0x0800cce8   0x0800cce8   0x00000068   Code   RO         3981    i.UART_DMAReceiveCplt  stm32f4xx_hal_uart.o
    0x0800cd50   0x0800cd50   0x00000020   Code   RO         3983    i.UART_DMARxHalfCplt  stm32f4xx_hal_uart.o
    0x0800cd70   0x0800cd70   0x00000036   Code   RO         3985    i.UART_DMATransmitCplt  stm32f4xx_hal_uart.o
    0x0800cda6   0x0800cda6   0x0000000e   Code   RO         3987    i.UART_DMATxHalfCplt  stm32f4xx_hal_uart.o
    0x0800cdb4   0x0800cdb4   0x00000036   Code   RO         3989    i.UART_EndRxTransfer  stm32f4xx_hal_uart.o
    0x0800cdea   0x0800cdea   0x00000020   Code   RO         3990    i.UART_EndTransmit_IT  stm32f4xx_hal_uart.o
    0x0800ce0a   0x0800ce0a   0x00000014   Code   RO         3991    i.UART_EndTxTransfer  stm32f4xx_hal_uart.o
    0x0800ce1e   0x0800ce1e   0x000000be   Code   RO         3992    i.UART_Receive_IT   stm32f4xx_hal_uart.o
    0x0800cedc   0x0800cedc   0x0000022c   Code   RO         3993    i.UART_SetConfig    stm32f4xx_hal_uart.o
    0x0800d108   0x0800d108   0x00000098   Code   RO         3994    i.UART_Start_Receive_DMA  stm32f4xx_hal_uart.o
    0x0800d1a0   0x0800d1a0   0x00000060   Code   RO         3996    i.UART_Transmit_IT  stm32f4xx_hal_uart.o
    0x0800d200   0x0800d200   0x00000010   Code   RO          288    i.USART1_IRQHandler  stm32f4xx_it.o
    0x0800d210   0x0800d210   0x00000010   Code   RO          289    i.USART3_IRQHandler  stm32f4xx_it.o
    0x0800d220   0x0800d220   0x00000010   Code   RO          290    i.USART6_IRQHandler  stm32f4xx_it.o
    0x0800d230   0x0800d230   0x00000004   Code   RO          291    i.UsageFault_Handler  stm32f4xx_it.o
    0x0800d234   0x0800d234   0x00000020   Code   RO         7547    i.__0printf         mc_w.l(printfa.o)
    0x0800d254   0x0800d254   0x00000028   Code   RO         7549    i.__0sprintf        mc_w.l(printfa.o)
    0x0800d27c   0x0800d27c   0x00000010   Code   RO         1574    i.__NVIC_GetPriorityGrouping  stm32f4xx_hal_cortex.o
    0x0800d28c   0x0800d28c   0x00000028   Code   RO         1575    i.__NVIC_SetPriority  stm32f4xx_hal_cortex.o
    0x0800d2b4   0x0800d2b4   0x00000040   Code   RO         6435    i.__NVIC_SystemReset  jig_test_gimbal_fstd_v2.o
    0x0800d2f4   0x0800d2f4   0x0000007a   Code   RO         7271    i.__hardfp_sqrt     m_wm.l(sqrt.o)
    0x0800d36e   0x0800d36e   0x0000000e   Code   RO         7731    i.__scatterload_copy  mc_w.l(handlers.o)
    0x0800d37c   0x0800d37c   0x00000002   Code   RO         7732    i.__scatterload_null  mc_w.l(handlers.o)
    0x0800d37e   0x0800d37e   0x0000000e   Code   RO         7733    i.__scatterload_zeroinit  mc_w.l(handlers.o)
    0x0800d38c   0x0800d38c   0x0000000c   Code   RO         7707    i.__set_errno       mc_w.l(errno.o)
    0x0800d398   0x0800d398   0x00000184   Code   RO         7554    i._fp_digits        mc_w.l(printfa.o)
    0x0800d51c   0x0800d51c   0x00000008   Code   RO         4805    i._mav_parse_error  mavlinkprotocol.o
    0x0800d524   0x0800d524   0x00000018   Code   RO         4806    i._mav_trim_payload  mavlinkprotocol.o
    0x0800d53c   0x0800d53c   0x00000014   Code   RO         4808    i._mavlink_send_uart  mavlinkprotocol.o
    0x0800d550   0x0800d550   0x000006dc   Code   RO         7555    i._printf_core      mc_w.l(printfa.o)
    0x0800dc2c   0x0800dc2c   0x00000024   Code   RO         7556    i._printf_post_padding  mc_w.l(printfa.o)
    0x0800dc50   0x0800dc50   0x0000002e   Code   RO         7557    i._printf_pre_padding  mc_w.l(printfa.o)
    0x0800dc7e   0x0800dc7e   0x0000000a   Code   RO         7559    i._sputc            mc_w.l(printfa.o)
    0x0800dc88   0x0800dc88   0x00000014   Code   RO         4342    i.calculator_get_time_us  timeout.o
    0x0800dc9c   0x0800dc9c   0x00000010   Code   RO         4343    i.calculator_reset_time  timeout.o
    0x0800dcac   0x0800dcac   0x0000003e   Code   RO         6857    i.can_dji_cmd_gimbal_control_msg_pack  can_dji_gimbal.o
    0x0800dcea   0x0800dcea   0x00000002   PAD
    0x0800dcec   0x0800dcec   0x000000a8   Code   RO         6858    i.can_dji_cmd_gimbal_rc  can_dji_gimbal.o
    0x0800dd94   0x0800dd94   0x00000060   Code   RO         6908    i.can_dji_cmd_remote_button  can_dji_remote.o
    0x0800ddf4   0x0800ddf4   0x0000003e   Code   RO         6909    i.can_dji_cmd_remote_control_gimbal_msg_pack  can_dji_remote.o
    0x0800de32   0x0800de32   0x00000038   Code   RO         6940    i.can_dji_handle    can_dji.o
    0x0800de6a   0x0800de6a   0x00000002   PAD
    0x0800de6c   0x0800de6c   0x00000080   Code   RO         6861    i.can_gimbal_handle  can_dji_gimbal.o
    0x0800deec   0x0800deec   0x00000044   Code   RO         6910    i.can_handle_remote_button  can_dji_remote.o
    0x0800df30   0x0800df30   0x00000050   Code   RO         4809    i.comm_send_buffer  mavlinkprotocol.o
    0x0800df80   0x0800df80   0x00000022   Code   RO         4810    i.crc_accumulate    mavlinkprotocol.o
    0x0800dfa2   0x0800dfa2   0x00000026   Code   RO         4811    i.crc_accumulate_buffer  mavlinkprotocol.o
    0x0800dfc8   0x0800dfc8   0x0000002c   Code   RO         4812    i.crc_calculate     mavlinkprotocol.o
    0x0800dff4   0x0800dff4   0x00000012   Code   RO         7692    i.fputc             mc_w.l(fputc.o)
    0x0800e006   0x0800e006   0x00000002   PAD
    0x0800e008   0x0800e008   0x00000050   Code   RO         7575    i.free              mc_w.l(malloc.o)
    0x0800e058   0x0800e058   0x00000030   Code   RO         4344    i.get_timeOut       timeout.o
    0x0800e088   0x0800e088   0x0000001a   Code   RO         6953    i.gs_can_coppy      can_dji_protocol.o
    0x0800e0a2   0x0800e0a2   0x00000002   PAD
    0x0800e0a4   0x0800e0a4   0x00000030   Code   RO         6954    i.gs_can_crc8       can_dji_protocol.o
    0x0800e0d4   0x0800e0d4   0x0000002c   Code   RO         6955    i.gs_can_crc_16_update  can_dji_protocol.o
    0x0800e100   0x0800e100   0x0000002c   Code   RO         6956    i.gs_can_crc_8_update  can_dji_protocol.o
    0x0800e12c   0x0800e12c   0x00000082   Code   RO         6957    i.gs_can_msg_pack   can_dji_protocol.o
    0x0800e1ae   0x0800e1ae   0x00000196   Code   RO         6958    i.gs_can_parse      can_dji_protocol.o
    0x0800e344   0x0800e344   0x0000004a   Code   RO           27    i.main              main.o
    0x0800e38e   0x0800e38e   0x00000002   PAD
    0x0800e390   0x0800e390   0x0000006c   Code   RO         7576    i.malloc            mc_w.l(malloc.o)
    0x0800e3fc   0x0800e3fc   0x00000020   Code   RO         5506    i.mav_array_memcpy  jig_test_mavlink_gimbal.o
    0x0800e41c   0x0800e41c   0x00000010   Code   RO         4813    i.mavlinkProtocol_init  mavlinkprotocol.o
    0x0800e42c   0x0800e42c   0x00000014   Code   RO         4814    i.mavlinkProtocol_serialPort3_Deinit  mavlinkprotocol.o
    0x0800e440   0x0800e440   0x00000038   Code   RO         4815    i.mavlinkProtocol_serialPort3_init  mavlinkprotocol.o
    0x0800e478   0x0800e478   0x00000050   Code   RO         4816    i.mavlinkProtocol_serialPort3_readData  mavlinkprotocol.o
    0x0800e4c8   0x0800e4c8   0x00000038   Code   RO         4818    i.mavlinkProtocol_serialPort4_init  mavlinkprotocol.o
    0x0800e500   0x0800e500   0x00000050   Code   RO         4819    i.mavlinkProtocol_serialPort4_readData  mavlinkprotocol.o
    0x0800e550   0x0800e550   0x00000014   Code   RO         4820    i.mavlinkProtocol_serialPort5_Deinit  mavlinkprotocol.o
    0x0800e564   0x0800e564   0x00000038   Code   RO         4821    i.mavlinkProtocol_serialPort5_init  mavlinkprotocol.o
    0x0800e59c   0x0800e59c   0x00000050   Code   RO         4822    i.mavlinkProtocol_serialPort5_readData  mavlinkprotocol.o
    0x0800e5ec   0x0800e5ec   0x00000024   Code   RO         4828    i.mavlink_finalize_message  mavlinkprotocol.o
    0x0800e610   0x0800e610   0x00000158   Code   RO         4829    i.mavlink_finalize_message_buffer  mavlinkprotocol.o
    0x0800e768   0x0800e768   0x00000030   Code   RO         4830    i.mavlink_finalize_message_chan  mavlinkprotocol.o
    0x0800e798   0x0800e798   0x0000002c   Code   RO         4831    i.mavlink_frame_char  mavlinkprotocol.o
    0x0800e7c4   0x0800e7c4   0x00000354   Code   RO         4832    i.mavlink_frame_char_buffer  mavlinkprotocol.o
    0x0800eb18   0x0800eb18   0x00000018   Code   RO         4833    i.mavlink_get_channel_buffer  mavlinkprotocol.o
    0x0800eb30   0x0800eb30   0x00000014   Code   RO         4834    i.mavlink_get_channel_status  mavlinkprotocol.o
    0x0800eb44   0x0800eb44   0x00000060   Code   RO         4836    i.mavlink_get_msg_entry  mavlinkprotocol.o
    0x0800eba4   0x0800eba4   0x0000007a   Code   RO         5507    i.mavlink_msg_command_long_encode_chan  jig_test_mavlink_gimbal.o
    0x0800ec1e   0x0800ec1e   0x00000096   Code   RO         5508    i.mavlink_msg_command_long_pack_chan  jig_test_mavlink_gimbal.o
    0x0800ecb4   0x0800ecb4   0x0000006c   Code   RO         5509    i.mavlink_msg_heartbeat_encode_chan  jig_test_mavlink_gimbal.o
    0x0800ed20   0x0800ed20   0x00000066   Code   RO         5510    i.mavlink_msg_param_request_read_encode_chan  jig_test_mavlink_gimbal.o
    0x0800ed86   0x0800ed86   0x00000078   Code   RO         5511    i.mavlink_msg_param_value_encode_chan  jig_test_mavlink_gimbal.o
    0x0800edfe   0x0800edfe   0x000000d2   Code   RO         4838    i.mavlink_msg_to_send_buffer  mavlinkprotocol.o
    0x0800eed0   0x0800eed0   0x0000005c   Code   RO         4839    i.mavlink_parse_char  mavlinkprotocol.o
    0x0800ef2c   0x0800ef2c   0x000001e0   Code   RO         4844    i.mavlink_sha256_calc  mavlinkprotocol.o
    0x0800f10c   0x0800f10c   0x000000aa   Code   RO         4845    i.mavlink_sha256_final_48  mavlinkprotocol.o
    0x0800f1b6   0x0800f1b6   0x00000002   PAD
    0x0800f1b8   0x0800f1b8   0x00000048   Code   RO         4846    i.mavlink_sha256_init  mavlinkprotocol.o
    0x0800f200   0x0800f200   0x00000098   Code   RO         4847    i.mavlink_sha256_update  mavlinkprotocol.o
    0x0800f298   0x0800f298   0x00000096   Code   RO         4848    i.mavlink_sign_packet  mavlinkprotocol.o
    0x0800f32e   0x0800f32e   0x00000002   PAD
    0x0800f330   0x0800f330   0x00000184   Code   RO         4849    i.mavlink_signature_check  mavlinkprotocol.o
    0x0800f4b4   0x0800f4b4   0x0000000c   Code   RO         4850    i.mavlink_start_checksum  mavlinkprotocol.o
    0x0800f4c0   0x0800f4c0   0x00000010   Code   RO         4851    i.mavlink_update_checksum  mavlinkprotocol.o
    0x0800f4d0   0x0800f4d0   0x0000006c   Code   RO         4407    i.ppm_configuration  ppm.o
    0x0800f53c   0x0800f53c   0x00000018   Code   RO         4408    i.ppm_disable       ppm.o
    0x0800f554   0x0800f554   0x00000018   Code   RO         4409    i.ppm_enable        ppm.o
    0x0800f56c   0x0800f56c   0x0000006c   Code   RO         4410    i.ppm_set_channel   ppm.o
    0x0800f5d8   0x0800f5d8   0x00000068   Code   RO         4739    i.serialPort_read   serialport.o
    0x0800f640   0x0800f640   0x00000030   Code   RO         4740    i.serialPort_read_byte_count  serialport.o
    0x0800f670   0x0800f670   0x0000008c   Code   RO         4741    i.serialPort_send   serialport.o
    0x0800f6fc   0x0800f6fc   0x0000003e   Code   RO         4742    i.serialPort_tx_finish  serialport.o
    0x0800f73a   0x0800f73a   0x00000084   Code   RO         4743    i.serialPort_write  serialport.o
    0x0800f7be   0x0800f7be   0x00000040   Code   RO         4744    i.serialPort_write_list  serialport.o
    0x0800f7fe   0x0800f7fe   0x00000002   PAD
    0x0800f800   0x0800f800   0x000000ac   Code   RO         7022    i.ssd1306_DrawPixel  ssd1306.o
    0x0800f8ac   0x0800f8ac   0x00000020   Code   RO         7024    i.ssd1306_Fill      ssd1306.o
    0x0800f8cc   0x0800f8cc   0x000000e4   Code   RO         7027    i.ssd1306_Init      ssd1306.o
    0x0800f9b0   0x0800f9b0   0x00000002   Code   RO         7031    i.ssd1306_Reset     ssd1306.o
    0x0800f9b2   0x0800f9b2   0x00000014   Code   RO         7032    i.ssd1306_SetContrast  ssd1306.o
    0x0800f9c6   0x0800f9c6   0x00000002   PAD
    0x0800f9c8   0x0800f9c8   0x0000000c   Code   RO         7033    i.ssd1306_SetCursor  ssd1306.o
    0x0800f9d4   0x0800f9d4   0x00000024   Code   RO         7034    i.ssd1306_SetDisplayOn  ssd1306.o
    0x0800f9f8   0x0800f9f8   0x00000038   Code   RO         7035    i.ssd1306_UpdateScreen  ssd1306.o
    0x0800fa30   0x0800fa30   0x000000bc   Code   RO         7036    i.ssd1306_WriteChar  ssd1306.o
    0x0800faec   0x0800faec   0x00000028   Code   RO         7037    i.ssd1306_WriteCommand  ssd1306.o
    0x0800fb14   0x0800fb14   0x00000024   Code   RO         7038    i.ssd1306_WriteData  ssd1306.o
    0x0800fb38   0x0800fb38   0x0000002c   Code   RO         7039    i.ssd1306_WriteString  ssd1306.o
    0x0800fb64   0x0800fb64   0x00000010   Code   RO         4346    i.timeOut_configuration  timeout.o
    0x0800fb74   0x0800fb74   0x00000014   Code   RO         4347    i.timeOut_get_ms    timeout.o
    0x0800fb88   0x0800fb88   0x00000008   Data   RO         1291    .constdata          stm32f4xx_hal_dma.o
    0x0800fb90   0x0800fb90   0x00000018   Data   RO         4306    .constdata          system_stm32f4xx.o
    0x0800fba8   0x0800fba8   0x00000bd0   Data   RO         4854    .constdata          mavlinkprotocol.o
    0x08010778   0x08010778   0x000006de   Data   RO         6437    .constdata          jig_test_gimbal_fstd_v2.o
    0x08010e56   0x08010e56   0x00000002   PAD
    0x08010e58   0x08010e58   0x0000015e   Data   RO         6669    .constdata          jig_test_display_v2.o
    0x08010fb6   0x08010fb6   0x00000002   PAD
    0x08010fb8   0x08010fb8   0x0000000c   Data   RO         6864    .constdata          can_dji_gimbal.o
    0x08010fc4   0x08010fc4   0x0000000c   Data   RO         6912    .constdata          can_dji_remote.o
    0x08010fd0   0x08010fd0   0x00000800   Data   RO         6959    .constdata          can_dji_protocol.o
    0x080117d0   0x080117d0   0x00002e04   Data   RO         7172    .constdata          ssd1306_fonts.o
    0x080145d4   0x080145d4   0x0000000a   Data   RO         4550    .conststring        jig_test_can_dji_.o
    0x080145de   0x080145de   0x00000002   PAD
    0x080145e0   0x080145e0   0x0000000d   Data   RO         6078    .conststring        jig_test_button.o
    0x080145ed   0x080145ed   0x00000003   PAD
    0x080145f0   0x080145f0   0x000000d2   Data   RO         6279    .conststring        jig_test_comm_raspberry_v2.o
    0x080146c2   0x080146c2   0x00000002   PAD
    0x080146c4   0x080146c4   0x00000652   Data   RO         6438    .conststring        jig_test_gimbal_fstd_v2.o
    0x08014d16   0x08014d16   0x00000002   PAD
    0x08014d18   0x08014d18   0x00000054   Data   RO         6670    .conststring        jig_test_display_v2.o
    0x08014d6c   0x08014d6c   0x00000062   Data   RO         6865    .conststring        can_dji_gimbal.o
    0x08014dce   0x08014dce   0x00000002   PAD
    0x08014dd0   0x08014dd0   0x0000000e   Data   RO         6913    .conststring        can_dji_remote.o
    0x08014dde   0x08014dde   0x00000002   PAD
    0x08014de0   0x08014de0   0x00000020   Data   RO         7729    Region$$Table       anon$$obj.o


    Execution Region RW_IRAM2 (Exec base: 0x10000000, Load base: 0x08015278, Size: 0x00000000, Max: 0x00010000, ABSOLUTE)

    **** No section assigned to this execution region ****


    Execution Region RW_IRAM1 (Exec base: 0x20000000, Load base: 0x08014e00, Size: 0x00006328, Max: 0x00020000, ABSOLUTE, COMPRESSED[0x00000478])

    Exec Addr    Load Addr    Size         Type   Attr      Idx    E Section Name        Object

    0x20000000   COMPRESSED   0x00000009   Data   RW         1723    .data               stm32f4xx_hal.o
    0x20000009   COMPRESSED   0x00000003   PAD
    0x2000000c   COMPRESSED   0x00000004   Data   RW         4307    .data               system_stm32f4xx.o
    0x20000010   COMPRESSED   0x00000024   Data   RW         4411    .data               ppm.o
    0x20000034   COMPRESSED   0x00000004   Data   RW         4465    .data               jig_test_ppm_gimbal.o
    0x20000038   COMPRESSED   0x0000000c   Data   RW         4551    .data               jig_test_can_dji_.o
    0x20000044   COMPRESSED   0x00000004   Data   RW         4671    .data               jig_test_sbus_gimbal.o
    0x20000048   COMPRESSED   0x00000002   Data   RW         5514    .data               jig_test_mavlink_gimbal.o
    0x2000004a   COMPRESSED   0x00000002   PAD
    0x2000004c   COMPRESSED   0x0000000c   Data   RW         6079    .data               jig_test_button.o
    0x20000058   COMPRESSED   0x00000040   Data   RW         6144    .data               jig_test_aux.o
    0x20000098   COMPRESSED   0x00000020   Data   RW         6280    .data               jig_test_comm_raspberry_v2.o
    0x200000b8   COMPRESSED   0x00000d92   Data   RW         6439    .data               jig_test_gimbal_fstd_v2.o
    0x20000e4a   COMPRESSED   0x00000002   PAD
    0x20000e4c   COMPRESSED   0x0000006c   Data   RW         6671    .data               jig_test_display_v2.o
    0x20000eb8   COMPRESSED   0x00000008   Data   RW         7041    .data               ssd1306.o
    0x20000ec0   COMPRESSED   0x00000020   Data   RW         7173    .data               ssd1306_fonts.o
    0x20000ee0   COMPRESSED   0x00000004   Data   RW         7694    .data               mc_w.l(stdout.o)
    0x20000ee4   COMPRESSED   0x00000004   Data   RW         7703    .data               mc_w.l(mvars.o)
    0x20000ee8   COMPRESSED   0x00000004   Data   RW         7704    .data               mc_w.l(mvars.o)
    0x20000eec   COMPRESSED   0x00000004   Data   RW         7708    .data               mc_w.l(errno.o)
    0x20000ef0        -       0x00000620   Zero   RW           28    .bss                main.o
    0x20001510        -       0x00000400   Zero   RW         4348    .bss                timeout.o
    0x20001910        -       0x0000000a   Zero   RW         4463    .bss                jig_test_ppm_gimbal.o
    0x2000191a   COMPRESSED   0x00000002   PAD
    0x2000191c        -       0x00000458   Zero   RW         4548    .bss                jig_test_can_dji_.o
    0x20001d74        -       0x00000043   Zero   RW         4669    .bss                jig_test_sbus_gimbal.o
    0x20001db7   COMPRESSED   0x00000001   PAD
    0x20001db8        -       0x000026e0   Zero   RW         4853    .bss                mavlinkprotocol.o
    0x20004498        -       0x00000688   Zero   RW         5512    .bss                jig_test_mavlink_gimbal.o
    0x20004b20        -       0x00000ae0   Zero   RW         6034    .bss                jig_test_console.o
    0x20005600        -       0x00000104   Zero   RW         6436    .bss                jig_test_gimbal_fstd_v2.o
    0x20005704        -       0x000001ec   Zero   RW         6668    .bss                jig_test_display_v2.o
    0x200058f0        -       0x00000438   Zero   RW         7040    .bss                ssd1306.o
    0x20005d28        -       0x00000200   Zero   RW            2    HEAP                startup_stm32f405xx.o
    0x20005f28        -       0x00000400   Zero   RW            1    STACK               startup_stm32f405xx.o


==============================================================================

Image component sizes


      Code (inc. data)   RO Data    RW Data    ZI Data      Debug   Object Name

        56          0          0          0          0        945   can_dji.o
       358         80        110          0          0       4783   can_dji_gimbal.o
       698         14       2048          0          0       7630   can_dji_protocol.o
       226          6         26          0          0       3272   can_dji_remote.o
       284         32          0         64          0       4524   jig_test_aux.o
       342         78         13         12          0       5034   jig_test_button.o
      1060        144         10         12       1112      27049   jig_test_can_dji_.o
      4166       1452        210         32          0      17918   jig_test_comm_raspberry_v2.o
       108         32          0          0       2784       1388   jig_test_console.o
      3250       1010        434        108        492      17270   jig_test_display_v2.o
     17272       4998       3376       3474        260      55621   jig_test_gimbal_fstd_v2.o
      4088         92          0          2       1672      75698   jig_test_mavlink_gimbal.o
       570         94          0          4         10       7700   jig_test_ppm_gimbal.o
        84          8          0          0          0      21496   jig_test_rtc.o
      1308        134          0          4         67       9255   jig_test_sbus_gimbal.o
      1792        136          0          0       1568     729225   main.o
      4030        206       3024          0       9952      37406   mavlinkprotocol.o
       264         34          0         36          0       3556   ppm.o
       550         32          0          0          0       6293   serialport.o
       866         48          0          8       1080       8243   ssd1306.o
         0          0      11780         32          0       1235   ssd1306_fonts.o
        36          8        392          0       1536        852   startup_stm32f405xx.o
       212         36          0          9          0       9533   stm32f4xx_hal.o
      1704          0          0          0          0      11468   stm32f4xx_hal_can.o
       372         28          0          0          0      35341   stm32f4xx_hal_cortex.o
      1546         16          8          0          0       7959   stm32f4xx_hal_dma.o
       920         86          0          0          0       4422   stm32f4xx_hal_gpio.o
      2060         40          0          0          0       9675   stm32f4xx_hal_i2c.o
      2372        202          0          0          0       6841   stm32f4xx_hal_msp.o
      1820         84          0          0          0       5740   stm32f4xx_hal_rcc.o
       416         20          0          0          0       1440   stm32f4xx_hal_rcc_ex.o
      2370        142          0          0          0      17325   stm32f4xx_hal_tim.o
       184         30          0          0          0       2565   stm32f4xx_hal_tim_ex.o
      2402         44          0          0          0      16712   stm32f4xx_hal_uart.o
       322        108          0          0          0      13745   stm32f4xx_it.o
       970         20          0          0          0      36967   stm32f4xx_ll_rtc.o
        20          6         24          4          0       1183   system_stm32f4xx.o
       120         26          0          0       1024       4995   timeout.o

    ----------------------------------------------------------------------
     59270       9526      21504       3808      21560    1232304   Object Totals
         0          0         32          0          0          0   (incl. Generated)
        52          0         17          7          3          0   (incl. Padding)

    ----------------------------------------------------------------------

      Code (inc. data)   RO Data    RW Data    ZI Data      Debug   Library Member Name

       122          0          0          0          0        148   sqrt.o
        86          0          0          0          0          0   __dczerorl2.o
         0          0          0          0          0          0   entry.o
         0          0          0          0          0          0   entry10a.o
         0          0          0          0          0          0   entry11a.o
         8          4          0          0          0          0   entry2.o
         4          0          0          0          0          0   entry5.o
         0          0          0          0          0          0   entry7b.o
         0          0          0          0          0          0   entry8b.o
         8          4          0          0          0          0   entry9a.o
        12          6          0          4          0         68   errno.o
        18          0          0          0          0         80   fputc.o
        30          0          0          0          0          0   handlers.o
        36          8          0          0          0         68   init.o
         0          0          0          0          0          0   iusefp.o
         0          0          0          0          0          0   iusesemip.o
        30          0          0          0          0         68   llshl.o
        36          0          0          0          0         68   llsshr.o
        32          0          0          0          0         68   llushr.o
       188         20          0          0          0        160   malloc.o
        26          0          0          0          0         80   memcmp.o
        36          0          0          0          0         68   memcpya.o
        36          0          0          0          0        108   memseta.o
         0          0          0          8          0          0   mvars.o
      2308         96          0          0          0        604   printfa.o
         0          0          0          0          0          0   semi.o
         0          0          0          4          0          0   stdout.o
        24          0          0          0          0         68   strcat.o
        18          0          0          0          0         68   strcpy.o
        14          0          0          0          0         68   strlen.o
        44          0          0          0          0         80   uidiv.o
        98          0          0          0          0         92   uldiv.o
        48          0          0          0          0         68   cdcmple.o
        48          0          0          0          0         68   cdrcmple.o
        56          0          0          0          0         88   d2f.o
       334          0          0          0          0        148   dadd.o
       222          0          0          0          0        100   ddiv.o
       186          0          0          0          0        176   depilogue.o
        48          0          0          0          0         68   dfixul.o
        34          0          0          0          0         76   dflti.o
       228          0          0          0          0         96   dmul.o
       162          0          0          0          0        100   dsqrt.o
        38          0          0          0          0         68   f2d.o
       110          0          0          0          0        168   fepilogue.o

    ----------------------------------------------------------------------
      4730        138          0         16          0       3188   Library Totals
         2          0          0          0          0          0   (incl. Padding)

    ----------------------------------------------------------------------

      Code (inc. data)   RO Data    RW Data    ZI Data      Debug   Library Name

       122          0          0          0          0        148   m_wm.l
      3092        138          0         16          0       1816   mc_w.l
      1514          0          0          0          0       1224   mf_w.l

    ----------------------------------------------------------------------
      4730        138          0         16          0       3188   Library Totals

    ----------------------------------------------------------------------

==============================================================================


      Code (inc. data)   RO Data    RW Data    ZI Data      Debug   

     64000       9664      21504       3824      21560    1193812   Grand Totals
     64000       9664      21504       1144      21560    1193812   ELF Image Totals (compressed)
     64000       9664      21504       1144          0          0   ROM Totals

==============================================================================

    Total RO  Size (Code + RO Data)                85504 (  83.50kB)
    Total RW  Size (RW Data + ZI Data)             25384 (  24.79kB)
    Total ROM Size (Code + RO Data + RW Data)      86648 (  84.62kB)

==============================================================================

