<html>
<body>
<pre>
<h1>µVision Build Log</h1>
<h2>Tool Versions:</h2>
IDE-Version: µVision V5.36.0.0
Copyright (C) 2021 ARM Ltd and ARM Germany GmbH. All rights reserved.
License Information: kinh nguyen, ACM, LIC=14HV2-9F7M2-TG07T-RHKHK-UCXLQ-YTJ00
 
Tool Versions:
Toolchain:       MDK-ARM Plus  Version: 5.36.0.0
Toolchain Path:  C:\Keil_v5\ARM\ARMCC\Bin
C Compiler:      Armcc.exe V5.06 update 7 (build 960)
Assembler:       Armasm.exe V5.06 update 7 (build 960)
Linker/Locator:  ArmLink.exe V5.06 update 7 (build 960)
Library Manager: ArmAr.exe V5.06 update 7 (build 960)
Hex Converter:   FromElf.exe V5.06 update 7 (build 960)
CPU DLL:         SARMCM3.DLL V5.36.0.0
Dialog DLL:      DCM.DLL V1.17.3.0
Target DLL:      STLink\ST-LINKIII-KEIL_SWO.dll V3.0.9.0
Dialog DLL:      TCM.DLL V1.53.0.0
 
<h2>Project:</h2>
D:\Gremsy\firmware\github\JIG_stm32Gimbal\GREMSY_GIMBAL_JIG_TEST_FULL_v200\MDK-ARM\GREMSY_GIMBAL_JIG_TEST_FULL_v200.uvprojx
Project File Date:  11/18/2021

<h2>Output:</h2>
*** Using Compiler 'V5.06 update 7 (build 960)', folder: 'C:\Keil_v5\ARM\ARMCC\Bin'
Build target 'GREMSY_GIMBAL_JIG_TEST_FULL_v200'
compiling JIG_TEST_gimbal_FSTD_v2.c...
..\JIG_TEST\Src\JIG_TEST_gimbal_FSTD_v2.c(1264): warning:  #550-D: variable "getValue"  was set but never used
      static bool getValue = false;
..\JIG_TEST\Src\JIG_TEST_gimbal_FSTD_v2.c(3295): warning:  #177-D: variable "buff"  was declared but never referenced
              char buff[100];
..\JIG_TEST\Src\JIG_TEST_gimbal_FSTD_v2.c(857): warning:  #177-D: function "JIG_TEST_gimbal_FSTD_v2_request_param_profile_ship"  was declared but never referenced
  static bool JIG_TEST_gimbal_FSTD_v2_request_param_profile_ship(JIG_TEST_mavlink_gimbal_t *gimbal_channel)
..\JIG_TEST\Src\JIG_TEST_gimbal_FSTD_v2.c(1669): warning:  #177-D: function "JIG_TEST_gimbal_FSTD_v2_get_cloudData_login"  was declared but never referenced
  static bool JIG_TEST_gimbal_FSTD_v2_get_cloudData_login(void)
..\JIG_TEST\Src\JIG_TEST_gimbal_FSTD_v2.c(1677): warning:  #177-D: function "JIG_TEST_gimbal_FSTD_v2_get_cloudData_scan_barCode"  was declared but never referenced
  static bool JIG_TEST_gimbal_FSTD_v2_get_cloudData_scan_barCode(void)
..\JIG_TEST\Src\JIG_TEST_gimbal_FSTD_v2.c(1685): warning:  #177-D: function "JIG_TEST_gimbal_FSTD_v2_get_cloudData_start"  was declared but never referenced
  static bool JIG_TEST_gimbal_FSTD_v2_get_cloudData_start(void)
..\JIG_TEST\Src\JIG_TEST_gimbal_FSTD_v2.c(1693): warning:  #177-D: function "JIG_TEST_gimbal_FSTD_v2_get_cloudData_heartbeatReady"  was declared but never referenced
  static bool JIG_TEST_gimbal_FSTD_v2_get_cloudData_heartbeatReady(void)
..\JIG_TEST\Src\JIG_TEST_gimbal_FSTD_v2.c(1735): warning:  #177-D: function "JIG_TEST_gimbal_FSTD_v2_get_reset_system"  was declared but never referenced
  static bool JIG_TEST_gimbal_FSTD_v2_get_reset_system(void)
..\JIG_TEST\Src\JIG_TEST_gimbal_FSTD_v2.c(3527): warning:  #177-D: function "JIG_TEST_gimbal_FSTD_back_to_scan_new_barCode"  was declared but never referenced
  static void JIG_TEST_gimbal_FSTD_back_to_scan_new_barCode(void)
..\JIG_TEST\Src\JIG_TEST_gimbal_FSTD_v2.c: 9 warnings, 0 errors
linking...
Program Size: Code=54980 RO-data=21348 RW-data=3984 ZI-data=21304  
FromELF: creating hex file...
"GREMSY_GIMBAL_JIG_TEST_FULL_v200\GREMSY_GIMBAL_JIG_TEST_FSTD_ESP32_v201.axf" - 0 Error(s), 9 Warning(s).

<h2>Software Packages used:</h2>

Package Vendor: ARM
                http://www.keil.com/pack/ARM.CMSIS.5.8.0.pack
                ARM.CMSIS.5.8.0
                CMSIS (Common Microcontroller Software Interface Standard)
   * Component: CORE Version: 5.5.0

Package Vendor: Keil
                http://www.keil.com/pack/Keil.STM32F4xx_DFP.2.7.0.pack
                Keil.STM32F4xx_DFP.2.7.0
                STMicroelectronics STM32F4 Series Device Support, Drivers and Examples

<h2>Collection of Component include folders:</h2>
  .\RTE\_GREMSY_GIMBAL_JIG_TEST_FULL_v200
  C:\Users\Gremsy-KinhNguyen\AppData\Local\Arm\Packs\ARM\CMSIS\5.8.0\CMSIS\Core\Include
  C:\Users\Gremsy-KinhNguyen\AppData\Local\Arm\Packs\Keil\STM32F4xx_DFP\2.7.0\Drivers\CMSIS\Device\ST\STM32F4xx\Include

<h2>Collection of Component Files used:</h2>

   * Component: ARM::CMSIS:CORE:5.5.0
      Include file:  CMSIS\Core\Include\tz_context.h
Build Time Elapsed:  00:00:04
</pre>
</body>
</html>
